[{
	"resource": "/Users/shashank/Documents/Code/Antigravity/Google Antingravity/munitax---dublin-municipality-tax-calculator/backend/extraction-service/src/test/java/com/munitax/extraction/controller/ExtractionControllerTest.java",
	"owner": "_generated_diagnostic_collection_name_#6",
	"code": "67108964",
	"severity": 8,
	"message": "The method setProgress(int) is undefined for the type ExtractionDto.ExtractionUpdate",
	"source": "Java",
	"startLineNumber": 33,
	"startColumn": 16,
	"endLineNumber": 33,
	"endColumn": 27,
	"origin": "extHost1"
},{
	"resource": "/Users/shashank/Documents/Code/Antigravity/Google Antingravity/munitax---dublin-municipality-tax-calculator/backend/extraction-service/src/test/java/com/munitax/extraction/controller/ExtractionControllerTest.java",
	"owner": "_generated_diagnostic_collection_name_#6",
	"code": "67108964",
	"severity": 8,
	"message": "The method setMessage(String) is undefined for the type ExtractionDto.ExtractionUpdate",
	"source": "Java",
	"startLineNumber": 34,
	"startColumn": 16,
	"endLineNumber": 34,
	"endColumn": 26,
	"origin": "extHost1"
},{
	"resource": "/Users/shashank/Documents/Code/Antigravity/Google Antingravity/munitax---dublin-municipality-tax-calculator/backend/extraction-service/src/test/java/com/munitax/extraction/controller/ExtractionControllerTest.java",
	"owner": "_generated_diagnostic_collection_name_#6",
	"code": "67108964",
	"severity": 8,
	"message": "The method setProgress(int) is undefined for the type ExtractionDto.ExtractionUpdate",
	"source": "Java",
	"startLineNumber": 55,
	"startColumn": 16,
	"endLineNumber": 55,
	"endColumn": 27,
	"origin": "extHost1"
},{
	"resource": "/Users/shashank/Documents/Code/Antigravity/Google Antingravity/munitax---dublin-municipality-tax-calculator/backend/submission-service/src/test/java/com/munitax/submission/controller/SubmissionControllerTest.java",
	"owner": "_generated_diagnostic_collection_name_#6",
	"code": "67108964",
	"severity": 8,
	"message": "The method setFormType(String) is undefined for the type Submission",
	"source": "Java",
	"startLineNumber": 47,
	"startColumn": 24,
	"endLineNumber": 47,
	"endColumn": 35,
	"origin": "extHost1"
},{
	"resource": "/Users/shashank/Documents/Code/Antigravity/Google Antingravity/munitax---dublin-municipality-tax-calculator/backend/submission-service/src/test/java/com/munitax/submission/controller/SubmissionControllerTest.java",
	"owner": "_generated_diagnostic_collection_name_#6",
	"code": "67108964",
	"severity": 8,
	"message": "The method setFormType(String) is undefined for the type Submission",
	"source": "Java",
	"startLineNumber": 60,
	"startColumn": 23,
	"endLineNumber": 60,
	"endColumn": 34,
	"origin": "extHost1"
},{
	"resource": "/Users/shashank/Documents/Code/Antigravity/Google Antingravity/munitax---dublin-municipality-tax-calculator/backend/submission-service/src/test/java/com/munitax/submission/controller/SubmissionControllerTest.java",
	"owner": "_generated_diagnostic_collection_name_#6",
	"code": "16778128",
	"severity": 4,
	"message": "Null type safety: The expression of type 'Submission' needs unchecked conversion to conform to '@NonNull Submission'",
	"source": "Java",
	"startLineNumber": 100,
	"startColumn": 40,
	"endLineNumber": 100,
	"endColumn": 61,
	"origin": "extHost1"
},{
	"resource": "/Users/shashank/Documents/Code/Antigravity/Google Antingravity/munitax---dublin-municipality-tax-calculator/backend/submission-service/src/test/java/com/munitax/submission/controller/SubmissionControllerTest.java",
	"owner": "_generated_diagnostic_collection_name_#6",
	"code": "16778128",
	"severity": 4,
	"message": "Null type safety: The expression of type 'Submission' needs unchecked conversion to conform to '@NonNull Submission'",
	"source": "Java",
	"startLineNumber": 117,
	"startColumn": 40,
	"endLineNumber": 117,
	"endColumn": 61,
	"origin": "extHost1"
},{
	"resource": "/Users/shashank/Documents/Code/Antigravity/Google Antingravity/munitax---dublin-municipality-tax-calculator/backend/submission-service/src/test/java/com/munitax/submission/controller/SubmissionControllerTest.java",
	"owner": "_generated_diagnostic_collection_name_#6",
	"code": "16778128",
	"severity": 4,
	"message": "Null type safety: The expression of type 'MediaType' needs unchecked conversion to conform to '@NonNull MediaType'",
	"source": "Java",
	"startLineNumber": 121,
	"startColumn": 30,
	"endLineNumber": 121,
	"endColumn": 56,
	"origin": "extHost1"
},{
	"resource": "/Users/shashank/Documents/Code/Antigravity/Google Antingravity/munitax---dublin-municipality-tax-calculator/backend/submission-service/src/test/java/com/munitax/submission/controller/SubmissionControllerTest.java",
	"owner": "_generated_diagnostic_collection_name_#6",
	"code": "16778128",
	"severity": 4,
	"message": "Null type safety: The expression of type 'MediaType' needs unchecked conversion to conform to '@NonNull MediaType'",
	"source": "Java",
	"startLineNumber": 143,
	"startColumn": 30,
	"endLineNumber": 143,
	"endColumn": 56,
	"origin": "extHost1"
},{
	"resource": "/Users/shashank/Documents/Code/Antigravity/Google Antingravity/munitax---dublin-municipality-tax-calculator/backend/tax-engine-service/src/test/java/com/munitax/taxengine/integration/ScheduleXIntegrationTest.java",
	"owner": "_generated_diagnostic_collection_name_#6",
	"code": "268435846",
	"severity": 8,
	"message": "The import com.munitax.taxengine.model.BusinessScheduleXDetails cannot be resolved",
	"source": "Java",
	"startLineNumber": 3,
	"startColumn": 8,
	"endLineNumber": 3,
	"endColumn": 60,
	"origin": "extHost1"
},{
	"resource": "/Users/shashank/Documents/Code/Antigravity/Google Antingravity/munitax---dublin-municipality-tax-calculator/backend/tax-engine-service/src/test/java/com/munitax/taxengine/integration/ScheduleXIntegrationTest.java",
	"owner": "_generated_diagnostic_collection_name_#6",
	"code": "268435846",
	"severity": 8,
	"message": "The import com.munitax.taxengine.model.BusinessScheduleXDetails cannot be resolved",
	"source": "Java",
	"startLineNumber": 4,
	"startColumn": 8,
	"endLineNumber": 4,
	"endColumn": 60,
	"origin": "extHost1"
},{
	"resource": "/Users/shashank/Documents/Code/Antigravity/Google Antingravity/munitax---dublin-municipality-tax-calculator/backend/tax-engine-service/src/test/java/com/munitax/taxengine/integration/ScheduleXIntegrationTest.java",
	"owner": "_generated_diagnostic_collection_name_#6",
	"code": "268435846",
	"severity": 8,
	"message": "The import com.munitax.taxengine.model.BusinessScheduleXDetails cannot be resolved",
	"source": "Java",
	"startLineNumber": 5,
	"startColumn": 8,
	"endLineNumber": 5,
	"endColumn": 60,
	"origin": "extHost1"
},{
	"resource": "/Users/shashank/Documents/Code/Antigravity/Google Antingravity/munitax---dublin-municipality-tax-calculator/backend/tax-engine-service/src/test/java/com/munitax/taxengine/integration/ScheduleXIntegrationTest.java",
	"owner": "_generated_diagnostic_collection_name_#6",
	"code": "16777218",
	"severity": 8,
	"message": "BusinessScheduleXDetails cannot be resolved to a type",
	"source": "Java",
	"startLineNumber": 52,
	"startColumn": 9,
	"endLineNumber": 52,
	"endColumn": 33,
	"origin": "extHost1"
},{
	"resource": "/Users/shashank/Documents/Code/Antigravity/Google Antingravity/munitax---dublin-municipality-tax-calculator/backend/tax-engine-service/src/test/java/com/munitax/taxengine/integration/ScheduleXIntegrationTest.java",
	"owner": "_generated_diagnostic_collection_name_#6",
	"code": "16777218",
	"severity": 8,
	"message": "BusinessScheduleXDetails cannot be resolved to a type",
	"source": "Java",
	"startLineNumber": 52,
	"startColumn": 50,
	"endLineNumber": 52,
	"endColumn": 74,
	"origin": "extHost1"
},{
	"resource": "/Users/shashank/Documents/Code/Antigravity/Google Antingravity/munitax---dublin-municipality-tax-calculator/backend/tax-engine-service/src/test/java/com/munitax/taxengine/integration/ScheduleXIntegrationTest.java",
	"owner": "_generated_diagnostic_collection_name_#6",
	"code": "16777218",
	"severity": 8,
	"message": "AddBacks cannot be resolved to a type",
	"source": "Java",
	"startLineNumber": 56,
	"startColumn": 9,
	"endLineNumber": 56,
	"endColumn": 17,
	"origin": "extHost1"
},{
	"resource": "/Users/shashank/Documents/Code/Antigravity/Google Antingravity/munitax---dublin-municipality-tax-calculator/backend/tax-engine-service/src/test/java/com/munitax/taxengine/integration/ScheduleXIntegrationTest.java",
	"owner": "_generated_diagnostic_collection_name_#6",
	"code": "16777218",
	"severity": 8,
	"message": "AddBacks cannot be resolved to a type",
	"source": "Java",
	"startLineNumber": 56,
	"startColumn": 33,
	"endLineNumber": 56,
	"endColumn": 41,
	"origin": "extHost1"
},{
	"resource": "/Users/shashank/Documents/Code/Antigravity/Google Antingravity/munitax---dublin-municipality-tax-calculator/backend/tax-engine-service/src/test/java/com/munitax/taxengine/integration/ScheduleXIntegrationTest.java",
	"owner": "_generated_diagnostic_collection_name_#6",
	"code": "16777218",
	"severity": 8,
	"message": "Deductions cannot be resolved to a type",
	"source": "Java",
	"startLineNumber": 61,
	"startColumn": 9,
	"endLineNumber": 61,
	"endColumn": 19,
	"origin": "extHost1"
},{
	"resource": "/Users/shashank/Documents/Code/Antigravity/Google Antingravity/munitax---dublin-municipality-tax-calculator/backend/tax-engine-service/src/test/java/com/munitax/taxengine/integration/ScheduleXIntegrationTest.java",
	"owner": "_generated_diagnostic_collection_name_#6",
	"code": "16777218",
	"severity": 8,
	"message": "Deductions cannot be resolved to a type",
	"source": "Java",
	"startLineNumber": 61,
	"startColumn": 37,
	"endLineNumber": 61,
	"endColumn": 47,
	"origin": "extHost1"
},{
	"resource": "/Users/shashank/Documents/Code/Antigravity/Google Antingravity/munitax---dublin-municipality-tax-calculator/backend/tax-engine-service/src/test/java/com/munitax/taxengine/integration/ScheduleXIntegrationTest.java",
	"owner": "_generated_diagnostic_collection_name_#6",
	"code": "16777218",
	"severity": 8,
	"message": "BusinessScheduleXDetails cannot be resolved to a type",
	"source": "Java",
	"startLineNumber": 113,
	"startColumn": 9,
	"endLineNumber": 113,
	"endColumn": 33,
	"origin": "extHost1"
},{
	"resource": "/Users/shashank/Documents/Code/Antigravity/Google Antingravity/munitax---dublin-municipality-tax-calculator/backend/tax-engine-service/src/test/java/com/munitax/taxengine/integration/ScheduleXIntegrationTest.java",
	"owner": "_generated_diagnostic_collection_name_#6",
	"code": "16777218",
	"severity": 8,
	"message": "BusinessScheduleXDetails cannot be resolved to a type",
	"source": "Java",
	"startLineNumber": 113,
	"startColumn": 50,
	"endLineNumber": 113,
	"endColumn": 74,
	"origin": "extHost1"
},{
	"resource": "/Users/shashank/Documents/Code/Antigravity/Google Antingravity/munitax---dublin-municipality-tax-calculator/backend/tax-engine-service/src/test/java/com/munitax/taxengine/integration/ScheduleXIntegrationTest.java",
	"owner": "_generated_diagnostic_collection_name_#6",
	"code": "16777218",
	"severity": 8,
	"message": "AddBacks cannot be resolved to a type",
	"source": "Java",
	"startLineNumber": 117,
	"startColumn": 9,
	"endLineNumber": 117,
	"endColumn": 17,
	"origin": "extHost1"
},{
	"resource": "/Users/shashank/Documents/Code/Antigravity/Google Antingravity/munitax---dublin-municipality-tax-calculator/backend/tax-engine-service/src/test/java/com/munitax/taxengine/integration/ScheduleXIntegrationTest.java",
	"owner": "_generated_diagnostic_collection_name_#6",
	"code": "16777218",
	"severity": 8,
	"message": "AddBacks cannot be resolved to a type",
	"source": "Java",
	"startLineNumber": 117,
	"startColumn": 33,
	"endLineNumber": 117,
	"endColumn": 41,
	"origin": "extHost1"
},{
	"resource": "/Users/shashank/Documents/Code/Antigravity/Google Antingravity/munitax---dublin-municipality-tax-calculator/backend/tax-engine-service/src/test/java/com/munitax/taxengine/integration/ScheduleXIntegrationTest.java",
	"owner": "_generated_diagnostic_collection_name_#6",
	"code": "16777218",
	"severity": 8,
	"message": "Deductions cannot be resolved to a type",
	"source": "Java",
	"startLineNumber": 122,
	"startColumn": 9,
	"endLineNumber": 122,
	"endColumn": 19,
	"origin": "extHost1"
},{
	"resource": "/Users/shashank/Documents/Code/Antigravity/Google Antingravity/munitax---dublin-municipality-tax-calculator/backend/tax-engine-service/src/test/java/com/munitax/taxengine/integration/ScheduleXIntegrationTest.java",
	"owner": "_generated_diagnostic_collection_name_#6",
	"code": "16777218",
	"severity": 8,
	"message": "Deductions cannot be resolved to a type",
	"source": "Java",
	"startLineNumber": 122,
	"startColumn": 37,
	"endLineNumber": 122,
	"endColumn": 47,
	"origin": "extHost1"
},{
	"resource": "/Users/shashank/Documents/Code/Antigravity/Google Antingravity/munitax---dublin-municipality-tax-calculator/backend/tax-engine-service/src/test/java/com/munitax/taxengine/integration/ScheduleXIntegrationTest.java",
	"owner": "_generated_diagnostic_collection_name_#6",
	"code": "16777218",
	"severity": 8,
	"message": "BusinessScheduleXDetails cannot be resolved to a type",
	"source": "Java",
	"startLineNumber": 170,
	"startColumn": 9,
	"endLineNumber": 170,
	"endColumn": 33,
	"origin": "extHost1"
},{
	"resource": "/Users/shashank/Documents/Code/Antigravity/Google Antingravity/munitax---dublin-municipality-tax-calculator/backend/tax-engine-service/src/test/java/com/munitax/taxengine/integration/ScheduleXIntegrationTest.java",
	"owner": "_generated_diagnostic_collection_name_#6",
	"code": "16777218",
	"severity": 8,
	"message": "BusinessScheduleXDetails cannot be resolved to a type",
	"source": "Java",
	"startLineNumber": 170,
	"startColumn": 50,
	"endLineNumber": 170,
	"endColumn": 74,
	"origin": "extHost1"
},{
	"resource": "/Users/shashank/Documents/Code/Antigravity/Google Antingravity/munitax---dublin-municipality-tax-calculator/backend/tax-engine-service/src/test/java/com/munitax/taxengine/integration/ScheduleXIntegrationTest.java",
	"owner": "_generated_diagnostic_collection_name_#6",
	"code": "16777218",
	"severity": 8,
	"message": "AddBacks cannot be resolved to a type",
	"source": "Java",
	"startLineNumber": 174,
	"startColumn": 9,
	"endLineNumber": 174,
	"endColumn": 17,
	"origin": "extHost1"
},{
	"resource": "/Users/shashank/Documents/Code/Antigravity/Google Antingravity/munitax---dublin-municipality-tax-calculator/backend/tax-engine-service/src/test/java/com/munitax/taxengine/integration/ScheduleXIntegrationTest.java",
	"owner": "_generated_diagnostic_collection_name_#6",
	"code": "16777218",
	"severity": 8,
	"message": "AddBacks cannot be resolved to a type",
	"source": "Java",
	"startLineNumber": 174,
	"startColumn": 33,
	"endLineNumber": 174,
	"endColumn": 41,
	"origin": "extHost1"
},{
	"resource": "/Users/shashank/Documents/Code/Antigravity/Google Antingravity/munitax---dublin-municipality-tax-calculator/backend/tax-engine-service/src/test/java/com/munitax/taxengine/integration/ScheduleXIntegrationTest.java",
	"owner": "_generated_diagnostic_collection_name_#6",
	"code": "16777218",
	"severity": 8,
	"message": "Deductions cannot be resolved to a type",
	"source": "Java",
	"startLineNumber": 177,
	"startColumn": 9,
	"endLineNumber": 177,
	"endColumn": 19,
	"origin": "extHost1"
},{
	"resource": "/Users/shashank/Documents/Code/Antigravity/Google Antingravity/munitax---dublin-municipality-tax-calculator/backend/tax-engine-service/src/test/java/com/munitax/taxengine/integration/ScheduleXIntegrationTest.java",
	"owner": "_generated_diagnostic_collection_name_#6",
	"code": "16777218",
	"severity": 8,
	"message": "Deductions cannot be resolved to a type",
	"source": "Java",
	"startLineNumber": 177,
	"startColumn": 37,
	"endLineNumber": 177,
	"endColumn": 47,
	"origin": "extHost1"
},{
	"resource": "/Users/shashank/Documents/Code/Antigravity/Google Antingravity/munitax---dublin-municipality-tax-calculator/backend/tax-engine-service/src/test/java/com/munitax/taxengine/integration/ScheduleXIntegrationTest.java",
	"owner": "_generated_diagnostic_collection_name_#6",
	"code": "16777218",
	"severity": 8,
	"message": "BusinessScheduleXDetails cannot be resolved to a type",
	"source": "Java",
	"startLineNumber": 224,
	"startColumn": 9,
	"endLineNumber": 224,
	"endColumn": 33,
	"origin": "extHost1"
},{
	"resource": "/Users/shashank/Documents/Code/Antigravity/Google Antingravity/munitax---dublin-municipality-tax-calculator/backend/tax-engine-service/src/test/java/com/munitax/taxengine/integration/ScheduleXIntegrationTest.java",
	"owner": "_generated_diagnostic_collection_name_#6",
	"code": "16777218",
	"severity": 8,
	"message": "BusinessScheduleXDetails cannot be resolved to a type",
	"source": "Java",
	"startLineNumber": 224,
	"startColumn": 50,
	"endLineNumber": 224,
	"endColumn": 74,
	"origin": "extHost1"
},{
	"resource": "/Users/shashank/Documents/Code/Antigravity/Google Antingravity/munitax---dublin-municipality-tax-calculator/backend/tax-engine-service/src/test/java/com/munitax/taxengine/integration/ScheduleXIntegrationTest.java",
	"owner": "_generated_diagnostic_collection_name_#6",
	"code": "16777218",
	"severity": 8,
	"message": "AddBacks cannot be resolved to a type",
	"source": "Java",
	"startLineNumber": 226,
	"startColumn": 35,
	"endLineNumber": 226,
	"endColumn": 43,
	"origin": "extHost1"
},{
	"resource": "/Users/shashank/Documents/Code/Antigravity/Google Antingravity/munitax---dublin-municipality-tax-calculator/backend/tax-engine-service/src/test/java/com/munitax/taxengine/integration/ScheduleXIntegrationTest.java",
	"owner": "_generated_diagnostic_collection_name_#6",
	"code": "16777218",
	"severity": 8,
	"message": "Deductions cannot be resolved to a type",
	"source": "Java",
	"startLineNumber": 227,
	"startColumn": 37,
	"endLineNumber": 227,
	"endColumn": 47,
	"origin": "extHost1"
},{
	"resource": "/Users/shashank/Documents/Code/Antigravity/Google Antingravity/munitax---dublin-municipality-tax-calculator/backend/tax-engine-service/src/test/java/com/munitax/taxengine/service/ApportionmentServiceTest.java",
	"owner": "_generated_diagnostic_collection_name_#6",
	"code": "67109219",
	"severity": 8,
	"message": "Duplicate method testCalculateApportionmentSingleSalesFactor() in type ApportionmentServiceTest",
	"source": "Java",
	"startLineNumber": 117,
	"startColumn": 10,
	"endLineNumber": 117,
	"endColumn": 55,
	"origin": "extHost1"
},{
	"resource": "/Users/shashank/Documents/Code/Antigravity/Google Antingravity/munitax---dublin-municipality-tax-calculator/backend/tax-engine-service/src/test/java/com/munitax/taxengine/service/ApportionmentServiceTest.java",
	"owner": "_generated_diagnostic_collection_name_#6",
	"code": "67109219",
	"severity": 8,
	"message": "Duplicate method testCalculateApportionmentSingleSalesFactor() in type ApportionmentServiceTest",
	"source": "Java",
	"startLineNumber": 261,
	"startColumn": 10,
	"endLineNumber": 261,
	"endColumn": 55,
	"origin": "extHost1"
},{
	"resource": "/Users/shashank/Documents/Code/Antigravity/Google Antingravity/munitax---dublin-municipality-tax-calculator/backend/tax-engine-service/src/test/java/com/munitax/taxengine/service/ApportionmentServiceTest.java",
	"owner": "_generated_diagnostic_collection_name_#6",
	"code": "536870973",
	"severity": 4,
	"message": "The value of the local variable payrollFactor is not used",
	"source": "Java",
	"startLineNumber": 148,
	"startColumn": 20,
	"endLineNumber": 148,
	"endColumn": 33,
	"tags": [
		1
	],
	"origin": "extHost1"
},{
	"resource": "/Users/shashank/Documents/Code/Antigravity/Google Antingravity/munitax---dublin-municipality-tax-calculator/backend/tax-engine-service/src/test/java/com/munitax/taxengine/service/ApportionmentServiceTest.java",
	"owner": "_generated_diagnostic_collection_name_#6",
	"code": "536870973",
	"severity": 4,
	"message": "The value of the local variable salesFactor is not used",
	"source": "Java",
	"startLineNumber": 149,
	"startColumn": 20,
	"endLineNumber": 149,
	"endColumn": 31,
	"tags": [
		1
	],
	"origin": "extHost1"
},{
	"resource": "/Users/shashank/Documents/Code/Antigravity/Google Antingravity/munitax---dublin-municipality-tax-calculator/backend/tax-engine-service/src/test/java/com/munitax/taxengine/service/ApportionmentServiceTest.java",
	"owner": "_generated_diagnostic_collection_name_#6",
	"code": "536870973",
	"severity": 4,
	"message": "The value of the local variable weights is not used",
	"source": "Java",
	"startLineNumber": 241,
	"startColumn": 33,
	"endLineNumber": 241,
	"endColumn": 40,
	"tags": [
		1
	],
	"origin": "extHost1"
},{
	"resource": "/Users/shashank/Documents/Code/Antigravity/Google Antingravity/munitax---dublin-municipality-tax-calculator/backend/tax-engine-service/src/test/java/com/munitax/taxengine/service/BusinessScheduleXServiceTest.java",
	"owner": "_generated_diagnostic_collection_name_#6",
	"code": "268435846",
	"severity": 8,
	"message": "The import com.munitax.taxengine.model.BusinessScheduleXDetails cannot be resolved",
	"source": "Java",
	"startLineNumber": 3,
	"startColumn": 8,
	"endLineNumber": 3,
	"endColumn": 60,
	"origin": "extHost1"
},{
	"resource": "/Users/shashank/Documents/Code/Antigravity/Google Antingravity/munitax---dublin-municipality-tax-calculator/backend/tax-engine-service/src/test/java/com/munitax/taxengine/service/BusinessScheduleXServiceTest.java",
	"owner": "_generated_diagnostic_collection_name_#6",
	"code": "268435846",
	"severity": 8,
	"message": "The import com.munitax.taxengine.model.BusinessScheduleXDetails cannot be resolved",
	"source": "Java",
	"startLineNumber": 4,
	"startColumn": 8,
	"endLineNumber": 4,
	"endColumn": 60,
	"origin": "extHost1"
},{
	"resource": "/Users/shashank/Documents/Code/Antigravity/Google Antingravity/munitax---dublin-municipality-tax-calculator/backend/tax-engine-service/src/test/java/com/munitax/taxengine/service/BusinessScheduleXServiceTest.java",
	"owner": "_generated_diagnostic_collection_name_#6",
	"code": "268435846",
	"severity": 8,
	"message": "The import com.munitax.taxengine.model.BusinessScheduleXDetails cannot be resolved",
	"source": "Java",
	"startLineNumber": 5,
	"startColumn": 8,
	"endLineNumber": 5,
	"endColumn": 60,
	"origin": "extHost1"
},{
	"resource": "/Users/shashank/Documents/Code/Antigravity/Google Antingravity/munitax---dublin-municipality-tax-calculator/backend/tax-engine-service/src/test/java/com/munitax/taxengine/service/BusinessScheduleXServiceTest.java",
	"owner": "_generated_diagnostic_collection_name_#6",
	"code": "67108979",
	"severity": 8,
	"message": "The method isOldFormat(JsonNode) in the type BusinessScheduleXService is not applicable for the arguments (String)",
	"source": "Java",
	"startLineNumber": 55,
	"startColumn": 56,
	"endLineNumber": 55,
	"endColumn": 67,
	"origin": "extHost1"
},{
	"resource": "/Users/shashank/Documents/Code/Antigravity/Google Antingravity/munitax---dublin-municipality-tax-calculator/backend/tax-engine-service/src/test/java/com/munitax/taxengine/service/BusinessScheduleXServiceTest.java",
	"owner": "_generated_diagnostic_collection_name_#6",
	"code": "16777218",
	"severity": 8,
	"message": "BusinessScheduleXDetails cannot be resolved to a type",
	"source": "Java",
	"startLineNumber": 76,
	"startColumn": 9,
	"endLineNumber": 76,
	"endColumn": 33,
	"origin": "extHost1"
},{
	"resource": "/Users/shashank/Documents/Code/Antigravity/Google Antingravity/munitax---dublin-municipality-tax-calculator/backend/tax-engine-service/src/test/java/com/munitax/taxengine/service/BusinessScheduleXServiceTest.java",
	"owner": "_generated_diagnostic_collection_name_#6",
	"code": "16777218",
	"severity": 8,
	"message": "BusinessScheduleXDetails cannot be resolved to a type",
	"source": "Java",
	"startLineNumber": 76,
	"startColumn": 53,
	"endLineNumber": 76,
	"endColumn": 77,
	"origin": "extHost1"
},{
	"resource": "/Users/shashank/Documents/Code/Antigravity/Google Antingravity/munitax---dublin-municipality-tax-calculator/backend/tax-engine-service/src/test/java/com/munitax/taxengine/service/BusinessScheduleXServiceTest.java",
	"owner": "_generated_diagnostic_collection_name_#6",
	"code": "16777218",
	"severity": 8,
	"message": "AddBacks cannot be resolved to a type",
	"source": "Java",
	"startLineNumber": 81,
	"startColumn": 9,
	"endLineNumber": 81,
	"endColumn": 17,
	"origin": "extHost1"
},{
	"resource": "/Users/shashank/Documents/Code/Antigravity/Google Antingravity/munitax---dublin-municipality-tax-calculator/backend/tax-engine-service/src/test/java/com/munitax/taxengine/service/BusinessScheduleXServiceTest.java",
	"owner": "_generated_diagnostic_collection_name_#6",
	"code": "16777218",
	"severity": 8,
	"message": "AddBacks cannot be resolved to a type",
	"source": "Java",
	"startLineNumber": 81,
	"startColumn": 36,
	"endLineNumber": 81,
	"endColumn": 44,
	"origin": "extHost1"
},{
	"resource": "/Users/shashank/Documents/Code/Antigravity/Google Antingravity/munitax---dublin-municipality-tax-calculator/backend/tax-engine-service/src/test/java/com/munitax/taxengine/service/BusinessScheduleXServiceTest.java",
	"owner": "_generated_diagnostic_collection_name_#6",
	"code": "16777218",
	"severity": 8,
	"message": "Deductions cannot be resolved to a type",
	"source": "Java",
	"startLineNumber": 85,
	"startColumn": 9,
	"endLineNumber": 85,
	"endColumn": 19,
	"origin": "extHost1"
},{
	"resource": "/Users/shashank/Documents/Code/Antigravity/Google Antingravity/munitax---dublin-municipality-tax-calculator/backend/tax-engine-service/src/test/java/com/munitax/taxengine/service/BusinessScheduleXServiceTest.java",
	"owner": "_generated_diagnostic_collection_name_#6",
	"code": "16777218",
	"severity": 8,
	"message": "Deductions cannot be resolved to a type",
	"source": "Java",
	"startLineNumber": 85,
	"startColumn": 40,
	"endLineNumber": 85,
	"endColumn": 50,
	"origin": "extHost1"
},{
	"resource": "/Users/shashank/Documents/Code/Antigravity/Google Antingravity/munitax---dublin-municipality-tax-calculator/backend/tax-engine-service/src/test/java/com/munitax/taxengine/service/BusinessScheduleXServiceTest.java",
	"owner": "_generated_diagnostic_collection_name_#6",
	"code": "16777218",
	"severity": 8,
	"message": "BusinessScheduleXDetails cannot be resolved to a type",
	"source": "Java",
	"startLineNumber": 92,
	"startColumn": 9,
	"endLineNumber": 92,
	"endColumn": 33,
	"origin": "extHost1"
},{
	"resource": "/Users/shashank/Documents/Code/Antigravity/Google Antingravity/munitax---dublin-municipality-tax-calculator/backend/tax-engine-service/src/test/java/com/munitax/taxengine/service/BusinessScheduleXServiceTest.java",
	"owner": "_generated_diagnostic_collection_name_#6",
	"code": "16777218",
	"severity": 8,
	"message": "BusinessScheduleXDetails cannot be resolved to a type",
	"source": "Java",
	"startLineNumber": 142,
	"startColumn": 9,
	"endLineNumber": 142,
	"endColumn": 33,
	"origin": "extHost1"
},{
	"resource": "/Users/shashank/Documents/Code/Antigravity/Google Antingravity/munitax---dublin-municipality-tax-calculator/backend/tax-engine-service/src/test/java/com/munitax/taxengine/service/BusinessScheduleXServiceTest.java",
	"owner": "_generated_diagnostic_collection_name_#6",
	"code": "67108984",
	"severity": 8,
	"message": "The method createOldFormatScheduleX() from the type BusinessScheduleXServiceTest refers to the missing type BusinessScheduleXDetails",
	"source": "Java",
	"startLineNumber": 142,
	"startColumn": 49,
	"endLineNumber": 142,
	"endColumn": 73,
	"origin": "extHost1"
},{
	"resource": "/Users/shashank/Documents/Code/Antigravity/Google Antingravity/munitax---dublin-municipality-tax-calculator/backend/tax-engine-service/src/test/java/com/munitax/taxengine/service/BusinessScheduleXServiceTest.java",
	"owner": "_generated_diagnostic_collection_name_#6",
	"code": "16777218",
	"severity": 8,
	"message": "BusinessScheduleXDetails cannot be resolved to a type",
	"source": "Java",
	"startLineNumber": 145,
	"startColumn": 9,
	"endLineNumber": 145,
	"endColumn": 33,
	"origin": "extHost1"
},{
	"resource": "/Users/shashank/Documents/Code/Antigravity/Google Antingravity/munitax---dublin-municipality-tax-calculator/backend/tax-engine-service/src/test/java/com/munitax/taxengine/service/BusinessScheduleXServiceTest.java",
	"owner": "_generated_diagnostic_collection_name_#6",
	"code": "16777218",
	"severity": 8,
	"message": "BusinessScheduleXDetails cannot be resolved to a type",
	"source": "Java",
	"startLineNumber": 162,
	"startColumn": 9,
	"endLineNumber": 162,
	"endColumn": 33,
	"origin": "extHost1"
},{
	"resource": "/Users/shashank/Documents/Code/Antigravity/Google Antingravity/munitax---dublin-municipality-tax-calculator/backend/tax-engine-service/src/test/java/com/munitax/taxengine/service/BusinessScheduleXServiceTest.java",
	"owner": "_generated_diagnostic_collection_name_#6",
	"code": "16777218",
	"severity": 8,
	"message": "BusinessScheduleXDetails cannot be resolved to a type",
	"source": "Java",
	"startLineNumber": 162,
	"startColumn": 53,
	"endLineNumber": 162,
	"endColumn": 77,
	"origin": "extHost1"
},{
	"resource": "/Users/shashank/Documents/Code/Antigravity/Google Antingravity/munitax---dublin-municipality-tax-calculator/backend/tax-engine-service/src/test/java/com/munitax/taxengine/service/BusinessScheduleXServiceTest.java",
	"owner": "_generated_diagnostic_collection_name_#6",
	"code": "16777218",
	"severity": 8,
	"message": "AddBacks cannot be resolved to a type",
	"source": "Java",
	"startLineNumber": 165,
	"startColumn": 9,
	"endLineNumber": 165,
	"endColumn": 17,
	"origin": "extHost1"
},{
	"resource": "/Users/shashank/Documents/Code/Antigravity/Google Antingravity/munitax---dublin-municipality-tax-calculator/backend/tax-engine-service/src/test/java/com/munitax/taxengine/service/BusinessScheduleXServiceTest.java",
	"owner": "_generated_diagnostic_collection_name_#6",
	"code": "16777218",
	"severity": 8,
	"message": "AddBacks cannot be resolved to a type",
	"source": "Java",
	"startLineNumber": 165,
	"startColumn": 33,
	"endLineNumber": 165,
	"endColumn": 41,
	"origin": "extHost1"
},{
	"resource": "/Users/shashank/Documents/Code/Antigravity/Google Antingravity/munitax---dublin-municipality-tax-calculator/backend/tax-engine-service/src/test/java/com/munitax/taxengine/service/BusinessScheduleXServiceTest.java",
	"owner": "_generated_diagnostic_collection_name_#6",
	"code": "16777218",
	"severity": 8,
	"message": "Deductions cannot be resolved to a type",
	"source": "Java",
	"startLineNumber": 170,
	"startColumn": 9,
	"endLineNumber": 170,
	"endColumn": 19,
	"origin": "extHost1"
},{
	"resource": "/Users/shashank/Documents/Code/Antigravity/Google Antingravity/munitax---dublin-municipality-tax-calculator/backend/tax-engine-service/src/test/java/com/munitax/taxengine/service/BusinessScheduleXServiceTest.java",
	"owner": "_generated_diagnostic_collection_name_#6",
	"code": "16777218",
	"severity": 8,
	"message": "Deductions cannot be resolved to a type",
	"source": "Java",
	"startLineNumber": 170,
	"startColumn": 37,
	"endLineNumber": 170,
	"endColumn": 47,
	"origin": "extHost1"
},{
	"resource": "/Users/shashank/Documents/Code/Antigravity/Google Antingravity/munitax---dublin-municipality-tax-calculator/backend/tax-engine-service/src/test/java/com/munitax/taxengine/service/BusinessScheduleXServiceTest.java",
	"owner": "_generated_diagnostic_collection_name_#6",
	"code": "67108979",
	"severity": 8,
	"message": "The method isOldFormat(JsonNode) in the type BusinessScheduleXService is not applicable for the arguments (String)",
	"source": "Java",
	"startLineNumber": 177,
	"startColumn": 56,
	"endLineNumber": 177,
	"endColumn": 67,
	"origin": "extHost1"
},{
	"resource": "/Users/shashank/Documents/Code/Antigravity/Google Antingravity/munitax---dublin-municipality-tax-calculator/backend/tax-engine-service/src/test/java/com/munitax/taxengine/service/BusinessScheduleXServiceTest.java",
	"owner": "_generated_diagnostic_collection_name_#6",
	"code": "16777218",
	"severity": 8,
	"message": "BusinessScheduleXDetails cannot be resolved to a type",
	"source": "Java",
	"startLineNumber": 190,
	"startColumn": 13,
	"endLineNumber": 190,
	"endColumn": 37,
	"origin": "extHost1"
},{
	"resource": "/Users/shashank/Documents/Code/Antigravity/Google Antingravity/munitax---dublin-municipality-tax-calculator/backend/tax-engine-service/src/test/java/com/munitax/taxengine/service/BusinessScheduleXServiceTest.java",
	"owner": "_generated_diagnostic_collection_name_#6",
	"code": "16777218",
	"severity": 8,
	"message": "BusinessScheduleXDetails cannot be resolved to a type",
	"source": "Java",
	"startLineNumber": 191,
	"startColumn": 9,
	"endLineNumber": 191,
	"endColumn": 33,
	"origin": "extHost1"
},{
	"resource": "/Users/shashank/Documents/Code/Antigravity/Google Antingravity/munitax---dublin-municipality-tax-calculator/backend/tax-engine-service/src/test/java/com/munitax/taxengine/service/BusinessScheduleXServiceTest.java",
	"owner": "_generated_diagnostic_collection_name_#6",
	"code": "16777218",
	"severity": 8,
	"message": "BusinessScheduleXDetails cannot be resolved to a type",
	"source": "Java",
	"startLineNumber": 191,
	"startColumn": 50,
	"endLineNumber": 191,
	"endColumn": 74,
	"origin": "extHost1"
},{
	"resource": "/Users/shashank/Documents/Code/Antigravity/Google Antingravity/munitax---dublin-municipality-tax-calculator/backend/tax-engine-service/src/test/java/com/munitax/taxengine/service/BusinessScheduleXServiceTest.java",
	"owner": "_generated_diagnostic_collection_name_#6",
	"code": "16777218",
	"severity": 8,
	"message": "AddBacks cannot be resolved to a type",
	"source": "Java",
	"startLineNumber": 195,
	"startColumn": 9,
	"endLineNumber": 195,
	"endColumn": 17,
	"origin": "extHost1"
},{
	"resource": "/Users/shashank/Documents/Code/Antigravity/Google Antingravity/munitax---dublin-municipality-tax-calculator/backend/tax-engine-service/src/test/java/com/munitax/taxengine/service/BusinessScheduleXServiceTest.java",
	"owner": "_generated_diagnostic_collection_name_#6",
	"code": "16777218",
	"severity": 8,
	"message": "AddBacks cannot be resolved to a type",
	"source": "Java",
	"startLineNumber": 195,
	"startColumn": 33,
	"endLineNumber": 195,
	"endColumn": 41,
	"origin": "extHost1"
},{
	"resource": "/Users/shashank/Documents/Code/Antigravity/Google Antingravity/munitax---dublin-municipality-tax-calculator/backend/tax-engine-service/src/test/java/com/munitax/taxengine/service/BusinessScheduleXServiceTest.java",
	"owner": "_generated_diagnostic_collection_name_#6",
	"code": "16777218",
	"severity": 8,
	"message": "Deductions cannot be resolved to a type",
	"source": "Java",
	"startLineNumber": 199,
	"startColumn": 9,
	"endLineNumber": 199,
	"endColumn": 19,
	"origin": "extHost1"
},{
	"resource": "/Users/shashank/Documents/Code/Antigravity/Google Antingravity/munitax---dublin-municipality-tax-calculator/backend/tax-engine-service/src/test/java/com/munitax/taxengine/service/BusinessScheduleXServiceTest.java",
	"owner": "_generated_diagnostic_collection_name_#6",
	"code": "16777218",
	"severity": 8,
	"message": "Deductions cannot be resolved to a type",
	"source": "Java",
	"startLineNumber": 199,
	"startColumn": 37,
	"endLineNumber": 199,
	"endColumn": 47,
	"origin": "extHost1"
},{
	"resource": "/Users/shashank/Documents/Code/Antigravity/Google Antingravity/munitax---dublin-municipality-tax-calculator/backend/tax-engine-service/src/test/java/com/munitax/taxengine/service/PayrollFactorServiceTest.java",
	"owner": "_generated_diagnostic_collection_name_#6",
	"code": "67108964",
	"severity": 8,
	"message": "The method getOhioPayrollForYear(UUID, Integer, UUID) is undefined for the type WithholdingIntegrationService",
	"source": "Java",
	"startLineNumber": 60,
	"startColumn": 44,
	"endLineNumber": 60,
	"endColumn": 65,
	"origin": "extHost1"
},{
	"resource": "/Users/shashank/Documents/Code/Antigravity/Google Antingravity/munitax---dublin-municipality-tax-calculator/backend/tax-engine-service/src/test/java/com/munitax/taxengine/service/PayrollFactorServiceTest.java",
	"owner": "_generated_diagnostic_collection_name_#6",
	"code": "67108964",
	"severity": 8,
	"message": "The method getTotalPayrollForYear(UUID, Integer, UUID) is undefined for the type WithholdingIntegrationService",
	"source": "Java",
	"startLineNumber": 62,
	"startColumn": 44,
	"endLineNumber": 62,
	"endColumn": 66,
	"origin": "extHost1"
},{
	"resource": "/Users/shashank/Documents/Code/Antigravity/Google Antingravity/munitax---dublin-municipality-tax-calculator/backend/tax-engine-service/src/test/java/com/munitax/taxengine/service/PayrollFactorServiceTest.java",
	"owner": "_generated_diagnostic_collection_name_#6",
	"code": "67108964",
	"severity": 8,
	"message": "The method setScheduleYId(UUID) is undefined for the type PayrollFactor",
	"source": "Java",
	"startLineNumber": 167,
	"startColumn": 23,
	"endLineNumber": 167,
	"endColumn": 37,
	"origin": "extHost1"
},{
	"resource": "/Users/shashank/Documents/Code/Antigravity/Google Antingravity/munitax---dublin-municipality-tax-calculator/backend/tax-engine-service/src/test/java/com/munitax/taxengine/service/PayrollFactorServiceTest.java",
	"owner": "_generated_diagnostic_collection_name_#6",
	"code": "67108964",
	"severity": 8,
	"message": "The method setTenantId(UUID) is undefined for the type PayrollFactor",
	"source": "Java",
	"startLineNumber": 168,
	"startColumn": 23,
	"endLineNumber": 168,
	"endColumn": 34,
	"origin": "extHost1"
},{
	"resource": "/Users/shashank/Documents/Code/Antigravity/Google Antingravity/munitax---dublin-municipality-tax-calculator/backend/tax-engine-service/src/test/java/com/munitax/taxengine/service/PayrollFactorServiceTest.java",
	"owner": "_generated_diagnostic_collection_name_#6",
	"code": "67108964",
	"severity": 8,
	"message": "The method setOhioPayroll(BigDecimal) is undefined for the type PayrollFactor",
	"source": "Java",
	"startLineNumber": 169,
	"startColumn": 23,
	"endLineNumber": 169,
	"endColumn": 37,
	"origin": "extHost1"
},{
	"resource": "/Users/shashank/Documents/Code/Antigravity/Google Antingravity/munitax---dublin-municipality-tax-calculator/backend/tax-engine-service/src/test/java/com/munitax/taxengine/service/PayrollFactorServiceTest.java",
	"owner": "_generated_diagnostic_collection_name_#6",
	"code": "67108964",
	"severity": 8,
	"message": "The method setTotalPayroll(BigDecimal) is undefined for the type PayrollFactor",
	"source": "Java",
	"startLineNumber": 170,
	"startColumn": 23,
	"endLineNumber": 170,
	"endColumn": 38,
	"origin": "extHost1"
},{
	"resource": "/Users/shashank/Documents/Code/Antigravity/Google Antingravity/munitax---dublin-municipality-tax-calculator/backend/tax-engine-service/src/test/java/com/munitax/taxengine/service/PayrollFactorServiceTest.java",
	"owner": "_generated_diagnostic_collection_name_#6",
	"code": "67108964",
	"severity": 8,
	"message": "The method getOhioPayrollForYear(UUID, Integer, UUID) is undefined for the type WithholdingIntegrationService",
	"source": "Java",
	"startLineNumber": 206,
	"startColumn": 44,
	"endLineNumber": 206,
	"endColumn": 65,
	"origin": "extHost1"
},{
	"resource": "/Users/shashank/Documents/Code/Antigravity/Google Antingravity/munitax---dublin-municipality-tax-calculator/backend/tax-engine-service/src/test/java/com/munitax/taxengine/service/PayrollFactorServiceTest.java",
	"owner": "_generated_diagnostic_collection_name_#6",
	"code": "67108964",
	"severity": 8,
	"message": "The method getTotalPayrollForYear(UUID, Integer, UUID) is undefined for the type WithholdingIntegrationService",
	"source": "Java",
	"startLineNumber": 208,
	"startColumn": 44,
	"endLineNumber": 208,
	"endColumn": 66,
	"origin": "extHost1"
},{
	"resource": "/Users/shashank/Documents/Code/Antigravity/Google Antingravity/munitax---dublin-municipality-tax-calculator/backend/tax-engine-service/src/test/java/com/munitax/taxengine/service/PayrollFactorServiceTest.java",
	"owner": "_generated_diagnostic_collection_name_#6",
	"code": "67108979",
	"severity": 8,
	"message": "The method autoPopulateFromW1Filings(UUID, Integer, ScheduleY, UUID) in the type PayrollFactorService is not applicable for the arguments (UUID, Integer, UUID, UUID)",
	"source": "Java",
	"startLineNumber": 212,
	"startColumn": 60,
	"endLineNumber": 212,
	"endColumn": 85,
	"origin": "extHost1"
},{
	"resource": "/Users/shashank/Documents/Code/Antigravity/Google Antingravity/munitax---dublin-municipality-tax-calculator/backend/tax-engine-service/src/test/java/com/munitax/taxengine/service/PayrollFactorServiceTest.java",
	"owner": "_generated_diagnostic_collection_name_#6",
	"code": "67108964",
	"severity": 8,
	"message": "The method getOhioPayroll() is undefined for the type PayrollFactor",
	"source": "Java",
	"startLineNumber": 217,
	"startColumn": 63,
	"endLineNumber": 217,
	"endColumn": 77,
	"origin": "extHost1"
},{
	"resource": "/Users/shashank/Documents/Code/Antigravity/Google Antingravity/munitax---dublin-municipality-tax-calculator/backend/tax-engine-service/src/test/java/com/munitax/taxengine/service/PayrollFactorServiceTest.java",
	"owner": "_generated_diagnostic_collection_name_#6",
	"code": "67108964",
	"severity": 8,
	"message": "The method getTotalPayroll() is undefined for the type PayrollFactor",
	"source": "Java",
	"startLineNumber": 218,
	"startColumn": 63,
	"endLineNumber": 218,
	"endColumn": 78,
	"origin": "extHost1"
},{
	"resource": "/Users/shashank/Documents/Code/Antigravity/Google Antingravity/munitax---dublin-municipality-tax-calculator/backend/tax-engine-service/src/test/java/com/munitax/taxengine/service/PayrollFactorServiceTest.java",
	"owner": "_generated_diagnostic_collection_name_#6",
	"code": "67108964",
	"severity": 8,
	"message": "The method getOhioPayrollForYear(UUID, Integer, UUID) is undefined for the type WithholdingIntegrationService",
	"source": "Java",
	"startLineNumber": 221,
	"startColumn": 47,
	"endLineNumber": 221,
	"endColumn": 68,
	"origin": "extHost1"
},{
	"resource": "/Users/shashank/Documents/Code/Antigravity/Google Antingravity/munitax---dublin-municipality-tax-calculator/backend/tax-engine-service/src/test/java/com/munitax/taxengine/service/PayrollFactorServiceTest.java",
	"owner": "_generated_diagnostic_collection_name_#6",
	"code": "67108964",
	"severity": 8,
	"message": "The method getTotalPayrollForYear(UUID, Integer, UUID) is undefined for the type WithholdingIntegrationService",
	"source": "Java",
	"startLineNumber": 222,
	"startColumn": 47,
	"endLineNumber": 222,
	"endColumn": 69,
	"origin": "extHost1"
},{
	"resource": "/Users/shashank/Documents/Code/Antigravity/Google Antingravity/munitax---dublin-municipality-tax-calculator/backend/tax-engine-service/src/test/java/com/munitax/taxengine/service/PropertyFactorServiceTest.java",
	"owner": "_generated_diagnostic_collection_name_#6",
	"code": "67108964",
	"severity": 8,
	"message": "The method setScheduleYId(UUID) is undefined for the type PropertyFactor",
	"source": "Java",
	"startLineNumber": 181,
	"startColumn": 24,
	"endLineNumber": 181,
	"endColumn": 38,
	"origin": "extHost1"
},{
	"resource": "/Users/shashank/Documents/Code/Antigravity/Google Antingravity/munitax---dublin-municipality-tax-calculator/backend/tax-engine-service/src/test/java/com/munitax/taxengine/service/PropertyFactorServiceTest.java",
	"owner": "_generated_diagnostic_collection_name_#6",
	"code": "67108964",
	"severity": 8,
	"message": "The method setTenantId(UUID) is undefined for the type PropertyFactor",
	"source": "Java",
	"startLineNumber": 182,
	"startColumn": 24,
	"endLineNumber": 182,
	"endColumn": 35,
	"origin": "extHost1"
},{
	"resource": "/Users/shashank/Documents/Code/Antigravity/Google Antingravity/munitax---dublin-municipality-tax-calculator/backend/tax-engine-service/src/test/java/com/munitax/taxengine/service/PropertyFactorServiceTest.java",
	"owner": "_generated_diagnostic_collection_name_#6",
	"code": "67108964",
	"severity": 8,
	"message": "The method setOhioOwnedPropertyValue(BigDecimal) is undefined for the type PropertyFactor",
	"source": "Java",
	"startLineNumber": 183,
	"startColumn": 24,
	"endLineNumber": 183,
	"endColumn": 49,
	"origin": "extHost1"
},{
	"resource": "/Users/shashank/Documents/Code/Antigravity/Google Antingravity/munitax---dublin-municipality-tax-calculator/backend/tax-engine-service/src/test/java/com/munitax/taxengine/service/PropertyFactorServiceTest.java",
	"owner": "_generated_diagnostic_collection_name_#6",
	"code": "67108964",
	"severity": 8,
	"message": "The method setTotalOwnedPropertyValue(BigDecimal) is undefined for the type PropertyFactor",
	"source": "Java",
	"startLineNumber": 184,
	"startColumn": 24,
	"endLineNumber": 184,
	"endColumn": 50,
	"origin": "extHost1"
},{
	"resource": "/Users/shashank/Documents/Code/Antigravity/Google Antingravity/munitax---dublin-municipality-tax-calculator/backend/tax-engine-service/src/test/java/com/munitax/taxengine/service/ScheduleXAutoCalculationServiceTest.java",
	"owner": "_generated_diagnostic_collection_name_#6",
	"code": "67108979",
	"severity": 8,
	"message": "The method calculateMealsAddBack(Map<String,Double>) in the type ScheduleXAutoCalculationService is not applicable for the arguments (double)",
	"source": "Java",
	"startLineNumber": 43,
	"startColumn": 54,
	"endLineNumber": 43,
	"endColumn": 75,
	"origin": "extHost1"
},{
	"resource": "/Users/shashank/Documents/Code/Antigravity/Google Antingravity/munitax---dublin-municipality-tax-calculator/backend/tax-engine-service/src/test/java/com/munitax/taxengine/service/ScheduleXAutoCalculationServiceTest.java",
	"owner": "_generated_diagnostic_collection_name_#6",
	"code": "67108979",
	"severity": 8,
	"message": "The method calculateMealsAddBack(Map<String,Double>) in the type ScheduleXAutoCalculationService is not applicable for the arguments (double)",
	"source": "Java",
	"startLineNumber": 62,
	"startColumn": 54,
	"endLineNumber": 62,
	"endColumn": 75,
	"origin": "extHost1"
},{
	"resource": "/Users/shashank/Documents/Code/Antigravity/Google Antingravity/munitax---dublin-municipality-tax-calculator/backend/tax-engine-service/src/test/java/com/munitax/taxengine/service/ScheduleXAutoCalculationServiceTest.java",
	"owner": "_generated_diagnostic_collection_name_#6",
	"code": "67108979",
	"severity": 8,
	"message": "The method calculate5PercentRule(Map<String,Double>) in the type ScheduleXAutoCalculationService is not applicable for the arguments (double, double, double)",
	"source": "Java",
	"startLineNumber": 84,
	"startColumn": 57,
	"endLineNumber": 84,
	"endColumn": 78,
	"origin": "extHost1"
},{
	"resource": "/Users/shashank/Documents/Code/Antigravity/Google Antingravity/munitax---dublin-municipality-tax-calculator/backend/tax-engine-service/src/test/java/com/munitax/taxengine/service/ScheduleXAutoCalculationServiceTest.java",
	"owner": "_generated_diagnostic_collection_name_#6",
	"code": "67108979",
	"severity": 8,
	"message": "The method calculate5PercentRule(Map<String,Double>) in the type ScheduleXAutoCalculationService is not applicable for the arguments (double, double, double)",
	"source": "Java",
	"startLineNumber": 107,
	"startColumn": 57,
	"endLineNumber": 107,
	"endColumn": 78,
	"origin": "extHost1"
},{
	"resource": "/Users/shashank/Documents/Code/Antigravity/Google Antingravity/munitax---dublin-municipality-tax-calculator/backend/tax-engine-service/src/test/java/com/munitax/taxengine/service/ScheduleXAutoCalculationServiceTest.java",
	"owner": "_generated_diagnostic_collection_name_#6",
	"code": "67108979",
	"severity": 8,
	"message": "The method calculate5PercentRule(Map<String,Double>) in the type ScheduleXAutoCalculationService is not applicable for the arguments (double, double, double)",
	"source": "Java",
	"startLineNumber": 130,
	"startColumn": 57,
	"endLineNumber": 130,
	"endColumn": 78,
	"origin": "extHost1"
},{
	"resource": "/Users/shashank/Documents/Code/Antigravity/Google Antingravity/munitax---dublin-municipality-tax-calculator/backend/tax-engine-service/src/test/java/com/munitax/taxengine/service/ScheduleXAutoCalculationServiceTest.java",
	"owner": "_generated_diagnostic_collection_name_#6",
	"code": "67108979",
	"severity": 8,
	"message": "The method calculateRelatedPartyExcess(Map<String,Double>) in the type ScheduleXAutoCalculationService is not applicable for the arguments (double, double)",
	"source": "Java",
	"startLineNumber": 153,
	"startColumn": 55,
	"endLineNumber": 153,
	"endColumn": 82,
	"origin": "extHost1"
},{
	"resource": "/Users/shashank/Documents/Code/Antigravity/Google Antingravity/munitax---dublin-municipality-tax-calculator/backend/tax-engine-service/src/test/java/com/munitax/taxengine/service/ScheduleXAutoCalculationServiceTest.java",
	"owner": "_generated_diagnostic_collection_name_#6",
	"code": "67108979",
	"severity": 8,
	"message": "The method calculateRelatedPartyExcess(Map<String,Double>) in the type ScheduleXAutoCalculationService is not applicable for the arguments (double, double)",
	"source": "Java",
	"startLineNumber": 175,
	"startColumn": 55,
	"endLineNumber": 175,
	"endColumn": 82,
	"origin": "extHost1"
},{
	"resource": "/Users/shashank/Documents/Code/Antigravity/Google Antingravity/munitax---dublin-municipality-tax-calculator/backend/tax-engine-service/src/test/java/com/munitax/taxengine/service/ScheduleXAutoCalculationServiceTest.java",
	"owner": "_generated_diagnostic_collection_name_#6",
	"code": "67108979",
	"severity": 8,
	"message": "The method calculateRelatedPartyExcess(Map<String,Double>) in the type ScheduleXAutoCalculationService is not applicable for the arguments (double, double)",
	"source": "Java",
	"startLineNumber": 198,
	"startColumn": 55,
	"endLineNumber": 198,
	"endColumn": 82,
	"origin": "extHost1"
},{
	"resource": "/Users/shashank/Documents/Code/Antigravity/Google Antingravity/munitax---dublin-municipality-tax-calculator/backend/tax-engine-service/src/test/java/com/munitax/taxengine/service/ScheduleXAutoCalculationServiceTest.java",
	"owner": "_generated_diagnostic_collection_name_#6",
	"code": "67108964",
	"severity": 8,
	"message": "The method applyManualOverride(String, double, double) is undefined for the type ScheduleXAutoCalculationService",
	"source": "Java",
	"startLineNumber": 222,
	"startColumn": 56,
	"endLineNumber": 222,
	"endColumn": 75,
	"origin": "extHost1"
},{
	"resource": "/Users/shashank/Documents/Code/Antigravity/Google Antingravity/munitax---dublin-municipality-tax-calculator/backend/tax-engine-service/src/test/java/com/munitax/taxengine/service/ScheduleXCalculationServiceTest.java",
	"owner": "_generated_diagnostic_collection_name_#6",
	"code": "268435846",
	"severity": 8,
	"message": "The import com.munitax.taxengine.model.BusinessScheduleXDetails cannot be resolved",
	"source": "Java",
	"startLineNumber": 3,
	"startColumn": 8,
	"endLineNumber": 3,
	"endColumn": 60,
	"origin": "extHost1"
},{
	"resource": "/Users/shashank/Documents/Code/Antigravity/Google Antingravity/munitax---dublin-municipality-tax-calculator/backend/tax-engine-service/src/test/java/com/munitax/taxengine/service/ScheduleXCalculationServiceTest.java",
	"owner": "_generated_diagnostic_collection_name_#6",
	"code": "268435846",
	"severity": 8,
	"message": "The import com.munitax.taxengine.model.BusinessScheduleXDetails cannot be resolved",
	"source": "Java",
	"startLineNumber": 4,
	"startColumn": 8,
	"endLineNumber": 4,
	"endColumn": 60,
	"origin": "extHost1"
},{
	"resource": "/Users/shashank/Documents/Code/Antigravity/Google Antingravity/munitax---dublin-municipality-tax-calculator/backend/tax-engine-service/src/test/java/com/munitax/taxengine/service/ScheduleXCalculationServiceTest.java",
	"owner": "_generated_diagnostic_collection_name_#6",
	"code": "268435846",
	"severity": 8,
	"message": "The import com.munitax.taxengine.model.BusinessScheduleXDetails cannot be resolved",
	"source": "Java",
	"startLineNumber": 5,
	"startColumn": 8,
	"endLineNumber": 5,
	"endColumn": 60,
	"origin": "extHost1"
},{
	"resource": "/Users/shashank/Documents/Code/Antigravity/Google Antingravity/munitax---dublin-municipality-tax-calculator/backend/tax-engine-service/src/test/java/com/munitax/taxengine/service/ScheduleXCalculationServiceTest.java",
	"owner": "_generated_diagnostic_collection_name_#6",
	"code": "268435846",
	"severity": 8,
	"message": "The import com.munitax.taxengine.model.BusinessScheduleXDetails cannot be resolved",
	"source": "Java",
	"startLineNumber": 6,
	"startColumn": 8,
	"endLineNumber": 6,
	"endColumn": 60,
	"origin": "extHost1"
},{
	"resource": "/Users/shashank/Documents/Code/Antigravity/Google Antingravity/munitax---dublin-municipality-tax-calculator/backend/tax-engine-service/src/test/java/com/munitax/taxengine/service/ScheduleXCalculationServiceTest.java",
	"owner": "_generated_diagnostic_collection_name_#6",
	"code": "16777218",
	"severity": 8,
	"message": "BusinessScheduleXDetails cannot be resolved to a type",
	"source": "Java",
	"startLineNumber": 43,
	"startColumn": 9,
	"endLineNumber": 43,
	"endColumn": 33,
	"origin": "extHost1"
},{
	"resource": "/Users/shashank/Documents/Code/Antigravity/Google Antingravity/munitax---dublin-municipality-tax-calculator/backend/tax-engine-service/src/test/java/com/munitax/taxengine/service/ScheduleXCalculationServiceTest.java",
	"owner": "_generated_diagnostic_collection_name_#6",
	"code": "67108984",
	"severity": 8,
	"message": "The method createScheduleXUserStory1() from the type ScheduleXCalculationServiceTest refers to the missing type BusinessScheduleXDetails",
	"source": "Java",
	"startLineNumber": 43,
	"startColumn": 46,
	"endLineNumber": 43,
	"endColumn": 71,
	"origin": "extHost1"
},{
	"resource": "/Users/shashank/Documents/Code/Antigravity/Google Antingravity/munitax---dublin-municipality-tax-calculator/backend/tax-engine-service/src/test/java/com/munitax/taxengine/service/ScheduleXCalculationServiceTest.java",
	"owner": "_generated_diagnostic_collection_name_#6",
	"code": "16777218",
	"severity": 8,
	"message": "Deductions cannot be resolved to a type",
	"source": "Java",
	"startLineNumber": 62,
	"startColumn": 9,
	"endLineNumber": 62,
	"endColumn": 19,
	"origin": "extHost1"
},{
	"resource": "/Users/shashank/Documents/Code/Antigravity/Google Antingravity/munitax---dublin-municipality-tax-calculator/backend/tax-engine-service/src/test/java/com/munitax/taxengine/service/ScheduleXCalculationServiceTest.java",
	"owner": "_generated_diagnostic_collection_name_#6",
	"code": "16777218",
	"severity": 8,
	"message": "Deductions cannot be resolved to a type",
	"source": "Java",
	"startLineNumber": 62,
	"startColumn": 37,
	"endLineNumber": 62,
	"endColumn": 47,
	"origin": "extHost1"
},{
	"resource": "/Users/shashank/Documents/Code/Antigravity/Google Antingravity/munitax---dublin-municipality-tax-calculator/backend/tax-engine-service/src/test/java/com/munitax/taxengine/service/ScheduleXCalculationServiceTest.java",
	"owner": "_generated_diagnostic_collection_name_#6",
	"code": "16777218",
	"severity": 8,
	"message": "BusinessScheduleXDetails cannot be resolved to a type",
	"source": "Java",
	"startLineNumber": 88,
	"startColumn": 9,
	"endLineNumber": 88,
	"endColumn": 33,
	"origin": "extHost1"
},{
	"resource": "/Users/shashank/Documents/Code/Antigravity/Google Antingravity/munitax---dublin-municipality-tax-calculator/backend/tax-engine-service/src/test/java/com/munitax/taxengine/service/ScheduleXCalculationServiceTest.java",
	"owner": "_generated_diagnostic_collection_name_#6",
	"code": "67108984",
	"severity": 8,
	"message": "The method createScheduleXUserStory1() from the type ScheduleXCalculationServiceTest refers to the missing type BusinessScheduleXDetails",
	"source": "Java",
	"startLineNumber": 88,
	"startColumn": 46,
	"endLineNumber": 88,
	"endColumn": 71,
	"origin": "extHost1"
},{
	"resource": "/Users/shashank/Documents/Code/Antigravity/Google Antingravity/munitax---dublin-municipality-tax-calculator/backend/tax-engine-service/src/test/java/com/munitax/taxengine/service/ScheduleXCalculationServiceTest.java",
	"owner": "_generated_diagnostic_collection_name_#6",
	"code": "67108979",
	"severity": 8,
	"message": "The method calculateAdjustedMunicipalIncome(BusinessFederalForm.BusinessScheduleXDetails) in the type ScheduleXCalculationService is not applicable for the arguments (double, double, double)",
	"source": "Java",
	"startLineNumber": 94,
	"startColumn": 61,
	"endLineNumber": 94,
	"endColumn": 93,
	"origin": "extHost1"
},{
	"resource": "/Users/shashank/Documents/Code/Antigravity/Google Antingravity/munitax---dublin-municipality-tax-calculator/backend/tax-engine-service/src/test/java/com/munitax/taxengine/service/ScheduleXCalculationServiceTest.java",
	"owner": "_generated_diagnostic_collection_name_#6",
	"code": "16777218",
	"severity": 8,
	"message": "AddBacks cannot be resolved to a type",
	"source": "Java",
	"startLineNumber": 115,
	"startColumn": 9,
	"endLineNumber": 115,
	"endColumn": 17,
	"origin": "extHost1"
},{
	"resource": "/Users/shashank/Documents/Code/Antigravity/Google Antingravity/munitax---dublin-municipality-tax-calculator/backend/tax-engine-service/src/test/java/com/munitax/taxengine/service/ScheduleXCalculationServiceTest.java",
	"owner": "_generated_diagnostic_collection_name_#6",
	"code": "16777218",
	"severity": 8,
	"message": "AddBacks cannot be resolved to a type",
	"source": "Java",
	"startLineNumber": 115,
	"startColumn": 33,
	"endLineNumber": 115,
	"endColumn": 41,
	"origin": "extHost1"
},{
	"resource": "/Users/shashank/Documents/Code/Antigravity/Google Antingravity/munitax---dublin-municipality-tax-calculator/backend/tax-engine-service/src/test/java/com/munitax/taxengine/service/ScheduleXCalculationServiceTest.java",
	"owner": "_generated_diagnostic_collection_name_#6",
	"code": "16777218",
	"severity": 8,
	"message": "Deductions cannot be resolved to a type",
	"source": "Java",
	"startLineNumber": 119,
	"startColumn": 9,
	"endLineNumber": 119,
	"endColumn": 19,
	"origin": "extHost1"
},{
	"resource": "/Users/shashank/Documents/Code/Antigravity/Google Antingravity/munitax---dublin-municipality-tax-calculator/backend/tax-engine-service/src/test/java/com/munitax/taxengine/service/ScheduleXCalculationServiceTest.java",
	"owner": "_generated_diagnostic_collection_name_#6",
	"code": "16777218",
	"severity": 8,
	"message": "Deductions cannot be resolved to a type",
	"source": "Java",
	"startLineNumber": 119,
	"startColumn": 37,
	"endLineNumber": 119,
	"endColumn": 47,
	"origin": "extHost1"
},{
	"resource": "/Users/shashank/Documents/Code/Antigravity/Google Antingravity/munitax---dublin-municipality-tax-calculator/backend/tax-engine-service/src/test/java/com/munitax/taxengine/service/ScheduleXCalculationServiceTest.java",
	"owner": "_generated_diagnostic_collection_name_#6",
	"code": "67108979",
	"severity": 8,
	"message": "The method calculateAdjustedMunicipalIncome(BusinessFederalForm.BusinessScheduleXDetails) in the type ScheduleXCalculationService is not applicable for the arguments (double, double, double)",
	"source": "Java",
	"startLineNumber": 126,
	"startColumn": 61,
	"endLineNumber": 126,
	"endColumn": 93,
	"origin": "extHost1"
},{
	"resource": "/Users/shashank/Documents/Code/Antigravity/Google Antingravity/munitax---dublin-municipality-tax-calculator/backend/tax-engine-service/src/test/java/com/munitax/taxengine/service/ScheduleXCalculationServiceTest.java",
	"owner": "_generated_diagnostic_collection_name_#6",
	"code": "16777218",
	"severity": 8,
	"message": "AddBacks cannot be resolved to a type",
	"source": "Java",
	"startLineNumber": 147,
	"startColumn": 9,
	"endLineNumber": 147,
	"endColumn": 17,
	"origin": "extHost1"
},{
	"resource": "/Users/shashank/Documents/Code/Antigravity/Google Antingravity/munitax---dublin-municipality-tax-calculator/backend/tax-engine-service/src/test/java/com/munitax/taxengine/service/ScheduleXCalculationServiceTest.java",
	"owner": "_generated_diagnostic_collection_name_#6",
	"code": "16777218",
	"severity": 8,
	"message": "AddBacks cannot be resolved to a type",
	"source": "Java",
	"startLineNumber": 147,
	"startColumn": 33,
	"endLineNumber": 147,
	"endColumn": 41,
	"origin": "extHost1"
},{
	"resource": "/Users/shashank/Documents/Code/Antigravity/Google Antingravity/munitax---dublin-municipality-tax-calculator/backend/tax-engine-service/src/test/java/com/munitax/taxengine/service/ScheduleXCalculationServiceTest.java",
	"owner": "_generated_diagnostic_collection_name_#6",
	"code": "16777218",
	"severity": 8,
	"message": "Deductions cannot be resolved to a type",
	"source": "Java",
	"startLineNumber": 148,
	"startColumn": 9,
	"endLineNumber": 148,
	"endColumn": 19,
	"origin": "extHost1"
},{
	"resource": "/Users/shashank/Documents/Code/Antigravity/Google Antingravity/munitax---dublin-municipality-tax-calculator/backend/tax-engine-service/src/test/java/com/munitax/taxengine/service/ScheduleXCalculationServiceTest.java",
	"owner": "_generated_diagnostic_collection_name_#6",
	"code": "16777218",
	"severity": 8,
	"message": "Deductions cannot be resolved to a type",
	"source": "Java",
	"startLineNumber": 148,
	"startColumn": 37,
	"endLineNumber": 148,
	"endColumn": 47,
	"origin": "extHost1"
},{
	"resource": "/Users/shashank/Documents/Code/Antigravity/Google Antingravity/munitax---dublin-municipality-tax-calculator/backend/tax-engine-service/src/test/java/com/munitax/taxengine/service/ScheduleXCalculationServiceTest.java",
	"owner": "_generated_diagnostic_collection_name_#6",
	"code": "67108979",
	"severity": 8,
	"message": "The method calculateAdjustedMunicipalIncome(BusinessFederalForm.BusinessScheduleXDetails) in the type ScheduleXCalculationService is not applicable for the arguments (double, double, double)",
	"source": "Java",
	"startLineNumber": 153,
	"startColumn": 61,
	"endLineNumber": 153,
	"endColumn": 93,
	"origin": "extHost1"
},{
	"resource": "/Users/shashank/Documents/Code/Antigravity/Google Antingravity/munitax---dublin-municipality-tax-calculator/backend/tax-engine-service/src/test/java/com/munitax/taxengine/service/ScheduleXCalculationServiceTest.java",
	"owner": "_generated_diagnostic_collection_name_#6",
	"code": "16777218",
	"severity": 8,
	"message": "AddBacks cannot be resolved to a type",
	"source": "Java",
	"startLineNumber": 173,
	"startColumn": 9,
	"endLineNumber": 173,
	"endColumn": 17,
	"origin": "extHost1"
},{
	"resource": "/Users/shashank/Documents/Code/Antigravity/Google Antingravity/munitax---dublin-municipality-tax-calculator/backend/tax-engine-service/src/test/java/com/munitax/taxengine/service/ScheduleXCalculationServiceTest.java",
	"owner": "_generated_diagnostic_collection_name_#6",
	"code": "16777218",
	"severity": 8,
	"message": "AddBacks cannot be resolved to a type",
	"source": "Java",
	"startLineNumber": 173,
	"startColumn": 33,
	"endLineNumber": 173,
	"endColumn": 41,
	"origin": "extHost1"
},{
	"resource": "/Users/shashank/Documents/Code/Antigravity/Google Antingravity/munitax---dublin-municipality-tax-calculator/backend/tax-engine-service/src/test/java/com/munitax/taxengine/service/ScheduleXCalculationServiceTest.java",
	"owner": "_generated_diagnostic_collection_name_#6",
	"code": "16777218",
	"severity": 8,
	"message": "BusinessScheduleXDetails cannot be resolved to a type",
	"source": "Java",
	"startLineNumber": 209,
	"startColumn": 13,
	"endLineNumber": 209,
	"endColumn": 37,
	"origin": "extHost1"
},{
	"resource": "/Users/shashank/Documents/Code/Antigravity/Google Antingravity/munitax---dublin-municipality-tax-calculator/backend/tax-engine-service/src/test/java/com/munitax/taxengine/service/ScheduleXCalculationServiceTest.java",
	"owner": "_generated_diagnostic_collection_name_#6",
	"code": "16777218",
	"severity": 8,
	"message": "BusinessScheduleXDetails cannot be resolved to a type",
	"source": "Java",
	"startLineNumber": 210,
	"startColumn": 9,
	"endLineNumber": 210,
	"endColumn": 33,
	"origin": "extHost1"
},{
	"resource": "/Users/shashank/Documents/Code/Antigravity/Google Antingravity/munitax---dublin-municipality-tax-calculator/backend/tax-engine-service/src/test/java/com/munitax/taxengine/service/ScheduleXCalculationServiceTest.java",
	"owner": "_generated_diagnostic_collection_name_#6",
	"code": "16777218",
	"severity": 8,
	"message": "BusinessScheduleXDetails cannot be resolved to a type",
	"source": "Java",
	"startLineNumber": 210,
	"startColumn": 50,
	"endLineNumber": 210,
	"endColumn": 74,
	"origin": "extHost1"
},{
	"resource": "/Users/shashank/Documents/Code/Antigravity/Google Antingravity/munitax---dublin-municipality-tax-calculator/backend/tax-engine-service/src/test/java/com/munitax/taxengine/service/ScheduleXCalculationServiceTest.java",
	"owner": "_generated_diagnostic_collection_name_#6",
	"code": "16777218",
	"severity": 8,
	"message": "AddBacks cannot be resolved to a type",
	"source": "Java",
	"startLineNumber": 213,
	"startColumn": 9,
	"endLineNumber": 213,
	"endColumn": 17,
	"origin": "extHost1"
},{
	"resource": "/Users/shashank/Documents/Code/Antigravity/Google Antingravity/munitax---dublin-municipality-tax-calculator/backend/tax-engine-service/src/test/java/com/munitax/taxengine/service/ScheduleXCalculationServiceTest.java",
	"owner": "_generated_diagnostic_collection_name_#6",
	"code": "16777218",
	"severity": 8,
	"message": "AddBacks cannot be resolved to a type",
	"source": "Java",
	"startLineNumber": 213,
	"startColumn": 33,
	"endLineNumber": 213,
	"endColumn": 41,
	"origin": "extHost1"
},{
	"resource": "/Users/shashank/Documents/Code/Antigravity/Google Antingravity/munitax---dublin-municipality-tax-calculator/backend/tax-engine-service/src/test/java/com/munitax/taxengine/service/ScheduleXCalculationServiceTest.java",
	"owner": "_generated_diagnostic_collection_name_#6",
	"code": "16777218",
	"severity": 8,
	"message": "Deductions cannot be resolved to a type",
	"source": "Java",
	"startLineNumber": 218,
	"startColumn": 9,
	"endLineNumber": 218,
	"endColumn": 19,
	"origin": "extHost1"
},{
	"resource": "/Users/shashank/Documents/Code/Antigravity/Google Antingravity/munitax---dublin-municipality-tax-calculator/backend/tax-engine-service/src/test/java/com/munitax/taxengine/service/ScheduleXCalculationServiceTest.java",
	"owner": "_generated_diagnostic_collection_name_#6",
	"code": "16777218",
	"severity": 8,
	"message": "Deductions cannot be resolved to a type",
	"source": "Java",
	"startLineNumber": 218,
	"startColumn": 37,
	"endLineNumber": 218,
	"endColumn": 47,
	"origin": "extHost1"
},{
	"resource": "/Users/shashank/Documents/Code/Antigravity/Google Antingravity/munitax---dublin-municipality-tax-calculator/backend/auth-service/src/main/java/com/munitax/auth/controller/AuthController.java",
	"owner": "_generated_diagnostic_collection_name_#6",
	"code": "16778128",
	"severity": 4,
	"message": "Null type safety: The expression of type 'String' needs unchecked conversion to conform to '@NonNull String'",
	"source": "Java",
	"startLineNumber": 132,
	"startColumn": 61,
	"endLineNumber": 132,
	"endColumn": 67,
	"origin": "extHost1"
},{
	"resource": "/Users/shashank/Documents/Code/Antigravity/Google Antingravity/munitax---dublin-municipality-tax-calculator/backend/auth-service/src/main/java/com/munitax/auth/service/CustomUserDetailsService.java",
	"owner": "_generated_diagnostic_collection_name_#6",
	"code": "16778128",
	"severity": 4,
	"message": "Null type safety: The expression of type 'String' needs unchecked conversion to conform to '@NonNull String'",
	"source": "Java",
	"startLineNumber": 51,
	"startColumn": 45,
	"endLineNumber": 51,
	"endColumn": 51,
	"origin": "extHost1"
},{
	"resource": "/Users/shashank/Documents/Code/Antigravity/Google Antingravity/munitax---dublin-municipality-tax-calculator/backend/auth-service/src/test/java/com/munitax/auth/controller/AuthControllerTest.java",
	"owner": "_generated_diagnostic_collection_name_#6",
	"code": "268435844",
	"severity": 4,
	"message": "The import java.util.Set is never used",
	"source": "Java",
	"startLineNumber": 20,
	"startColumn": 8,
	"endLineNumber": 20,
	"endColumn": 21,
	"tags": [
		1
	],
	"origin": "extHost1"
},{
	"resource": "/Users/shashank/Documents/Code/Antigravity/Google Antingravity/munitax---dublin-municipality-tax-calculator/backend/auth-service/src/test/java/com/munitax/auth/controller/AuthControllerTest.java",
	"owner": "_generated_diagnostic_collection_name_#6",
	"code": "268435844",
	"severity": 4,
	"message": "The import org.mockito.ArgumentMatchers.anyString is never used",
	"source": "Java",
	"startLineNumber": 23,
	"startColumn": 15,
	"endLineNumber": 23,
	"endColumn": 53,
	"tags": [
		1
	],
	"origin": "extHost1"
},{
	"resource": "/Users/shashank/Documents/Code/Antigravity/Google Antingravity/munitax---dublin-municipality-tax-calculator/backend/auth-service/src/test/java/com/munitax/auth/controller/AuthControllerTest.java",
	"owner": "_generated_diagnostic_collection_name_#6",
	"code": "570425421",
	"severity": 4,
	"message": "The value of the field AuthControllerTest.objectMapper is not used",
	"source": "Java",
	"startLineNumber": 41,
	"startColumn": 26,
	"endLineNumber": 41,
	"endColumn": 38,
	"tags": [
		1
	],
	"origin": "extHost1"
},{
	"resource": "/Users/shashank/Documents/Code/Antigravity/Google Antingravity/munitax---dublin-municipality-tax-calculator/backend/auth-service/src/test/java/com/munitax/auth/controller/AuthControllerTest.java",
	"owner": "_generated_diagnostic_collection_name_#6",
	"code": "16778128",
	"severity": 4,
	"message": "Null type safety: The expression of type 'MediaType' needs unchecked conversion to conform to '@NonNull MediaType'",
	"source": "Java",
	"startLineNumber": 87,
	"startColumn": 30,
	"endLineNumber": 87,
	"endColumn": 56,
	"origin": "extHost1"
},{
	"resource": "/Users/shashank/Documents/Code/Antigravity/Google Antingravity/munitax---dublin-municipality-tax-calculator/backend/auth-service/src/test/java/com/munitax/auth/controller/AuthControllerTest.java",
	"owner": "_generated_diagnostic_collection_name_#6",
	"code": "16778128",
	"severity": 4,
	"message": "Null type safety: The expression of type 'MediaType' needs unchecked conversion to conform to '@NonNull MediaType'",
	"source": "Java",
	"startLineNumber": 106,
	"startColumn": 30,
	"endLineNumber": 106,
	"endColumn": 56,
	"origin": "extHost1"
},{
	"resource": "/Users/shashank/Documents/Code/Antigravity/Google Antingravity/munitax---dublin-municipality-tax-calculator/backend/auth-service/src/test/java/com/munitax/auth/controller/AuthControllerTest.java",
	"owner": "_generated_diagnostic_collection_name_#6",
	"code": "16778128",
	"severity": 4,
	"message": "Null type safety: The expression of type 'MediaType' needs unchecked conversion to conform to '@NonNull MediaType'",
	"source": "Java",
	"startLineNumber": 123,
	"startColumn": 30,
	"endLineNumber": 123,
	"endColumn": 56,
	"origin": "extHost1"
},{
	"resource": "/Users/shashank/Documents/Code/Antigravity/Google Antingravity/munitax---dublin-municipality-tax-calculator/backend/auth-service/src/test/java/com/munitax/auth/controller/AuthControllerTest.java",
	"owner": "_generated_diagnostic_collection_name_#6",
	"code": "16778128",
	"severity": 4,
	"message": "Null type safety: The expression of type 'User' needs unchecked conversion to conform to '@NonNull User'",
	"source": "Java",
	"startLineNumber": 131,
	"startColumn": 34,
	"endLineNumber": 131,
	"endColumn": 49,
	"origin": "extHost1"
},{
	"resource": "/Users/shashank/Documents/Code/Antigravity/Google Antingravity/munitax---dublin-municipality-tax-calculator/backend/auth-service/src/test/java/com/munitax/auth/controller/AuthControllerTest.java",
	"owner": "_generated_diagnostic_collection_name_#6",
	"code": "16778128",
	"severity": 4,
	"message": "Null type safety: The expression of type 'MediaType' needs unchecked conversion to conform to '@NonNull MediaType'",
	"source": "Java",
	"startLineNumber": 144,
	"startColumn": 30,
	"endLineNumber": 144,
	"endColumn": 56,
	"origin": "extHost1"
},{
	"resource": "/Users/shashank/Documents/Code/Antigravity/Google Antingravity/munitax---dublin-municipality-tax-calculator/backend/auth-service/src/test/java/com/munitax/auth/controller/AuthControllerTest.java",
	"owner": "_generated_diagnostic_collection_name_#6",
	"code": "16778128",
	"severity": 4,
	"message": "Null type safety: The expression of type 'MediaType' needs unchecked conversion to conform to '@NonNull MediaType'",
	"source": "Java",
	"startLineNumber": 164,
	"startColumn": 30,
	"endLineNumber": 164,
	"endColumn": 56,
	"origin": "extHost1"
},{
	"resource": "/Users/shashank/Documents/Code/Antigravity/Google Antingravity/munitax---dublin-municipality-tax-calculator/backend/auth-service/src/test/java/com/munitax/auth/service/CustomUserDetailsServiceTest.java",
	"owner": "_generated_diagnostic_collection_name_#6",
	"code": "268435844",
	"severity": 4,
	"message": "The import java.util.Set is never used",
	"source": "Java",
	"startLineNumber": 15,
	"startColumn": 8,
	"endLineNumber": 15,
	"endColumn": 21,
	"tags": [
		1
	],
	"origin": "extHost1"
},{
	"resource": "/Users/shashank/Documents/Code/Antigravity/Google Antingravity/munitax---dublin-municipality-tax-calculator/backend/pdf-service/src/main/java/com/munitax/pdf/controller/FormGenerationController.java",
	"owner": "_generated_diagnostic_collection_name_#6",
	"code": "67109443",
	"severity": 4,
	"message": "Unused type arguments for the non generic method notFound() of type ResponseEntity; it should not be parameterized with arguments <FormGenerationResponse>",
	"source": "Java",
	"startLineNumber": 87,
	"startColumn": 37,
	"endLineNumber": 87,
	"endColumn": 59,
	"tags": [
		1
	],
	"origin": "extHost1"
},{
	"resource": "/Users/shashank/Documents/Code/Antigravity/Google Antingravity/munitax---dublin-municipality-tax-calculator/backend/pdf-service/src/main/java/com/munitax/pdf/controller/FormGenerationController.java",
	"owner": "_generated_diagnostic_collection_name_#6",
	"code": "16778128",
	"severity": 4,
	"message": "Null type safety: The expression of type 'MediaType' needs unchecked conversion to conform to '@NonNull MediaType'",
	"source": "Java",
	"startLineNumber": 117,
	"startColumn": 30,
	"endLineNumber": 117,
	"endColumn": 55,
	"origin": "extHost1"
},{
	"resource": "/Users/shashank/Documents/Code/Antigravity/Google Antingravity/munitax---dublin-municipality-tax-calculator/backend/pdf-service/src/main/java/com/munitax/pdf/service/FieldMappingService.java",
	"owner": "_generated_diagnostic_collection_name_#6",
	"code": "268435844",
	"severity": 4,
	"message": "The import java.text.SimpleDateFormat is never used",
	"source": "Java",
	"startLineNumber": 9,
	"startColumn": 8,
	"endLineNumber": 9,
	"endColumn": 34,
	"tags": [
		1
	],
	"origin": "extHost1"
},{
	"resource": "/Users/shashank/Documents/Code/Antigravity/Google Antingravity/munitax---dublin-municipality-tax-calculator/backend/pdf-service/src/main/java/com/munitax/pdf/service/FieldMappingService.java",
	"owner": "_generated_diagnostic_collection_name_#6",
	"code": "570425421",
	"severity": 4,
	"message": "The value of the field FieldMappingService.NUMBER_FORMATTER is not used",
	"source": "Java",
	"startLineNumber": 25,
	"startColumn": 39,
	"endLineNumber": 25,
	"endColumn": 55,
	"tags": [
		1
	],
	"origin": "extHost1"
},{
	"resource": "/Users/shashank/Documents/Code/Antigravity/Google Antingravity/munitax---dublin-municipality-tax-calculator/backend/pdf-service/src/main/java/com/munitax/pdf/service/FieldMappingService.java",
	"owner": "_generated_diagnostic_collection_name_#6",
	"code": "536871362",
	"severity": 2,
	"message": "XXX-XX-XXXX)",
	"source": "Java",
	"startLineNumber": 81,
	"startColumn": 28,
	"endLineNumber": 81,
	"endColumn": 40,
	"origin": "extHost1"
},{
	"resource": "/Users/shashank/Documents/Code/Antigravity/Google Antingravity/munitax---dublin-municipality-tax-calculator/backend/pdf-service/src/main/java/com/munitax/pdf/service/FormGenerationService.java",
	"owner": "_generated_diagnostic_collection_name_#6",
	"code": "268435844",
	"severity": 4,
	"message": "The import org.apache.pdfbox.Loader is never used",
	"source": "Java",
	"startLineNumber": 13,
	"startColumn": 8,
	"endLineNumber": 13,
	"endColumn": 32,
	"tags": [
		1
	],
	"origin": "extHost1"
},{
	"resource": "/Users/shashank/Documents/Code/Antigravity/Google Antingravity/munitax---dublin-municipality-tax-calculator/backend/pdf-service/src/main/java/com/munitax/pdf/service/FormGenerationService.java",
	"owner": "_generated_diagnostic_collection_name_#6",
	"code": "268435844",
	"severity": 4,
	"message": "The import java.time.LocalDateTime is never used",
	"source": "Java",
	"startLineNumber": 28,
	"startColumn": 8,
	"endLineNumber": 28,
	"endColumn": 31,
	"tags": [
		1
	],
	"origin": "extHost1"
},{
	"resource": "/Users/shashank/Documents/Code/Antigravity/Google Antingravity/munitax---dublin-municipality-tax-calculator/backend/pdf-service/src/main/java/com/munitax/pdf/service/FormGenerationService.java",
	"owner": "_generated_diagnostic_collection_name_#6",
	"code": "570425421",
	"severity": 4,
	"message": "The value of the field FormGenerationService.pdfBoxHelper is not used",
	"source": "Java",
	"startLineNumber": 50,
	"startColumn": 32,
	"endLineNumber": 50,
	"endColumn": 44,
	"tags": [
		1
	],
	"origin": "extHost1"
},{
	"resource": "/Users/shashank/Documents/Code/Antigravity/Google Antingravity/munitax---dublin-municipality-tax-calculator/backend/pdf-service/src/main/java/com/munitax/pdf/service/FormGenerationService.java",
	"owner": "_generated_diagnostic_collection_name_#6",
	"code": "570425421",
	"severity": 4,
	"message": "The value of the field FormGenerationService.compressionUtil is not used",
	"source": "Java",
	"startLineNumber": 52,
	"startColumn": 38,
	"endLineNumber": 52,
	"endColumn": 53,
	"tags": [
		1
	],
	"origin": "extHost1"
},{
	"resource": "/Users/shashank/Documents/Code/Antigravity/Google Antingravity/munitax---dublin-municipality-tax-calculator/backend/pdf-service/src/main/java/com/munitax/pdf/service/FormGenerationService.java",
	"owner": "_generated_diagnostic_collection_name_#6",
	"code": "16778128",
	"severity": 4,
	"message": "Null type safety: The expression of type 'GeneratedForm' needs unchecked conversion to conform to '@NonNull GeneratedForm'",
	"source": "Java",
	"startLineNumber": 150,
	"startColumn": 58,
	"endLineNumber": 150,
	"endColumn": 71,
	"origin": "extHost1"
},{
	"resource": "/Users/shashank/Documents/Code/Antigravity/Google Antingravity/munitax---dublin-municipality-tax-calculator/backend/pdf-service/src/main/java/com/munitax/pdf/service/FormGenerationService.java",
	"owner": "_generated_diagnostic_collection_name_#6",
	"code": "16778128",
	"severity": 4,
	"message": "Null type safety: The expression of type 'FormAuditLog' needs unchecked conversion to conform to '@NonNull FormAuditLog'",
	"source": "Java",
	"startLineNumber": 259,
	"startColumn": 33,
	"endLineNumber": 259,
	"endColumn": 41,
	"origin": "extHost1"
},{
	"resource": "/Users/shashank/Documents/Code/Antigravity/Google Antingravity/munitax---dublin-municipality-tax-calculator/backend/pdf-service/src/main/java/com/munitax/pdf/service/FormGenerationService.java",
	"owner": "_generated_diagnostic_collection_name_#6",
	"code": "16778128",
	"severity": 4,
	"message": "Null type safety: The expression of type 'UUID' needs unchecked conversion to conform to '@NonNull UUID'",
	"source": "Java",
	"startLineNumber": 266,
	"startColumn": 49,
	"endLineNumber": 266,
	"endColumn": 55,
	"origin": "extHost1"
},{
	"resource": "/Users/shashank/Documents/Code/Antigravity/Google Antingravity/munitax---dublin-municipality-tax-calculator/backend/pdf-service/src/main/java/com/munitax/pdf/service/FormTemplateService.java",
	"owner": "_generated_diagnostic_collection_name_#6",
	"code": "16778128",
	"severity": 4,
	"message": "Null type safety: The expression of type 'FormTemplate' needs unchecked conversion to conform to '@NonNull FormTemplate'",
	"source": "Java",
	"startLineNumber": 75,
	"startColumn": 44,
	"endLineNumber": 75,
	"endColumn": 52,
	"origin": "extHost1"
},{
	"resource": "/Users/shashank/Documents/Code/Antigravity/Google Antingravity/munitax---dublin-municipality-tax-calculator/backend/pdf-service/src/main/java/com/munitax/pdf/service/FormValidationService.java",
	"owner": "_generated_diagnostic_collection_name_#6",
	"code": "570425421",
	"severity": 4,
	"message": "The value of the field FormValidationService.log is not used",
	"source": "Java",
	"startLineNumber": 19,
	"startColumn": 33,
	"endLineNumber": 19,
	"endColumn": 36,
	"tags": [
		1
	],
	"origin": "extHost1"
},{
	"resource": "/Users/shashank/Documents/Code/Antigravity/Google Antingravity/munitax---dublin-municipality-tax-calculator/backend/submission-service/src/main/java/com/munitax/submission/controller/SubmissionController.java",
	"owner": "_generated_diagnostic_collection_name_#6",
	"code": "16778128",
	"severity": 4,
	"message": "Null type safety: The expression of type 'String' needs unchecked conversion to conform to '@NonNull String'",
	"source": "Java",
	"startLineNumber": 40,
	"startColumn": 36,
	"endLineNumber": 40,
	"endColumn": 38,
	"origin": "extHost1"
},{
	"resource": "/Users/shashank/Documents/Code/Antigravity/Google Antingravity/munitax---dublin-municipality-tax-calculator/backend/submission-service/src/main/java/com/munitax/submission/controller/SubmissionController.java",
	"owner": "_generated_diagnostic_collection_name_#6",
	"code": "16778128",
	"severity": 4,
	"message": "Null type safety: The expression of type 'String' needs unchecked conversion to conform to '@NonNull String'",
	"source": "Java",
	"startLineNumber": 53,
	"startColumn": 36,
	"endLineNumber": 53,
	"endColumn": 38,
	"origin": "extHost1"
},{
	"resource": "/Users/shashank/Documents/Code/Antigravity/Google Antingravity/munitax---dublin-municipality-tax-calculator/backend/submission-service/src/main/java/com/munitax/submission/service/AuditReportService.java",
	"owner": "_generated_diagnostic_collection_name_#6",
	"code": "570425421",
	"severity": 4,
	"message": "The value of the field AuditReportService.logger is not used",
	"source": "Java",
	"startLineNumber": 31,
	"startColumn": 33,
	"endLineNumber": 31,
	"endColumn": 39,
	"tags": [
		1
	],
	"origin": "extHost1"
},{
	"resource": "/Users/shashank/Documents/Code/Antigravity/Google Antingravity/munitax---dublin-municipality-tax-calculator/backend/submission-service/src/main/java/com/munitax/submission/service/AuditReportService.java",
	"owner": "_generated_diagnostic_collection_name_#6",
	"code": "16778128",
	"severity": 4,
	"message": "Null type safety: The expression of type 'String' needs unchecked conversion to conform to '@NonNull String'",
	"source": "Java",
	"startLineNumber": 52,
	"startColumn": 63,
	"endLineNumber": 52,
	"endColumn": 71,
	"origin": "extHost1"
},{
	"resource": "/Users/shashank/Documents/Code/Antigravity/Google Antingravity/munitax---dublin-municipality-tax-calculator/backend/submission-service/src/main/java/com/munitax/submission/service/AuditReportService.java",
	"owner": "_generated_diagnostic_collection_name_#6",
	"code": "603979894",
	"severity": 4,
	"message": "The method getVariancePercent() from the type AuditReportService.YearOverYearAnalysis is never used locally",
	"source": "Java",
	"startLineNumber": 327,
	"startColumn": 23,
	"endLineNumber": 327,
	"endColumn": 43,
	"tags": [
		1
	],
	"origin": "extHost1"
},{
	"resource": "/Users/shashank/Documents/Code/Antigravity/Google Antingravity/munitax---dublin-municipality-tax-calculator/backend/submission-service/src/main/java/com/munitax/submission/service/AuditReportService.java",
	"owner": "_generated_diagnostic_collection_name_#6",
	"code": "603979894",
	"severity": 4,
	"message": "The method getProfitMargin() from the type AuditReportService.RatioAnalysis is never used locally",
	"source": "Java",
	"startLineNumber": 348,
	"startColumn": 23,
	"endLineNumber": 348,
	"endColumn": 40,
	"tags": [
		1
	],
	"origin": "extHost1"
},{
	"resource": "/Users/shashank/Documents/Code/Antigravity/Google Antingravity/munitax---dublin-municipality-tax-calculator/backend/submission-service/src/main/java/com/munitax/submission/service/AuditReportService.java",
	"owner": "_generated_diagnostic_collection_name_#6",
	"code": "603979894",
	"severity": 4,
	"message": "The method getEffectiveTaxRate() from the type AuditReportService.PeerComparison is never used locally",
	"source": "Java",
	"startLineNumber": 365,
	"startColumn": 23,
	"endLineNumber": 365,
	"endColumn": 44,
	"tags": [
		1
	],
	"origin": "extHost1"
},{
	"resource": "/Users/shashank/Documents/Code/Antigravity/Google Antingravity/munitax---dublin-municipality-tax-calculator/backend/submission-service/src/main/java/com/munitax/submission/service/AuditReportService.java",
	"owner": "_generated_diagnostic_collection_name_#6",
	"code": "603979894",
	"severity": 4,
	"message": "The method getIndustryAverage() from the type AuditReportService.PeerComparison is never used locally",
	"source": "Java",
	"startLineNumber": 367,
	"startColumn": 23,
	"endLineNumber": 367,
	"endColumn": 43,
	"tags": [
		1
	],
	"origin": "extHost1"
},{
	"resource": "/Users/shashank/Documents/Code/Antigravity/Google Antingravity/munitax---dublin-municipality-tax-calculator/backend/submission-service/src/main/java/com/munitax/submission/service/AuditService.java",
	"owner": "_generated_diagnostic_collection_name_#6",
	"code": "16778128",
	"severity": 4,
	"message": "Null type safety: The expression of type 'String' needs unchecked conversion to conform to '@NonNull String'",
	"source": "Java",
	"startLineNumber": 51,
	"startColumn": 63,
	"endLineNumber": 51,
	"endColumn": 71,
	"origin": "extHost1"
},{
	"resource": "/Users/shashank/Documents/Code/Antigravity/Google Antingravity/munitax---dublin-municipality-tax-calculator/backend/submission-service/src/main/java/com/munitax/submission/service/AuditService.java",
	"owner": "_generated_diagnostic_collection_name_#6",
	"code": "16778128",
	"severity": 4,
	"message": "Null type safety: The expression of type 'String' needs unchecked conversion to conform to '@NonNull String'",
	"source": "Java",
	"startLineNumber": 106,
	"startColumn": 58,
	"endLineNumber": 106,
	"endColumn": 65,
	"origin": "extHost1"
},{
	"resource": "/Users/shashank/Documents/Code/Antigravity/Google Antingravity/munitax---dublin-municipality-tax-calculator/backend/submission-service/src/main/java/com/munitax/submission/service/AuditService.java",
	"owner": "_generated_diagnostic_collection_name_#6",
	"code": "16778128",
	"severity": 4,
	"message": "Null type safety: The expression of type 'String' needs unchecked conversion to conform to '@NonNull String'",
	"source": "Java",
	"startLineNumber": 124,
	"startColumn": 58,
	"endLineNumber": 124,
	"endColumn": 65,
	"origin": "extHost1"
},{
	"resource": "/Users/shashank/Documents/Code/Antigravity/Google Antingravity/munitax---dublin-municipality-tax-calculator/backend/submission-service/src/main/java/com/munitax/submission/service/AuditService.java",
	"owner": "_generated_diagnostic_collection_name_#6",
	"code": "16778128",
	"severity": 4,
	"message": "Null type safety: The expression of type 'String' needs unchecked conversion to conform to '@NonNull String'",
	"source": "Java",
	"startLineNumber": 154,
	"startColumn": 58,
	"endLineNumber": 154,
	"endColumn": 65,
	"origin": "extHost1"
},{
	"resource": "/Users/shashank/Documents/Code/Antigravity/Google Antingravity/munitax---dublin-municipality-tax-calculator/backend/submission-service/src/main/java/com/munitax/submission/service/AuditService.java",
	"owner": "_generated_diagnostic_collection_name_#6",
	"code": "16778128",
	"severity": 4,
	"message": "Null type safety: The expression of type 'String' needs unchecked conversion to conform to '@NonNull String'",
	"source": "Java",
	"startLineNumber": 181,
	"startColumn": 63,
	"endLineNumber": 181,
	"endColumn": 71,
	"origin": "extHost1"
},{
	"resource": "/Users/shashank/Documents/Code/Antigravity/Google Antingravity/munitax---dublin-municipality-tax-calculator/backend/submission-service/src/main/java/com/munitax/submission/service/AuditService.java",
	"owner": "_generated_diagnostic_collection_name_#6",
	"code": "16778128",
	"severity": 4,
	"message": "Null type safety: The expression of type 'String' needs unchecked conversion to conform to '@NonNull String'",
	"source": "Java",
	"startLineNumber": 224,
	"startColumn": 63,
	"endLineNumber": 224,
	"endColumn": 71,
	"origin": "extHost1"
},{
	"resource": "/Users/shashank/Documents/Code/Antigravity/Google Antingravity/munitax---dublin-municipality-tax-calculator/backend/submission-service/src/main/java/com/munitax/submission/service/AuditService.java",
	"owner": "_generated_diagnostic_collection_name_#6",
	"code": "16778128",
	"severity": 4,
	"message": "Null type safety: The expression of type 'String' needs unchecked conversion to conform to '@NonNull String'",
	"source": "Java",
	"startLineNumber": 259,
	"startColumn": 63,
	"endLineNumber": 259,
	"endColumn": 71,
	"origin": "extHost1"
},{
	"resource": "/Users/shashank/Documents/Code/Antigravity/Google Antingravity/munitax---dublin-municipality-tax-calculator/backend/submission-service/src/main/java/com/munitax/submission/service/AuditService.java",
	"owner": "_generated_diagnostic_collection_name_#6",
	"code": "16778128",
	"severity": 4,
	"message": "Null type safety: The expression of type 'String' needs unchecked conversion to conform to '@NonNull String'",
	"source": "Java",
	"startLineNumber": 301,
	"startColumn": 70,
	"endLineNumber": 301,
	"endColumn": 79,
	"origin": "extHost1"
},{
	"resource": "/Users/shashank/Documents/Code/Antigravity/Google Antingravity/munitax---dublin-municipality-tax-calculator/backend/tax-engine-service/src/main/java/com/munitax/taxengine/controller/ApportionmentController.java",
	"owner": "_generated_diagnostic_collection_name_#6",
	"code": "268435844",
	"severity": 4,
	"message": "The import java.util.UUID is never used",
	"source": "Java",
	"startLineNumber": 19,
	"startColumn": 8,
	"endLineNumber": 19,
	"endColumn": 22,
	"tags": [
		1
	],
	"origin": "extHost1"
},{
	"resource": "/Users/shashank/Documents/Code/Antigravity/Google Antingravity/munitax---dublin-municipality-tax-calculator/backend/tax-engine-service/src/main/java/com/munitax/taxengine/controller/ApportionmentController.java",
	"owner": "_generated_diagnostic_collection_name_#6",
	"code": "570425421",
	"severity": 4,
	"message": "The value of the field ApportionmentController.propertyFactorService is not used",
	"source": "Java",
	"startLineNumber": 32,
	"startColumn": 41,
	"endLineNumber": 32,
	"endColumn": 62,
	"tags": [
		1
	],
	"origin": "extHost1"
},{
	"resource": "/Users/shashank/Documents/Code/Antigravity/Google Antingravity/munitax---dublin-municipality-tax-calculator/backend/tax-engine-service/src/main/java/com/munitax/taxengine/controller/ApportionmentController.java",
	"owner": "_generated_diagnostic_collection_name_#6",
	"code": "570425421",
	"severity": 4,
	"message": "The value of the field ApportionmentController.payrollFactorService is not used",
	"source": "Java",
	"startLineNumber": 33,
	"startColumn": 40,
	"endLineNumber": 33,
	"endColumn": 60,
	"tags": [
		1
	],
	"origin": "extHost1"
},{
	"resource": "/Users/shashank/Documents/Code/Antigravity/Google Antingravity/munitax---dublin-municipality-tax-calculator/backend/tax-engine-service/src/main/java/com/munitax/taxengine/controller/ApportionmentController.java",
	"owner": "_generated_diagnostic_collection_name_#6",
	"code": "570425421",
	"severity": 4,
	"message": "The value of the field ApportionmentController.salesFactorService is not used",
	"source": "Java",
	"startLineNumber": 34,
	"startColumn": 38,
	"endLineNumber": 34,
	"endColumn": 56,
	"tags": [
		1
	],
	"origin": "extHost1"
},{
	"resource": "/Users/shashank/Documents/Code/Antigravity/Google Antingravity/munitax---dublin-municipality-tax-calculator/backend/tax-engine-service/src/main/java/com/munitax/taxengine/controller/EstimatedTaxController.java",
	"owner": "_generated_diagnostic_collection_name_#6",
	"code": "16778128",
	"severity": 4,
	"message": "Null type safety: The expression of type 'UUID' needs unchecked conversion to conform to '@NonNull UUID'",
	"source": "Java",
	"startLineNumber": 151,
	"startColumn": 78,
	"endLineNumber": 151,
	"endColumn": 80,
	"origin": "extHost1"
},{
	"resource": "/Users/shashank/Documents/Code/Antigravity/Google Antingravity/munitax---dublin-municipality-tax-calculator/backend/tax-engine-service/src/main/java/com/munitax/taxengine/controller/EstimatedTaxController.java",
	"owner": "_generated_diagnostic_collection_name_#6",
	"code": "536871362",
	"severity": 2,
	"message": "TODO: Replace with actual authentication service",
	"source": "Java",
	"startLineNumber": 50,
	"startColumn": 8,
	"endLineNumber": 50,
	"endColumn": 56,
	"origin": "extHost1"
},{
	"resource": "/Users/shashank/Documents/Code/Antigravity/Google Antingravity/munitax---dublin-municipality-tax-calculator/backend/tax-engine-service/src/main/java/com/munitax/taxengine/controller/EstimatedTaxController.java",
	"owner": "_generated_diagnostic_collection_name_#6",
	"code": "536871362",
	"severity": 2,
	"message": "TODO: Add tenant isolation check",
	"source": "Java",
	"startLineNumber": 155,
	"startColumn": 12,
	"endLineNumber": 155,
	"endColumn": 44,
	"origin": "extHost1"
},{
	"resource": "/Users/shashank/Documents/Code/Antigravity/Google Antingravity/munitax---dublin-municipality-tax-calculator/backend/tax-engine-service/src/main/java/com/munitax/taxengine/controller/EstimatedTaxController.java",
	"owner": "_generated_diagnostic_collection_name_#6",
	"code": "536871362",
	"severity": 2,
	"message": "TODO: Add tenant ID from security context",
	"source": "Java",
	"startLineNumber": 172,
	"startColumn": 12,
	"endLineNumber": 172,
	"endColumn": 53,
	"origin": "extHost1"
},{
	"resource": "/Users/shashank/Documents/Code/Antigravity/Google Antingravity/munitax---dublin-municipality-tax-calculator/backend/tax-engine-service/src/main/java/com/munitax/taxengine/controller/InterestCalculationController.java",
	"owner": "_generated_diagnostic_collection_name_#6",
	"code": "16778128",
	"severity": 4,
	"message": "Null type safety: The expression of type 'UUID' needs unchecked conversion to conform to '@NonNull UUID'",
	"source": "Java",
	"startLineNumber": 94,
	"startColumn": 57,
	"endLineNumber": 94,
	"endColumn": 59,
	"origin": "extHost1"
},{
	"resource": "/Users/shashank/Documents/Code/Antigravity/Google Antingravity/munitax---dublin-municipality-tax-calculator/backend/tax-engine-service/src/main/java/com/munitax/taxengine/controller/InterestCalculationController.java",
	"owner": "_generated_diagnostic_collection_name_#6",
	"code": "536871362",
	"severity": 2,
	"message": "TODO: Replace with actual authentication service",
	"source": "Java",
	"startLineNumber": 39,
	"startColumn": 8,
	"endLineNumber": 39,
	"endColumn": 56,
	"origin": "extHost1"
},{
	"resource": "/Users/shashank/Documents/Code/Antigravity/Google Antingravity/munitax---dublin-municipality-tax-calculator/backend/tax-engine-service/src/main/java/com/munitax/taxengine/controller/InterestCalculationController.java",
	"owner": "_generated_diagnostic_collection_name_#6",
	"code": "536871362",
	"severity": 2,
	"message": "TODO: Add tenant isolation check",
	"source": "Java",
	"startLineNumber": 98,
	"startColumn": 12,
	"endLineNumber": 98,
	"endColumn": 44,
	"origin": "extHost1"
},{
	"resource": "/Users/shashank/Documents/Code/Antigravity/Google Antingravity/munitax---dublin-municipality-tax-calculator/backend/tax-engine-service/src/main/java/com/munitax/taxengine/controller/InterestCalculationController.java",
	"owner": "_generated_diagnostic_collection_name_#6",
	"code": "536871362",
	"severity": 2,
	"message": "TODO: Add tenant ID from security context",
	"source": "Java",
	"startLineNumber": 115,
	"startColumn": 12,
	"endLineNumber": 115,
	"endColumn": 53,
	"origin": "extHost1"
},{
	"resource": "/Users/shashank/Documents/Code/Antigravity/Google Antingravity/munitax---dublin-municipality-tax-calculator/backend/tax-engine-service/src/main/java/com/munitax/taxengine/controller/InterestCalculationController.java",
	"owner": "_generated_diagnostic_collection_name_#6",
	"code": "536871362",
	"severity": 2,
	"message": "TODO: Add tenant authorization check",
	"source": "Java",
	"startLineNumber": 134,
	"startColumn": 12,
	"endLineNumber": 134,
	"endColumn": 48,
	"origin": "extHost1"
},{
	"resource": "/Users/shashank/Documents/Code/Antigravity/Google Antingravity/munitax---dublin-municipality-tax-calculator/backend/tax-engine-service/src/main/java/com/munitax/taxengine/controller/NexusController.java",
	"owner": "_generated_diagnostic_collection_name_#6",
	"code": "268435844",
	"severity": 4,
	"message": "The import org.springframework.http.HttpStatus is never used",
	"source": "Java",
	"startLineNumber": 9,
	"startColumn": 8,
	"endLineNumber": 9,
	"endColumn": 43,
	"tags": [
		1
	],
	"origin": "extHost1"
},{
	"resource": "/Users/shashank/Documents/Code/Antigravity/Google Antingravity/munitax---dublin-municipality-tax-calculator/backend/tax-engine-service/src/main/java/com/munitax/taxengine/controller/NOLController.java",
	"owner": "_generated_diagnostic_collection_name_#6",
	"code": "16778128",
	"severity": 4,
	"message": "Null type safety: The expression of type 'UUID' needs unchecked conversion to conform to '@NonNull UUID'",
	"source": "Java",
	"startLineNumber": 270,
	"startColumn": 42,
	"endLineNumber": 270,
	"endColumn": 60,
	"origin": "extHost1"
},{
	"resource": "/Users/shashank/Documents/Code/Antigravity/Google Antingravity/munitax---dublin-municipality-tax-calculator/backend/tax-engine-service/src/main/java/com/munitax/taxengine/controller/PaymentAllocationController.java",
	"owner": "_generated_diagnostic_collection_name_#6",
	"code": "16778128",
	"severity": 4,
	"message": "Null type safety: The expression of type 'String' needs unchecked conversion to conform to '@NonNull String'",
	"source": "Java",
	"startLineNumber": 143,
	"startColumn": 59,
	"endLineNumber": 143,
	"endColumn": 66,
	"origin": "extHost1"
},{
	"resource": "/Users/shashank/Documents/Code/Antigravity/Google Antingravity/munitax---dublin-municipality-tax-calculator/backend/tax-engine-service/src/main/java/com/munitax/taxengine/controller/PaymentAllocationController.java",
	"owner": "_generated_diagnostic_collection_name_#6",
	"code": "536871362",
	"severity": 2,
	"message": "TODO: Replace with actual authentication service",
	"source": "Java",
	"startLineNumber": 47,
	"startColumn": 8,
	"endLineNumber": 47,
	"endColumn": 56,
	"origin": "extHost1"
},{
	"resource": "/Users/shashank/Documents/Code/Antigravity/Google Antingravity/munitax---dublin-municipality-tax-calculator/backend/tax-engine-service/src/main/java/com/munitax/taxengine/controller/PenaltyAbatementController.java",
	"owner": "_generated_diagnostic_collection_name_#6",
	"code": "16778128",
	"severity": 4,
	"message": "Null type safety: The expression of type 'UUID' needs unchecked conversion to conform to '@NonNull UUID'",
	"source": "Java",
	"startLineNumber": 106,
	"startColumn": 67,
	"endLineNumber": 106,
	"endColumn": 69,
	"origin": "extHost1"
},{
	"resource": "/Users/shashank/Documents/Code/Antigravity/Google Antingravity/munitax---dublin-municipality-tax-calculator/backend/tax-engine-service/src/main/java/com/munitax/taxengine/controller/PenaltyAbatementController.java",
	"owner": "_generated_diagnostic_collection_name_#6",
	"code": "536871362",
	"severity": 2,
	"message": "TODO: Replace with actual authentication service",
	"source": "Java",
	"startLineNumber": 45,
	"startColumn": 8,
	"endLineNumber": 45,
	"endColumn": 56,
	"origin": "extHost1"
},{
	"resource": "/Users/shashank/Documents/Code/Antigravity/Google Antingravity/munitax---dublin-municipality-tax-calculator/backend/tax-engine-service/src/main/java/com/munitax/taxengine/controller/PenaltyAbatementController.java",
	"owner": "_generated_diagnostic_collection_name_#6",
	"code": "536871362",
	"severity": 2,
	"message": "TODO: Add tenant isolation check",
	"source": "Java",
	"startLineNumber": 110,
	"startColumn": 12,
	"endLineNumber": 110,
	"endColumn": 44,
	"origin": "extHost1"
},{
	"resource": "/Users/shashank/Documents/Code/Antigravity/Google Antingravity/munitax---dublin-municipality-tax-calculator/backend/tax-engine-service/src/main/java/com/munitax/taxengine/controller/PenaltyAbatementController.java",
	"owner": "_generated_diagnostic_collection_name_#6",
	"code": "536871362",
	"severity": 2,
	"message": "TODO: Add tenant ID from security context",
	"source": "Java",
	"startLineNumber": 127,
	"startColumn": 12,
	"endLineNumber": 127,
	"endColumn": 53,
	"origin": "extHost1"
},{
	"resource": "/Users/shashank/Documents/Code/Antigravity/Google Antingravity/munitax---dublin-municipality-tax-calculator/backend/tax-engine-service/src/main/java/com/munitax/taxengine/controller/PenaltyAbatementController.java",
	"owner": "_generated_diagnostic_collection_name_#6",
	"code": "536871362",
	"severity": 2,
	"message": "TODO: Add tenant authorization check",
	"source": "Java",
	"startLineNumber": 146,
	"startColumn": 12,
	"endLineNumber": 146,
	"endColumn": 48,
	"origin": "extHost1"
},{
	"resource": "/Users/shashank/Documents/Code/Antigravity/Google Antingravity/munitax---dublin-municipality-tax-calculator/backend/tax-engine-service/src/main/java/com/munitax/taxengine/controller/PenaltyCalculationController.java",
	"owner": "_generated_diagnostic_collection_name_#6",
	"code": "16778128",
	"severity": 4,
	"message": "Null type safety: The expression of type 'String' needs unchecked conversion to conform to '@NonNull String'",
	"source": "Java",
	"startLineNumber": 159,
	"startColumn": 59,
	"endLineNumber": 159,
	"endColumn": 66,
	"origin": "extHost1"
},{
	"resource": "/Users/shashank/Documents/Code/Antigravity/Google Antingravity/munitax---dublin-municipality-tax-calculator/backend/tax-engine-service/src/main/java/com/munitax/taxengine/controller/PenaltyCalculationController.java",
	"owner": "_generated_diagnostic_collection_name_#6",
	"code": "536871362",
	"severity": 2,
	"message": "TODO: Replace with actual authentication service",
	"source": "Java",
	"startLineNumber": 51,
	"startColumn": 8,
	"endLineNumber": 51,
	"endColumn": 56,
	"origin": "extHost1"
},{
	"resource": "/Users/shashank/Documents/Code/Antigravity/Google Antingravity/munitax---dublin-municipality-tax-calculator/backend/tax-engine-service/src/main/java/com/munitax/taxengine/controller/ScheduleYController.java",
	"owner": "_generated_diagnostic_collection_name_#6",
	"code": "268435844",
	"severity": 4,
	"message": "The import java.util.HashMap is never used",
	"source": "Java",
	"startLineNumber": 21,
	"startColumn": 8,
	"endLineNumber": 21,
	"endColumn": 25,
	"tags": [
		1
	],
	"origin": "extHost1"
},{
	"resource": "/Users/shashank/Documents/Code/Antigravity/Google Antingravity/munitax---dublin-municipality-tax-calculator/backend/tax-engine-service/src/main/java/com/munitax/taxengine/controller/ScheduleYController.java",
	"owner": "_generated_diagnostic_collection_name_#6",
	"code": "570425421",
	"severity": 4,
	"message": "The value of the field ScheduleYController.salesFactorService is not used",
	"source": "Java",
	"startLineNumber": 42,
	"startColumn": 38,
	"endLineNumber": 42,
	"endColumn": 56,
	"tags": [
		1
	],
	"origin": "extHost1"
},{
	"resource": "/Users/shashank/Documents/Code/Antigravity/Google Antingravity/munitax---dublin-municipality-tax-calculator/backend/tax-engine-service/src/main/java/com/munitax/taxengine/controller/ScheduleYController.java",
	"owner": "_generated_diagnostic_collection_name_#6",
	"code": "570425421",
	"severity": 4,
	"message": "The value of the field ScheduleYController.nexusService is not used",
	"source": "Java",
	"startLineNumber": 43,
	"startColumn": 32,
	"endLineNumber": 43,
	"endColumn": 44,
	"tags": [
		1
	],
	"origin": "extHost1"
},{
	"resource": "/Users/shashank/Documents/Code/Antigravity/Google Antingravity/munitax---dublin-municipality-tax-calculator/backend/tax-engine-service/src/main/java/com/munitax/taxengine/controller/ScheduleYController.java",
	"owner": "_generated_diagnostic_collection_name_#6",
	"code": "16778128",
	"severity": 4,
	"message": "Null type safety: The expression of type 'UUID' needs unchecked conversion to conform to '@NonNull UUID'",
	"source": "Java",
	"startLineNumber": 195,
	"startColumn": 64,
	"endLineNumber": 195,
	"endColumn": 66,
	"origin": "extHost1"
},{
	"resource": "/Users/shashank/Documents/Code/Antigravity/Google Antingravity/munitax---dublin-municipality-tax-calculator/backend/tax-engine-service/src/main/java/com/munitax/taxengine/controller/ScheduleYController.java",
	"owner": "_generated_diagnostic_collection_name_#6",
	"code": "16778128",
	"severity": 4,
	"message": "Null type safety: The expression of type 'UUID' needs unchecked conversion to conform to '@NonNull UUID'",
	"source": "Java",
	"startLineNumber": 229,
	"startColumn": 64,
	"endLineNumber": 229,
	"endColumn": 66,
	"origin": "extHost1"
},{
	"resource": "/Users/shashank/Documents/Code/Antigravity/Google Antingravity/munitax---dublin-municipality-tax-calculator/backend/tax-engine-service/src/main/java/com/munitax/taxengine/controller/ScheduleYController.java",
	"owner": "_generated_diagnostic_collection_name_#6",
	"code": "16778128",
	"severity": 4,
	"message": "Null type safety: The expression of type 'UUID' needs unchecked conversion to conform to '@NonNull UUID'",
	"source": "Java",
	"startLineNumber": 288,
	"startColumn": 64,
	"endLineNumber": 288,
	"endColumn": 66,
	"origin": "extHost1"
},{
	"resource": "/Users/shashank/Documents/Code/Antigravity/Google Antingravity/munitax---dublin-municipality-tax-calculator/backend/tax-engine-service/src/main/java/com/munitax/taxengine/controller/ScheduleYController.java",
	"owner": "_generated_diagnostic_collection_name_#6",
	"code": "536871362",
	"severity": 2,
	"message": "TODO: Replace with actual authentication service",
	"source": "Java",
	"startLineNumber": 45,
	"startColumn": 8,
	"endLineNumber": 45,
	"endColumn": 56,
	"origin": "extHost1"
},{
	"resource": "/Users/shashank/Documents/Code/Antigravity/Google Antingravity/munitax---dublin-municipality-tax-calculator/backend/tax-engine-service/src/main/java/com/munitax/taxengine/domain/apportionment/ApportionmentAuditLog.java",
	"owner": "_generated_diagnostic_collection_name_#6",
	"code": "67110270",
	"severity": 4,
	"message": "The method strategy() from the type GenericGenerator is deprecated since version 6.2",
	"source": "Java",
	"startLineNumber": 29,
	"startColumn": 38,
	"endLineNumber": 29,
	"endColumn": 46,
	"tags": [
		2
	],
	"origin": "extHost1"
},{
	"resource": "/Users/shashank/Documents/Code/Antigravity/Google Antingravity/munitax---dublin-municipality-tax-calculator/backend/tax-engine-service/src/main/java/com/munitax/taxengine/domain/apportionment/NexusTracking.java",
	"owner": "_generated_diagnostic_collection_name_#6",
	"code": "67110270",
	"severity": 4,
	"message": "The method strategy() from the type GenericGenerator is deprecated since version 6.2",
	"source": "Java",
	"startLineNumber": 39,
	"startColumn": 38,
	"endLineNumber": 39,
	"endColumn": 46,
	"tags": [
		2
	],
	"origin": "extHost1"
},{
	"resource": "/Users/shashank/Documents/Code/Antigravity/Google Antingravity/munitax---dublin-municipality-tax-calculator/backend/tax-engine-service/src/main/java/com/munitax/taxengine/domain/apportionment/PayrollFactor.java",
	"owner": "_generated_diagnostic_collection_name_#6",
	"code": "67110270",
	"severity": 4,
	"message": "The method strategy() from the type GenericGenerator is deprecated since version 6.2",
	"source": "Java",
	"startLineNumber": 28,
	"startColumn": 38,
	"endLineNumber": 28,
	"endColumn": 46,
	"tags": [
		2
	],
	"origin": "extHost1"
},{
	"resource": "/Users/shashank/Documents/Code/Antigravity/Google Antingravity/munitax---dublin-municipality-tax-calculator/backend/tax-engine-service/src/main/java/com/munitax/taxengine/domain/apportionment/PropertyFactor.java",
	"owner": "_generated_diagnostic_collection_name_#6",
	"code": "67110270",
	"severity": 4,
	"message": "The method strategy() from the type GenericGenerator is deprecated since version 6.2",
	"source": "Java",
	"startLineNumber": 25,
	"startColumn": 38,
	"endLineNumber": 25,
	"endColumn": 46,
	"tags": [
		2
	],
	"origin": "extHost1"
},{
	"resource": "/Users/shashank/Documents/Code/Antigravity/Google Antingravity/munitax---dublin-municipality-tax-calculator/backend/tax-engine-service/src/main/java/com/munitax/taxengine/domain/apportionment/SalesFactor.java",
	"owner": "_generated_diagnostic_collection_name_#6",
	"code": "67110270",
	"severity": 4,
	"message": "The method strategy() from the type GenericGenerator is deprecated since version 6.2",
	"source": "Java",
	"startLineNumber": 27,
	"startColumn": 38,
	"endLineNumber": 27,
	"endColumn": 46,
	"tags": [
		2
	],
	"origin": "extHost1"
},{
	"resource": "/Users/shashank/Documents/Code/Antigravity/Google Antingravity/munitax---dublin-municipality-tax-calculator/backend/tax-engine-service/src/main/java/com/munitax/taxengine/domain/apportionment/SaleTransaction.java",
	"owner": "_generated_diagnostic_collection_name_#6",
	"code": "67110270",
	"severity": 4,
	"message": "The method strategy() from the type GenericGenerator is deprecated since version 6.2",
	"source": "Java",
	"startLineNumber": 32,
	"startColumn": 38,
	"endLineNumber": 32,
	"endColumn": 46,
	"tags": [
		2
	],
	"origin": "extHost1"
},{
	"resource": "/Users/shashank/Documents/Code/Antigravity/Google Antingravity/munitax---dublin-municipality-tax-calculator/backend/tax-engine-service/src/main/java/com/munitax/taxengine/domain/apportionment/ScheduleY.java",
	"owner": "_generated_diagnostic_collection_name_#6",
	"code": "67110270",
	"severity": 4,
	"message": "The method strategy() from the type GenericGenerator is deprecated since version 6.2",
	"source": "Java",
	"startLineNumber": 36,
	"startColumn": 38,
	"endLineNumber": 36,
	"endColumn": 46,
	"tags": [
		2
	],
	"origin": "extHost1"
},{
	"resource": "/Users/shashank/Documents/Code/Antigravity/Google Antingravity/munitax---dublin-municipality-tax-calculator/backend/tax-engine-service/src/main/java/com/munitax/taxengine/domain/apportionment/ScheduleY.java",
	"owner": "_generated_diagnostic_collection_name_#6",
	"code": "67110270",
	"severity": 4,
	"message": "The method divide(BigDecimal, int, int) from the type BigDecimal is deprecated since version 9",
	"source": "Java",
	"startLineNumber": 171,
	"startColumn": 57,
	"endLineNumber": 171,
	"endColumn": 63,
	"tags": [
		2
	],
	"origin": "extHost1"
},{
	"resource": "/Users/shashank/Documents/Code/Antigravity/Google Antingravity/munitax---dublin-municipality-tax-calculator/backend/tax-engine-service/src/main/java/com/munitax/taxengine/domain/apportionment/ScheduleY.java",
	"owner": "_generated_diagnostic_collection_name_#6",
	"code": "33555840",
	"severity": 4,
	"message": "The field BigDecimal.ROUND_HALF_UP is deprecated since version 9",
	"source": "Java",
	"startLineNumber": 171,
	"startColumn": 111,
	"endLineNumber": 171,
	"endColumn": 124,
	"tags": [
		2
	],
	"origin": "extHost1"
},{
	"resource": "/Users/shashank/Documents/Code/Antigravity/Google Antingravity/munitax---dublin-municipality-tax-calculator/backend/tax-engine-service/src/main/java/com/munitax/taxengine/dto/BusinessScheduleXDetailsDto.java",
	"owner": "_generated_diagnostic_collection_name_#6",
	"code": "268435844",
	"severity": 4,
	"message": "The import java.util.Map is never used",
	"source": "Java",
	"startLineNumber": 6,
	"startColumn": 8,
	"endLineNumber": 6,
	"endColumn": 21,
	"tags": [
		1
	],
	"origin": "extHost1"
},{
	"resource": "/Users/shashank/Documents/Code/Antigravity/Google Antingravity/munitax---dublin-municipality-tax-calculator/backend/tax-engine-service/src/main/java/com/munitax/taxengine/dto/FormulaComparisonDto.java",
	"owner": "_generated_diagnostic_collection_name_#6",
	"code": "268435844",
	"severity": 4,
	"message": "The import com.munitax.taxengine.domain.apportionment.ApportionmentFormula is never used",
	"source": "Java",
	"startLineNumber": 3,
	"startColumn": 8,
	"endLineNumber": 3,
	"endColumn": 71,
	"tags": [
		1
	],
	"origin": "extHost1"
},{
	"resource": "/Users/shashank/Documents/Code/Antigravity/Google Antingravity/munitax---dublin-municipality-tax-calculator/backend/tax-engine-service/src/main/java/com/munitax/taxengine/dto/ScheduleYRequest.java",
	"owner": "_generated_diagnostic_collection_name_#6",
	"code": "268435844",
	"severity": 4,
	"message": "The import java.math.BigDecimal is never used",
	"source": "Java",
	"startLineNumber": 14,
	"startColumn": 8,
	"endLineNumber": 14,
	"endColumn": 28,
	"tags": [
		1
	],
	"origin": "extHost1"
},{
	"resource": "/Users/shashank/Documents/Code/Antigravity/Google Antingravity/munitax---dublin-municipality-tax-calculator/backend/tax-engine-service/src/main/java/com/munitax/taxengine/service/BusinessScheduleXService.java",
	"owner": "_generated_diagnostic_collection_name_#6",
	"code": "268435844",
	"severity": 4,
	"message": "The import java.util.ArrayList is never used",
	"source": "Java",
	"startLineNumber": 12,
	"startColumn": 8,
	"endLineNumber": 12,
	"endColumn": 27,
	"tags": [
		1
	],
	"origin": "extHost1"
},{
	"resource": "/Users/shashank/Documents/Code/Antigravity/Google Antingravity/munitax---dublin-municipality-tax-calculator/backend/tax-engine-service/src/main/java/com/munitax/taxengine/service/FormulaConfigService.java",
	"owner": "_generated_diagnostic_collection_name_#6",
	"code": "16777748",
	"severity": 4,
	"message": "Type safety: The expression of type Map needs unchecked conversion to conform to Map<String,Object>",
	"source": "Java",
	"startLineNumber": 47,
	"startColumn": 44,
	"endLineNumber": 47,
	"endColumn": 85,
	"origin": "extHost1"
},{
	"resource": "/Users/shashank/Documents/Code/Antigravity/Google Antingravity/munitax---dublin-municipality-tax-calculator/backend/tax-engine-service/src/main/java/com/munitax/taxengine/service/FormulaConfigService.java",
	"owner": "_generated_diagnostic_collection_name_#6",
	"code": "16778128",
	"severity": 4,
	"message": "Null type safety: The expression of type 'String' needs unchecked conversion to conform to '@NonNull String'",
	"source": "Java",
	"startLineNumber": 47,
	"startColumn": 70,
	"endLineNumber": 47,
	"endColumn": 73,
	"origin": "extHost1"
},{
	"resource": "/Users/shashank/Documents/Code/Antigravity/Google Antingravity/munitax---dublin-municipality-tax-calculator/backend/tax-engine-service/src/main/java/com/munitax/taxengine/service/FormulaConfigService.java",
	"owner": "_generated_diagnostic_collection_name_#6",
	"code": "16777748",
	"severity": 4,
	"message": "Type safety: The expression of type Map needs unchecked conversion to conform to Map<String,Object>",
	"source": "Java",
	"startLineNumber": 124,
	"startColumn": 44,
	"endLineNumber": 124,
	"endColumn": 85,
	"origin": "extHost1"
},{
	"resource": "/Users/shashank/Documents/Code/Antigravity/Google Antingravity/munitax---dublin-municipality-tax-calculator/backend/tax-engine-service/src/main/java/com/munitax/taxengine/service/FormulaConfigService.java",
	"owner": "_generated_diagnostic_collection_name_#6",
	"code": "16778128",
	"severity": 4,
	"message": "Null type safety: The expression of type 'String' needs unchecked conversion to conform to '@NonNull String'",
	"source": "Java",
	"startLineNumber": 124,
	"startColumn": 70,
	"endLineNumber": 124,
	"endColumn": 73,
	"origin": "extHost1"
},{
	"resource": "/Users/shashank/Documents/Code/Antigravity/Google Antingravity/munitax---dublin-municipality-tax-calculator/backend/tax-engine-service/src/main/java/com/munitax/taxengine/service/NexusService.java",
	"owner": "_generated_diagnostic_collection_name_#6",
	"code": "268435844",
	"severity": 4,
	"message": "The import java.time.LocalDateTime is never used",
	"source": "Java",
	"startLineNumber": 13,
	"startColumn": 8,
	"endLineNumber": 13,
	"endColumn": 31,
	"tags": [
		1
	],
	"origin": "extHost1"
},{
	"resource": "/Users/shashank/Documents/Code/Antigravity/Google Antingravity/munitax---dublin-municipality-tax-calculator/backend/tax-engine-service/src/main/java/com/munitax/taxengine/service/NOLCarrybackService.java",
	"owner": "_generated_diagnostic_collection_name_#6",
	"code": "16778128",
	"severity": 4,
	"message": "Null type safety: The expression of type 'UUID' needs unchecked conversion to conform to '@NonNull UUID'",
	"source": "Java",
	"startLineNumber": 82,
	"startColumn": 42,
	"endLineNumber": 82,
	"endColumn": 47,
	"origin": "extHost1"
},{
	"resource": "/Users/shashank/Documents/Code/Antigravity/Google Antingravity/munitax---dublin-municipality-tax-calculator/backend/tax-engine-service/src/main/java/com/munitax/taxengine/service/NOLCarrybackService.java",
	"owner": "_generated_diagnostic_collection_name_#6",
	"code": "16778128",
	"severity": 4,
	"message": "Null type safety: The expression of type 'NOLCarryback' needs unchecked conversion to conform to '@NonNull NOLCarryback'",
	"source": "Java",
	"startLineNumber": 150,
	"startColumn": 53,
	"endLineNumber": 150,
	"endColumn": 62,
	"origin": "extHost1"
},{
	"resource": "/Users/shashank/Documents/Code/Antigravity/Google Antingravity/munitax---dublin-municipality-tax-calculator/backend/tax-engine-service/src/main/java/com/munitax/taxengine/service/NOLCarrybackService.java",
	"owner": "_generated_diagnostic_collection_name_#6",
	"code": "16778128",
	"severity": 4,
	"message": "Null type safety: The expression of type 'UUID' needs unchecked conversion to conform to '@NonNull UUID'",
	"source": "Java",
	"startLineNumber": 192,
	"startColumn": 66,
	"endLineNumber": 192,
	"endColumn": 77,
	"origin": "extHost1"
},{
	"resource": "/Users/shashank/Documents/Code/Antigravity/Google Antingravity/munitax---dublin-municipality-tax-calculator/backend/tax-engine-service/src/main/java/com/munitax/taxengine/service/NOLScheduleService.java",
	"owner": "_generated_diagnostic_collection_name_#6",
	"code": "16778128",
	"severity": 4,
	"message": "Null type safety: The expression of type 'NOLSchedule' needs unchecked conversion to conform to '@NonNull NOLSchedule'",
	"source": "Java",
	"startLineNumber": 114,
	"startColumn": 47,
	"endLineNumber": 114,
	"endColumn": 55,
	"origin": "extHost1"
},{
	"resource": "/Users/shashank/Documents/Code/Antigravity/Google Antingravity/munitax---dublin-municipality-tax-calculator/backend/tax-engine-service/src/main/java/com/munitax/taxengine/service/NOLService.java",
	"owner": "_generated_diagnostic_collection_name_#6",
	"code": "268435844",
	"severity": 4,
	"message": "The import java.time.LocalDateTime is never used",
	"source": "Java",
	"startLineNumber": 13,
	"startColumn": 8,
	"endLineNumber": 13,
	"endColumn": 31,
	"tags": [
		1
	],
	"origin": "extHost1"
},{
	"resource": "/Users/shashank/Documents/Code/Antigravity/Google Antingravity/munitax---dublin-municipality-tax-calculator/backend/tax-engine-service/src/main/java/com/munitax/taxengine/service/NOLService.java",
	"owner": "_generated_diagnostic_collection_name_#6",
	"code": "570425421",
	"severity": 4,
	"message": "The value of the field NOLService.nolCarrybackRepository is not used",
	"source": "Java",
	"startLineNumber": 47,
	"startColumn": 42,
	"endLineNumber": 47,
	"endColumn": 64,
	"tags": [
		1
	],
	"origin": "extHost1"
},{
	"resource": "/Users/shashank/Documents/Code/Antigravity/Google Antingravity/munitax---dublin-municipality-tax-calculator/backend/tax-engine-service/src/main/java/com/munitax/taxengine/service/NOLService.java",
	"owner": "_generated_diagnostic_collection_name_#6",
	"code": "570425421",
	"severity": 4,
	"message": "The value of the field NOLService.nolScheduleRepository is not used",
	"source": "Java",
	"startLineNumber": 48,
	"startColumn": 41,
	"endLineNumber": 48,
	"endColumn": 62,
	"tags": [
		1
	],
	"origin": "extHost1"
},{
	"resource": "/Users/shashank/Documents/Code/Antigravity/Google Antingravity/munitax---dublin-municipality-tax-calculator/backend/tax-engine-service/src/main/java/com/munitax/taxengine/service/NOLService.java",
	"owner": "_generated_diagnostic_collection_name_#6",
	"code": "570425421",
	"severity": 4,
	"message": "The value of the field NOLService.nolAmendmentRepository is not used",
	"source": "Java",
	"startLineNumber": 50,
	"startColumn": 42,
	"endLineNumber": 50,
	"endColumn": 64,
	"tags": [
		1
	],
	"origin": "extHost1"
},{
	"resource": "/Users/shashank/Documents/Code/Antigravity/Google Antingravity/munitax---dublin-municipality-tax-calculator/backend/tax-engine-service/src/main/java/com/munitax/taxengine/service/NOLService.java",
	"owner": "_generated_diagnostic_collection_name_#6",
	"code": "570425421",
	"severity": 4,
	"message": "The value of the field NOLService.CARES_ACT_START_YEAR is not used",
	"source": "Java",
	"startLineNumber": 56,
	"startColumn": 30,
	"endLineNumber": 56,
	"endColumn": 50,
	"tags": [
		1
	],
	"origin": "extHost1"
},{
	"resource": "/Users/shashank/Documents/Code/Antigravity/Google Antingravity/munitax---dublin-municipality-tax-calculator/backend/tax-engine-service/src/main/java/com/munitax/taxengine/service/NOLService.java",
	"owner": "_generated_diagnostic_collection_name_#6",
	"code": "570425421",
	"severity": 4,
	"message": "The value of the field NOLService.CARES_ACT_END_YEAR is not used",
	"source": "Java",
	"startLineNumber": 57,
	"startColumn": 30,
	"endLineNumber": 57,
	"endColumn": 48,
	"tags": [
		1
	],
	"origin": "extHost1"
},{
	"resource": "/Users/shashank/Documents/Code/Antigravity/Google Antingravity/munitax---dublin-municipality-tax-calculator/backend/tax-engine-service/src/main/java/com/munitax/taxengine/service/NOLService.java",
	"owner": "_generated_diagnostic_collection_name_#6",
	"code": "570425421",
	"severity": 4,
	"message": "The value of the field NOLService.CARES_ACT_CARRYBACK_YEARS is not used",
	"source": "Java",
	"startLineNumber": 58,
	"startColumn": 30,
	"endLineNumber": 58,
	"endColumn": 55,
	"tags": [
		1
	],
	"origin": "extHost1"
},{
	"resource": "/Users/shashank/Documents/Code/Antigravity/Google Antingravity/munitax---dublin-municipality-tax-calculator/backend/tax-engine-service/src/main/java/com/munitax/taxengine/service/NOLService.java",
	"owner": "_generated_diagnostic_collection_name_#6",
	"code": "16778128",
	"severity": 4,
	"message": "Null type safety: The expression of type 'NOL' needs unchecked conversion to conform to '@NonNull NOL'",
	"source": "Java",
	"startLineNumber": 136,
	"startColumn": 34,
	"endLineNumber": 136,
	"endColumn": 37,
	"origin": "extHost1"
},{
	"resource": "/Users/shashank/Documents/Code/Antigravity/Google Antingravity/munitax---dublin-municipality-tax-calculator/backend/tax-engine-service/src/main/java/com/munitax/taxengine/service/NOLService.java",
	"owner": "_generated_diagnostic_collection_name_#6",
	"code": "16778128",
	"severity": 4,
	"message": "Null type safety: The expression of type 'NOLUsage' needs unchecked conversion to conform to '@NonNull NOLUsage'",
	"source": "Java",
	"startLineNumber": 298,
	"startColumn": 45,
	"endLineNumber": 298,
	"endColumn": 50,
	"origin": "extHost1"
},{
	"resource": "/Users/shashank/Documents/Code/Antigravity/Google Antingravity/munitax---dublin-municipality-tax-calculator/backend/tax-engine-service/src/main/java/com/munitax/taxengine/service/NOLService.java",
	"owner": "_generated_diagnostic_collection_name_#6",
	"code": "16778128",
	"severity": 4,
	"message": "Null type safety: The expression of type 'NOLExpirationAlert' needs unchecked conversion to conform to '@NonNull NOLExpirationAlert'",
	"source": "Java",
	"startLineNumber": 393,
	"startColumn": 43,
	"endLineNumber": 393,
	"endColumn": 48,
	"origin": "extHost1"
},{
	"resource": "/Users/shashank/Documents/Code/Antigravity/Google Antingravity/munitax---dublin-municipality-tax-calculator/backend/tax-engine-service/src/main/java/com/munitax/taxengine/service/PdfServiceIntegrationService.java",
	"owner": "_generated_diagnostic_collection_name_#6",
	"code": "268435844",
	"severity": 4,
	"message": "The import org.springframework.core.io.ByteArrayResource is never used",
	"source": "Java",
	"startLineNumber": 6,
	"startColumn": 8,
	"endLineNumber": 6,
	"endColumn": 53,
	"tags": [
		1
	],
	"origin": "extHost1"
},{
	"resource": "/Users/shashank/Documents/Code/Antigravity/Google Antingravity/munitax---dublin-municipality-tax-calculator/backend/tax-engine-service/src/main/java/com/munitax/taxengine/service/PdfServiceIntegrationService.java",
	"owner": "_generated_diagnostic_collection_name_#6",
	"code": "268435844",
	"severity": 4,
	"message": "The import org.springframework.util.LinkedMultiValueMap is never used",
	"source": "Java",
	"startLineNumber": 9,
	"startColumn": 8,
	"endLineNumber": 9,
	"endColumn": 52,
	"tags": [
		1
	],
	"origin": "extHost1"
},{
	"resource": "/Users/shashank/Documents/Code/Antigravity/Google Antingravity/munitax---dublin-municipality-tax-calculator/backend/tax-engine-service/src/main/java/com/munitax/taxengine/service/PdfServiceIntegrationService.java",
	"owner": "_generated_diagnostic_collection_name_#6",
	"code": "268435844",
	"severity": 4,
	"message": "The import org.springframework.util.MultiValueMap is never used",
	"source": "Java",
	"startLineNumber": 10,
	"startColumn": 8,
	"endLineNumber": 10,
	"endColumn": 46,
	"tags": [
		1
	],
	"origin": "extHost1"
},{
	"resource": "/Users/shashank/Documents/Code/Antigravity/Google Antingravity/munitax---dublin-municipality-tax-calculator/backend/tax-engine-service/src/main/java/com/munitax/taxengine/service/PdfServiceIntegrationService.java",
	"owner": "_generated_diagnostic_collection_name_#6",
	"code": "16777788",
	"severity": 4,
	"message": "Map is a raw type. References to generic type Map<K,V> should be parameterized",
	"source": "Java",
	"startLineNumber": 100,
	"startColumn": 28,
	"endLineNumber": 100,
	"endColumn": 31,
	"origin": "extHost1"
},{
	"resource": "/Users/shashank/Documents/Code/Antigravity/Google Antingravity/munitax---dublin-municipality-tax-calculator/backend/tax-engine-service/src/main/java/com/munitax/taxengine/service/PdfServiceIntegrationService.java",
	"owner": "_generated_diagnostic_collection_name_#6",
	"code": "16778128",
	"severity": 4,
	"message": "Null type safety: The expression of type 'String' needs unchecked conversion to conform to '@NonNull String'",
	"source": "Java",
	"startLineNumber": 100,
	"startColumn": 71,
	"endLineNumber": 100,
	"endColumn": 74,
	"origin": "extHost1"
},{
	"resource": "/Users/shashank/Documents/Code/Antigravity/Google Antingravity/munitax---dublin-municipality-tax-calculator/backend/tax-engine-service/src/main/java/com/munitax/taxengine/service/PdfServiceIntegrationService.java",
	"owner": "_generated_diagnostic_collection_name_#6",
	"code": "16777748",
	"severity": 4,
	"message": "Type safety: The expression of type Map needs unchecked conversion to conform to Map<String,Object>",
	"source": "Java",
	"startLineNumber": 103,
	"startColumn": 52,
	"endLineNumber": 103,
	"endColumn": 70,
	"origin": "extHost1"
},{
	"resource": "/Users/shashank/Documents/Code/Antigravity/Google Antingravity/munitax---dublin-municipality-tax-calculator/backend/tax-engine-service/src/main/java/com/munitax/taxengine/service/PdfServiceIntegrationService.java",
	"owner": "_generated_diagnostic_collection_name_#6",
	"code": "536871364",
	"severity": 4,
	"message": "Potential null pointer access: The variable responseBody may be null at this location",
	"source": "Java",
	"startLineNumber": 104,
	"startColumn": 43,
	"endLineNumber": 104,
	"endColumn": 55,
	"origin": "extHost1"
},{
	"resource": "/Users/shashank/Documents/Code/Antigravity/Google Antingravity/munitax---dublin-municipality-tax-calculator/backend/tax-engine-service/src/main/java/com/munitax/taxengine/service/PdfServiceIntegrationService.java",
	"owner": "_generated_diagnostic_collection_name_#6",
	"code": "16777788",
	"severity": 4,
	"message": "Map is a raw type. References to generic type Map<K,V> should be parameterized",
	"source": "Java",
	"startLineNumber": 154,
	"startColumn": 28,
	"endLineNumber": 154,
	"endColumn": 31,
	"origin": "extHost1"
},{
	"resource": "/Users/shashank/Documents/Code/Antigravity/Google Antingravity/munitax---dublin-municipality-tax-calculator/backend/tax-engine-service/src/main/java/com/munitax/taxengine/service/PdfServiceIntegrationService.java",
	"owner": "_generated_diagnostic_collection_name_#6",
	"code": "16778128",
	"severity": 4,
	"message": "Null type safety: The expression of type 'String' needs unchecked conversion to conform to '@NonNull String'",
	"source": "Java",
	"startLineNumber": 154,
	"startColumn": 71,
	"endLineNumber": 154,
	"endColumn": 74,
	"origin": "extHost1"
},{
	"resource": "/Users/shashank/Documents/Code/Antigravity/Google Antingravity/munitax---dublin-municipality-tax-calculator/backend/tax-engine-service/src/main/java/com/munitax/taxengine/service/PdfServiceIntegrationService.java",
	"owner": "_generated_diagnostic_collection_name_#6",
	"code": "16777748",
	"severity": 4,
	"message": "Type safety: The expression of type Map needs unchecked conversion to conform to Map<String,Object>",
	"source": "Java",
	"startLineNumber": 157,
	"startColumn": 52,
	"endLineNumber": 157,
	"endColumn": 70,
	"origin": "extHost1"
},{
	"resource": "/Users/shashank/Documents/Code/Antigravity/Google Antingravity/munitax---dublin-municipality-tax-calculator/backend/tax-engine-service/src/main/java/com/munitax/taxengine/service/PdfServiceIntegrationService.java",
	"owner": "_generated_diagnostic_collection_name_#6",
	"code": "536871364",
	"severity": 4,
	"message": "Potential null pointer access: The variable responseBody may be null at this location",
	"source": "Java",
	"startLineNumber": 158,
	"startColumn": 43,
	"endLineNumber": 158,
	"endColumn": 55,
	"origin": "extHost1"
},{
	"resource": "/Users/shashank/Documents/Code/Antigravity/Google Antingravity/munitax---dublin-municipality-tax-calculator/backend/tax-engine-service/src/main/java/com/munitax/taxengine/service/PdfServiceIntegrationService.java",
	"owner": "_generated_diagnostic_collection_name_#6",
	"code": "16777788",
	"severity": 4,
	"message": "Map is a raw type. References to generic type Map<K,V> should be parameterized",
	"source": "Java",
	"startLineNumber": 209,
	"startColumn": 28,
	"endLineNumber": 209,
	"endColumn": 31,
	"origin": "extHost1"
},{
	"resource": "/Users/shashank/Documents/Code/Antigravity/Google Antingravity/munitax---dublin-municipality-tax-calculator/backend/tax-engine-service/src/main/java/com/munitax/taxengine/service/PdfServiceIntegrationService.java",
	"owner": "_generated_diagnostic_collection_name_#6",
	"code": "16778128",
	"severity": 4,
	"message": "Null type safety: The expression of type 'String' needs unchecked conversion to conform to '@NonNull String'",
	"source": "Java",
	"startLineNumber": 209,
	"startColumn": 71,
	"endLineNumber": 209,
	"endColumn": 74,
	"origin": "extHost1"
},{
	"resource": "/Users/shashank/Documents/Code/Antigravity/Google Antingravity/munitax---dublin-municipality-tax-calculator/backend/tax-engine-service/src/main/java/com/munitax/taxengine/service/PdfServiceIntegrationService.java",
	"owner": "_generated_diagnostic_collection_name_#6",
	"code": "16777748",
	"severity": 4,
	"message": "Type safety: The expression of type Map needs unchecked conversion to conform to Map<String,Object>",
	"source": "Java",
	"startLineNumber": 212,
	"startColumn": 52,
	"endLineNumber": 212,
	"endColumn": 70,
	"origin": "extHost1"
},{
	"resource": "/Users/shashank/Documents/Code/Antigravity/Google Antingravity/munitax---dublin-municipality-tax-calculator/backend/tax-engine-service/src/main/java/com/munitax/taxengine/service/PdfServiceIntegrationService.java",
	"owner": "_generated_diagnostic_collection_name_#6",
	"code": "536871364",
	"severity": 4,
	"message": "Potential null pointer access: The variable responseBody may be null at this location",
	"source": "Java",
	"startLineNumber": 213,
	"startColumn": 43,
	"endLineNumber": 213,
	"endColumn": 55,
	"origin": "extHost1"
},{
	"resource": "/Users/shashank/Documents/Code/Antigravity/Google Antingravity/munitax---dublin-municipality-tax-calculator/backend/tax-engine-service/src/main/java/com/munitax/taxengine/service/PdfServiceIntegrationService.java",
	"owner": "_generated_diagnostic_collection_name_#6",
	"code": "16777788",
	"severity": 4,
	"message": "Map is a raw type. References to generic type Map<K,V> should be parameterized",
	"source": "Java",
	"startLineNumber": 264,
	"startColumn": 28,
	"endLineNumber": 264,
	"endColumn": 31,
	"origin": "extHost1"
},{
	"resource": "/Users/shashank/Documents/Code/Antigravity/Google Antingravity/munitax---dublin-municipality-tax-calculator/backend/tax-engine-service/src/main/java/com/munitax/taxengine/service/PdfServiceIntegrationService.java",
	"owner": "_generated_diagnostic_collection_name_#6",
	"code": "16778128",
	"severity": 4,
	"message": "Null type safety: The expression of type 'String' needs unchecked conversion to conform to '@NonNull String'",
	"source": "Java",
	"startLineNumber": 264,
	"startColumn": 71,
	"endLineNumber": 264,
	"endColumn": 74,
	"origin": "extHost1"
},{
	"resource": "/Users/shashank/Documents/Code/Antigravity/Google Antingravity/munitax---dublin-municipality-tax-calculator/backend/tax-engine-service/src/main/java/com/munitax/taxengine/service/PdfServiceIntegrationService.java",
	"owner": "_generated_diagnostic_collection_name_#6",
	"code": "16777748",
	"severity": 4,
	"message": "Type safety: The expression of type Map needs unchecked conversion to conform to Map<String,Object>",
	"source": "Java",
	"startLineNumber": 267,
	"startColumn": 52,
	"endLineNumber": 267,
	"endColumn": 70,
	"origin": "extHost1"
},{
	"resource": "/Users/shashank/Documents/Code/Antigravity/Google Antingravity/munitax---dublin-municipality-tax-calculator/backend/tax-engine-service/src/main/java/com/munitax/taxengine/service/PdfServiceIntegrationService.java",
	"owner": "_generated_diagnostic_collection_name_#6",
	"code": "536871364",
	"severity": 4,
	"message": "Potential null pointer access: The variable responseBody may be null at this location",
	"source": "Java",
	"startLineNumber": 268,
	"startColumn": 43,
	"endLineNumber": 268,
	"endColumn": 55,
	"origin": "extHost1"
},{
	"resource": "/Users/shashank/Documents/Code/Antigravity/Google Antingravity/munitax---dublin-municipality-tax-calculator/backend/tax-engine-service/src/main/java/com/munitax/taxengine/service/PdfServiceIntegrationService.java",
	"owner": "_generated_diagnostic_collection_name_#6",
	"code": "16778128",
	"severity": 4,
	"message": "Null type safety: The expression of type 'String' needs unchecked conversion to conform to '@NonNull String'",
	"source": "Java",
	"startLineNumber": 296,
	"startColumn": 73,
	"endLineNumber": 296,
	"endColumn": 76,
	"origin": "extHost1"
},{
	"resource": "/Users/shashank/Documents/Code/Antigravity/Google Antingravity/munitax---dublin-municipality-tax-calculator/backend/tax-engine-service/src/main/java/com/munitax/taxengine/service/PdfServiceIntegrationService.java",
	"owner": "_generated_diagnostic_collection_name_#6",
	"code": "16778128",
	"severity": 4,
	"message": "Null type safety: The expression of type 'String' needs unchecked conversion to conform to '@NonNull String'",
	"source": "Java",
	"startLineNumber": 320,
	"startColumn": 39,
	"endLineNumber": 320,
	"endColumn": 42,
	"origin": "extHost1"
},{
	"resource": "/Users/shashank/Documents/Code/Antigravity/Google Antingravity/munitax---dublin-municipality-tax-calculator/backend/tax-engine-service/src/main/java/com/munitax/taxengine/service/penalty/CombinedPenaltyCapService.java",
	"owner": "_generated_diagnostic_collection_name_#6",
	"code": "268435844",
	"severity": 4,
	"message": "The import java.time.LocalDate is never used",
	"source": "Java",
	"startLineNumber": 15,
	"startColumn": 8,
	"endLineNumber": 15,
	"endColumn": 27,
	"tags": [
		1
	],
	"origin": "extHost1"
},{
	"resource": "/Users/shashank/Documents/Code/Antigravity/Google Antingravity/munitax---dublin-municipality-tax-calculator/backend/tax-engine-service/src/main/java/com/munitax/taxengine/service/penalty/CombinedPenaltyCapService.java",
	"owner": "_generated_diagnostic_collection_name_#6",
	"code": "536871364",
	"severity": 4,
	"message": "Potential null pointer access: The variable payment may be null at this location",
	"source": "Java",
	"startLineNumber": 259,
	"startColumn": 67,
	"endLineNumber": 259,
	"endColumn": 74,
	"origin": "extHost1"
},{
	"resource": "/Users/shashank/Documents/Code/Antigravity/Google Antingravity/munitax---dublin-municipality-tax-calculator/backend/tax-engine-service/src/main/java/com/munitax/taxengine/service/penalty/CombinedPenaltyCapService.java",
	"owner": "_generated_diagnostic_collection_name_#6",
	"code": "536871364",
	"severity": 4,
	"message": "Potential null pointer access: The variable payment may be null at this location",
	"source": "Java",
	"startLineNumber": 260,
	"startColumn": 83,
	"endLineNumber": 260,
	"endColumn": 90,
	"origin": "extHost1"
},{
	"resource": "/Users/shashank/Documents/Code/Antigravity/Google Antingravity/munitax---dublin-municipality-tax-calculator/backend/tax-engine-service/src/main/java/com/munitax/taxengine/service/penalty/CombinedPenaltyCapService.java",
	"owner": "_generated_diagnostic_collection_name_#6",
	"code": "536871364",
	"severity": 4,
	"message": "Potential null pointer access: The variable payment may be null at this location",
	"source": "Java",
	"startLineNumber": 261,
	"startColumn": 65,
	"endLineNumber": 261,
	"endColumn": 72,
	"origin": "extHost1"
},{
	"resource": "/Users/shashank/Documents/Code/Antigravity/Google Antingravity/munitax---dublin-municipality-tax-calculator/backend/tax-engine-service/src/main/java/com/munitax/taxengine/service/penalty/CombinedPenaltyCapService.java",
	"owner": "_generated_diagnostic_collection_name_#6",
	"code": "536871364",
	"severity": 4,
	"message": "Potential null pointer access: The variable payment may be null at this location",
	"source": "Java",
	"startLineNumber": 262,
	"startColumn": 63,
	"endLineNumber": 262,
	"endColumn": 70,
	"origin": "extHost1"
},{
	"resource": "/Users/shashank/Documents/Code/Antigravity/Google Antingravity/munitax---dublin-municipality-tax-calculator/backend/tax-engine-service/src/main/java/com/munitax/taxengine/service/penalty/CombinedPenaltyCapService.java",
	"owner": "_generated_diagnostic_collection_name_#6",
	"code": "536871364",
	"severity": 4,
	"message": "Potential null pointer access: The variable payment may be null at this location",
	"source": "Java",
	"startLineNumber": 318,
	"startColumn": 78,
	"endLineNumber": 318,
	"endColumn": 85,
	"origin": "extHost1"
},{
	"resource": "/Users/shashank/Documents/Code/Antigravity/Google Antingravity/munitax---dublin-municipality-tax-calculator/backend/tax-engine-service/src/main/java/com/munitax/taxengine/service/penalty/CombinedPenaltyCapService.java",
	"owner": "_generated_diagnostic_collection_name_#6",
	"code": "536871364",
	"severity": 4,
	"message": "Potential null pointer access: The variable payment may be null at this location",
	"source": "Java",
	"startLineNumber": 319,
	"startColumn": 92,
	"endLineNumber": 319,
	"endColumn": 99,
	"origin": "extHost1"
},{
	"resource": "/Users/shashank/Documents/Code/Antigravity/Google Antingravity/munitax---dublin-municipality-tax-calculator/backend/tax-engine-service/src/main/java/com/munitax/taxengine/service/penalty/CombinedPenaltyCapService.java",
	"owner": "_generated_diagnostic_collection_name_#6",
	"code": "536871364",
	"severity": 4,
	"message": "Potential null pointer access: The variable payment may be null at this location",
	"source": "Java",
	"startLineNumber": 320,
	"startColumn": 68,
	"endLineNumber": 320,
	"endColumn": 75,
	"origin": "extHost1"
},{
	"resource": "/Users/shashank/Documents/Code/Antigravity/Google Antingravity/munitax---dublin-municipality-tax-calculator/backend/tax-engine-service/src/main/java/com/munitax/taxengine/service/penalty/CombinedPenaltyCapService.java",
	"owner": "_generated_diagnostic_collection_name_#6",
	"code": "536871364",
	"severity": 4,
	"message": "Potential null pointer access: The variable payment may be null at this location",
	"source": "Java",
	"startLineNumber": 321,
	"startColumn": 72,
	"endLineNumber": 321,
	"endColumn": 79,
	"origin": "extHost1"
},{
	"resource": "/Users/shashank/Documents/Code/Antigravity/Google Antingravity/munitax---dublin-municipality-tax-calculator/backend/tax-engine-service/src/main/java/com/munitax/taxengine/service/penalty/EstimatedTaxPenaltyService.java",
	"owner": "_generated_diagnostic_collection_name_#6",
	"code": "570425421",
	"severity": 4,
	"message": "The value of the field EstimatedTaxPenaltyService.NUMBER_OF_QUARTERS is not used",
	"source": "Java",
	"startLineNumber": 51,
	"startColumn": 30,
	"endLineNumber": 51,
	"endColumn": 48,
	"tags": [
		1
	],
	"origin": "extHost1"
},{
	"resource": "/Users/shashank/Documents/Code/Antigravity/Google Antingravity/munitax---dublin-municipality-tax-calculator/backend/tax-engine-service/src/main/java/com/munitax/taxengine/service/penalty/EstimatedTaxPenaltyService.java",
	"owner": "_generated_diagnostic_collection_name_#6",
	"code": "16778128",
	"severity": 4,
	"message": "Null type safety: The expression of type 'EstimatedTaxPenalty' needs unchecked conversion to conform to '@NonNull EstimatedTaxPenalty'",
	"source": "Java",
	"startLineNumber": 140,
	"startColumn": 79,
	"endLineNumber": 140,
	"endColumn": 86,
	"origin": "extHost1"
},{
	"resource": "/Users/shashank/Documents/Code/Antigravity/Google Antingravity/munitax---dublin-municipality-tax-calculator/backend/tax-engine-service/src/main/java/com/munitax/taxengine/service/penalty/EstimatedTaxPenaltyService.java",
	"owner": "_generated_diagnostic_collection_name_#6",
	"code": "536870973",
	"severity": 4,
	"message": "The value of the local variable totalPaid is not used",
	"source": "Java",
	"startLineNumber": 331,
	"startColumn": 20,
	"endLineNumber": 331,
	"endColumn": 29,
	"tags": [
		1
	],
	"origin": "extHost1"
},{
	"resource": "/Users/shashank/Documents/Code/Antigravity/Google Antingravity/munitax---dublin-municipality-tax-calculator/backend/tax-engine-service/src/main/java/com/munitax/taxengine/service/penalty/EstimatedTaxPenaltyService.java",
	"owner": "_generated_diagnostic_collection_name_#6",
	"code": "16778128",
	"severity": 4,
	"message": "Null type safety: The expression of type 'EstimatedTaxPenalty' needs unchecked conversion to conform to '@NonNull EstimatedTaxPenalty'",
	"source": "Java",
	"startLineNumber": 368,
	"startColumn": 79,
	"endLineNumber": 368,
	"endColumn": 86,
	"origin": "extHost1"
},{
	"resource": "/Users/shashank/Documents/Code/Antigravity/Google Antingravity/munitax---dublin-municipality-tax-calculator/backend/tax-engine-service/src/main/java/com/munitax/taxengine/service/penalty/InterestCalculationService.java",
	"owner": "_generated_diagnostic_collection_name_#6",
	"code": "570425421",
	"severity": 4,
	"message": "The value of the field InterestCalculationService.DAYS_PER_QUARTER is not used",
	"source": "Java",
	"startLineNumber": 54,
	"startColumn": 30,
	"endLineNumber": 54,
	"endColumn": 46,
	"tags": [
		1
	],
	"origin": "extHost1"
},{
	"resource": "/Users/shashank/Documents/Code/Antigravity/Google Antingravity/munitax---dublin-municipality-tax-calculator/backend/tax-engine-service/src/main/java/com/munitax/taxengine/service/penalty/InterestCalculationService.java",
	"owner": "_generated_diagnostic_collection_name_#6",
	"code": "16778128",
	"severity": 4,
	"message": "Null type safety: The expression of type 'Interest' needs unchecked conversion to conform to '@NonNull Interest'",
	"source": "Java",
	"startLineNumber": 163,
	"startColumn": 58,
	"endLineNumber": 163,
	"endColumn": 66,
	"origin": "extHost1"
},{
	"resource": "/Users/shashank/Documents/Code/Antigravity/Google Antingravity/munitax---dublin-municipality-tax-calculator/backend/tax-engine-service/src/main/java/com/munitax/taxengine/service/penalty/LateFilingPenaltyService.java",
	"owner": "_generated_diagnostic_collection_name_#6",
	"code": "268435844",
	"severity": 4,
	"message": "The import java.util.UUID is never used",
	"source": "Java",
	"startLineNumber": 18,
	"startColumn": 8,
	"endLineNumber": 18,
	"endColumn": 22,
	"tags": [
		1
	],
	"origin": "extHost1"
},{
	"resource": "/Users/shashank/Documents/Code/Antigravity/Google Antingravity/munitax---dublin-municipality-tax-calculator/backend/tax-engine-service/src/main/java/com/munitax/taxengine/service/penalty/LateFilingPenaltyService.java",
	"owner": "_generated_diagnostic_collection_name_#6",
	"code": "16778128",
	"severity": 4,
	"message": "Null type safety: The expression of type 'Penalty' needs unchecked conversion to conform to '@NonNull Penalty'",
	"source": "Java",
	"startLineNumber": 106,
	"startColumn": 55,
	"endLineNumber": 106,
	"endColumn": 62,
	"origin": "extHost1"
},{
	"resource": "/Users/shashank/Documents/Code/Antigravity/Google Antingravity/munitax---dublin-municipality-tax-calculator/backend/tax-engine-service/src/main/java/com/munitax/taxengine/service/penalty/LatePaymentPenaltyService.java",
	"owner": "_generated_diagnostic_collection_name_#6",
	"code": "16778128",
	"severity": 4,
	"message": "Null type safety: The expression of type 'Penalty' needs unchecked conversion to conform to '@NonNull Penalty'",
	"source": "Java",
	"startLineNumber": 107,
	"startColumn": 55,
	"endLineNumber": 107,
	"endColumn": 62,
	"origin": "extHost1"
},{
	"resource": "/Users/shashank/Documents/Code/Antigravity/Google Antingravity/munitax---dublin-municipality-tax-calculator/backend/tax-engine-service/src/main/java/com/munitax/taxengine/service/penalty/PaymentAllocationService.java",
	"owner": "_generated_diagnostic_collection_name_#6",
	"code": "16778128",
	"severity": 4,
	"message": "Null type safety: The expression of type 'PaymentAllocation' needs unchecked conversion to conform to '@NonNull PaymentAllocation'",
	"source": "Java",
	"startLineNumber": 133,
	"startColumn": 78,
	"endLineNumber": 133,
	"endColumn": 88,
	"origin": "extHost1"
},{
	"resource": "/Users/shashank/Documents/Code/Antigravity/Google Antingravity/munitax---dublin-municipality-tax-calculator/backend/tax-engine-service/src/main/java/com/munitax/taxengine/service/penalty/PenaltyAbatementService.java",
	"owner": "_generated_diagnostic_collection_name_#6",
	"code": "16778128",
	"severity": 4,
	"message": "Null type safety: The expression of type 'PenaltyAbatement' needs unchecked conversion to conform to '@NonNull PenaltyAbatement'",
	"source": "Java",
	"startLineNumber": 123,
	"startColumn": 68,
	"endLineNumber": 123,
	"endColumn": 77,
	"origin": "extHost1"
},{
	"resource": "/Users/shashank/Documents/Code/Antigravity/Google Antingravity/munitax---dublin-municipality-tax-calculator/backend/tax-engine-service/src/main/java/com/munitax/taxengine/service/penalty/PenaltyAbatementService.java",
	"owner": "_generated_diagnostic_collection_name_#6",
	"code": "16778128",
	"severity": 4,
	"message": "Null type safety: The expression of type 'UUID' needs unchecked conversion to conform to '@NonNull UUID'",
	"source": "Java",
	"startLineNumber": 166,
	"startColumn": 67,
	"endLineNumber": 166,
	"endColumn": 78,
	"origin": "extHost1"
},{
	"resource": "/Users/shashank/Documents/Code/Antigravity/Google Antingravity/munitax---dublin-municipality-tax-calculator/backend/tax-engine-service/src/main/java/com/munitax/taxengine/service/penalty/PenaltyAbatementService.java",
	"owner": "_generated_diagnostic_collection_name_#6",
	"code": "16778128",
	"severity": 4,
	"message": "Null type safety: The expression of type 'UUID' needs unchecked conversion to conform to '@NonNull UUID'",
	"source": "Java",
	"startLineNumber": 221,
	"startColumn": 67,
	"endLineNumber": 221,
	"endColumn": 78,
	"origin": "extHost1"
},{
	"resource": "/Users/shashank/Documents/Code/Antigravity/Google Antingravity/munitax---dublin-municipality-tax-calculator/backend/tax-engine-service/src/main/java/com/munitax/taxengine/service/penalty/PenaltyAbatementService.java",
	"owner": "_generated_diagnostic_collection_name_#6",
	"code": "16778128",
	"severity": 4,
	"message": "Null type safety: The expression of type 'UUID' needs unchecked conversion to conform to '@NonNull UUID'",
	"source": "Java",
	"startLineNumber": 254,
	"startColumn": 67,
	"endLineNumber": 254,
	"endColumn": 78,
	"origin": "extHost1"
},{
	"resource": "/Users/shashank/Documents/Code/Antigravity/Google Antingravity/munitax---dublin-municipality-tax-calculator/backend/tax-engine-service/src/main/java/com/munitax/taxengine/service/penalty/PenaltyAbatementService.java",
	"owner": "_generated_diagnostic_collection_name_#6",
	"code": "536870973",
	"severity": 4,
	"message": "The value of the local variable abatement is not used",
	"source": "Java",
	"startLineNumber": 275,
	"startColumn": 26,
	"endLineNumber": 275,
	"endColumn": 35,
	"tags": [
		1
	],
	"origin": "extHost1"
},{
	"resource": "/Users/shashank/Documents/Code/Antigravity/Google Antingravity/munitax---dublin-municipality-tax-calculator/backend/tax-engine-service/src/main/java/com/munitax/taxengine/service/penalty/PenaltyAbatementService.java",
	"owner": "_generated_diagnostic_collection_name_#6",
	"code": "16778128",
	"severity": 4,
	"message": "Null type safety: The expression of type 'UUID' needs unchecked conversion to conform to '@NonNull UUID'",
	"source": "Java",
	"startLineNumber": 275,
	"startColumn": 67,
	"endLineNumber": 275,
	"endColumn": 78,
	"origin": "extHost1"
},{
	"resource": "/Users/shashank/Documents/Code/Antigravity/Google Antingravity/munitax---dublin-municipality-tax-calculator/backend/tax-engine-service/src/main/java/com/munitax/taxengine/service/penalty/PenaltyAbatementService.java",
	"owner": "_generated_diagnostic_collection_name_#6",
	"code": "16778128",
	"severity": 4,
	"message": "Null type safety: The expression of type 'UUID' needs unchecked conversion to conform to '@NonNull UUID'",
	"source": "Java",
	"startLineNumber": 327,
	"startColumn": 54,
	"endLineNumber": 327,
	"endColumn": 63,
	"origin": "extHost1"
},{
	"resource": "/Users/shashank/Documents/Code/Antigravity/Google Antingravity/munitax---dublin-municipality-tax-calculator/backend/tax-engine-service/src/main/java/com/munitax/taxengine/service/penalty/PenaltyAbatementService.java",
	"owner": "_generated_diagnostic_collection_name_#6",
	"code": "536871362",
	"severity": 2,
	"message": "TODO: Inject PDF service for Form 27-PA generation",
	"source": "Java",
	"startLineNumber": 43,
	"startColumn": 8,
	"endLineNumber": 43,
	"endColumn": 58,
	"origin": "extHost1"
},{
	"resource": "/Users/shashank/Documents/Code/Antigravity/Google Antingravity/munitax---dublin-municipality-tax-calculator/backend/tax-engine-service/src/main/java/com/munitax/taxengine/service/penalty/PenaltyAbatementService.java",
	"owner": "_generated_diagnostic_collection_name_#6",
	"code": "536871362",
	"severity": 2,
	"message": "TODO: FR-036: Generate Form 27-PA PDF",
	"source": "Java",
	"startLineNumber": 127,
	"startColumn": 12,
	"endLineNumber": 127,
	"endColumn": 49,
	"origin": "extHost1"
},{
	"resource": "/Users/shashank/Documents/Code/Antigravity/Google Antingravity/munitax---dublin-municipality-tax-calculator/backend/tax-engine-service/src/main/java/com/munitax/taxengine/service/penalty/PenaltyAbatementService.java",
	"owner": "_generated_diagnostic_collection_name_#6",
	"code": "536871362",
	"severity": 2,
	"message": "TODO: Store document references in a separate table or as JSON",
	"source": "Java",
	"startLineNumber": 257,
	"startColumn": 12,
	"endLineNumber": 257,
	"endColumn": 74,
	"origin": "extHost1"
},{
	"resource": "/Users/shashank/Documents/Code/Antigravity/Google Antingravity/munitax---dublin-municipality-tax-calculator/backend/tax-engine-service/src/main/java/com/munitax/taxengine/service/penalty/PenaltyAbatementService.java",
	"owner": "_generated_diagnostic_collection_name_#6",
	"code": "536871362",
	"severity": 2,
	"message": "TODO: Integrate with PDF generation service",
	"source": "Java",
	"startLineNumber": 278,
	"startColumn": 12,
	"endLineNumber": 278,
	"endColumn": 55,
	"origin": "extHost1"
},{
	"resource": "/Users/shashank/Documents/Code/Antigravity/Google Antingravity/munitax---dublin-municipality-tax-calculator/backend/tax-engine-service/src/main/java/com/munitax/taxengine/service/RuleEngineIntegrationService.java",
	"owner": "_generated_diagnostic_collection_name_#6",
	"code": "16777748",
	"severity": 4,
	"message": "Type safety: The expression of type Map needs unchecked conversion to conform to Map<String,Object>",
	"source": "Java",
	"startLineNumber": 63,
	"startColumn": 44,
	"endLineNumber": 63,
	"endColumn": 85,
	"origin": "extHost1"
},{
	"resource": "/Users/shashank/Documents/Code/Antigravity/Google Antingravity/munitax---dublin-municipality-tax-calculator/backend/tax-engine-service/src/main/java/com/munitax/taxengine/service/RuleEngineIntegrationService.java",
	"owner": "_generated_diagnostic_collection_name_#6",
	"code": "16778128",
	"severity": 4,
	"message": "Null type safety: The expression of type 'String' needs unchecked conversion to conform to '@NonNull String'",
	"source": "Java",
	"startLineNumber": 63,
	"startColumn": 70,
	"endLineNumber": 63,
	"endColumn": 73,
	"origin": "extHost1"
},{
	"resource": "/Users/shashank/Documents/Code/Antigravity/Google Antingravity/munitax---dublin-municipality-tax-calculator/backend/tax-engine-service/src/main/java/com/munitax/taxengine/service/RuleEngineIntegrationService.java",
	"owner": "_generated_diagnostic_collection_name_#6",
	"code": "16777748",
	"severity": 4,
	"message": "Type safety: The expression of type Map needs unchecked conversion to conform to Map<String,Object>",
	"source": "Java",
	"startLineNumber": 94,
	"startColumn": 44,
	"endLineNumber": 94,
	"endColumn": 85,
	"origin": "extHost1"
},{
	"resource": "/Users/shashank/Documents/Code/Antigravity/Google Antingravity/munitax---dublin-municipality-tax-calculator/backend/tax-engine-service/src/main/java/com/munitax/taxengine/service/RuleEngineIntegrationService.java",
	"owner": "_generated_diagnostic_collection_name_#6",
	"code": "16778128",
	"severity": 4,
	"message": "Null type safety: The expression of type 'String' needs unchecked conversion to conform to '@NonNull String'",
	"source": "Java",
	"startLineNumber": 94,
	"startColumn": 70,
	"endLineNumber": 94,
	"endColumn": 73,
	"origin": "extHost1"
},{
	"resource": "/Users/shashank/Documents/Code/Antigravity/Google Antingravity/munitax---dublin-municipality-tax-calculator/backend/tax-engine-service/src/main/java/com/munitax/taxengine/service/RuleEngineIntegrationService.java",
	"owner": "_generated_diagnostic_collection_name_#6",
	"code": "16777748",
	"severity": 4,
	"message": "Type safety: The expression of type Map needs unchecked conversion to conform to Map<String,Object>",
	"source": "Java",
	"startLineNumber": 126,
	"startColumn": 44,
	"endLineNumber": 126,
	"endColumn": 85,
	"origin": "extHost1"
},{
	"resource": "/Users/shashank/Documents/Code/Antigravity/Google Antingravity/munitax---dublin-municipality-tax-calculator/backend/tax-engine-service/src/main/java/com/munitax/taxengine/service/RuleEngineIntegrationService.java",
	"owner": "_generated_diagnostic_collection_name_#6",
	"code": "16778128",
	"severity": 4,
	"message": "Null type safety: The expression of type 'String' needs unchecked conversion to conform to '@NonNull String'",
	"source": "Java",
	"startLineNumber": 126,
	"startColumn": 70,
	"endLineNumber": 126,
	"endColumn": 73,
	"origin": "extHost1"
},{
	"resource": "/Users/shashank/Documents/Code/Antigravity/Google Antingravity/munitax---dublin-municipality-tax-calculator/backend/tax-engine-service/src/main/java/com/munitax/taxengine/service/RuleEngineIntegrationService.java",
	"owner": "_generated_diagnostic_collection_name_#6",
	"code": "16777748",
	"severity": 4,
	"message": "Type safety: The expression of type Map needs unchecked conversion to conform to Map<String,Object>",
	"source": "Java",
	"startLineNumber": 160,
	"startColumn": 44,
	"endLineNumber": 160,
	"endColumn": 85,
	"origin": "extHost1"
},{
	"resource": "/Users/shashank/Documents/Code/Antigravity/Google Antingravity/munitax---dublin-municipality-tax-calculator/backend/tax-engine-service/src/main/java/com/munitax/taxengine/service/RuleEngineIntegrationService.java",
	"owner": "_generated_diagnostic_collection_name_#6",
	"code": "16778128",
	"severity": 4,
	"message": "Null type safety: The expression of type 'String' needs unchecked conversion to conform to '@NonNull String'",
	"source": "Java",
	"startLineNumber": 160,
	"startColumn": 70,
	"endLineNumber": 160,
	"endColumn": 73,
	"origin": "extHost1"
},{
	"resource": "/Users/shashank/Documents/Code/Antigravity/Google Antingravity/munitax---dublin-municipality-tax-calculator/backend/tax-engine-service/src/main/java/com/munitax/taxengine/service/RuleEngineIntegrationService.java",
	"owner": "_generated_diagnostic_collection_name_#6",
	"code": "16777748",
	"severity": 4,
	"message": "Type safety: The expression of type Map needs unchecked conversion to conform to Map<String,Object>",
	"source": "Java",
	"startLineNumber": 213,
	"startColumn": 44,
	"endLineNumber": 213,
	"endColumn": 85,
	"origin": "extHost1"
},{
	"resource": "/Users/shashank/Documents/Code/Antigravity/Google Antingravity/munitax---dublin-municipality-tax-calculator/backend/tax-engine-service/src/main/java/com/munitax/taxengine/service/RuleEngineIntegrationService.java",
	"owner": "_generated_diagnostic_collection_name_#6",
	"code": "16778128",
	"severity": 4,
	"message": "Null type safety: The expression of type 'String' needs unchecked conversion to conform to '@NonNull String'",
	"source": "Java",
	"startLineNumber": 213,
	"startColumn": 70,
	"endLineNumber": 213,
	"endColumn": 73,
	"origin": "extHost1"
},{
	"resource": "/Users/shashank/Documents/Code/Antigravity/Google Antingravity/munitax---dublin-municipality-tax-calculator/backend/tax-engine-service/src/main/java/com/munitax/taxengine/service/RuleEngineIntegrationService.java",
	"owner": "_generated_diagnostic_collection_name_#6",
	"code": "16778128",
	"severity": 4,
	"message": "Null type safety: The expression of type 'String' needs unchecked conversion to conform to '@NonNull String'",
	"source": "Java",
	"startLineNumber": 241,
	"startColumn": 39,
	"endLineNumber": 241,
	"endColumn": 42,
	"origin": "extHost1"
},{
	"resource": "/Users/shashank/Documents/Code/Antigravity/Google Antingravity/munitax---dublin-municipality-tax-calculator/backend/tax-engine-service/src/main/java/com/munitax/taxengine/service/SalesFactorService.java",
	"owner": "_generated_diagnostic_collection_name_#6",
	"code": "16778128",
	"severity": 4,
	"message": "Null type safety: The expression of type 'UUID' needs unchecked conversion to conform to '@NonNull UUID'",
	"source": "Java",
	"startLineNumber": 124,
	"startColumn": 66,
	"endLineNumber": 124,
	"endColumn": 79,
	"origin": "extHost1"
},{
	"resource": "/Users/shashank/Documents/Code/Antigravity/Google Antingravity/munitax---dublin-municipality-tax-calculator/backend/tax-engine-service/src/main/java/com/munitax/taxengine/service/SourcingService.java",
	"owner": "_generated_diagnostic_collection_name_#6",
	"code": "570425421",
	"severity": 4,
	"message": "The value of the field SourcingService.nexusService is not used",
	"source": "Java",
	"startLineNumber": 24,
	"startColumn": 32,
	"endLineNumber": 24,
	"endColumn": 44,
	"tags": [
		1
	],
	"origin": "extHost1"
},{
	"resource": "/Users/shashank/Documents/Code/Antigravity/Google Antingravity/munitax---dublin-municipality-tax-calculator/backend/tax-engine-service/src/main/java/com/munitax/taxengine/service/SourcingService.java",
	"owner": "_generated_diagnostic_collection_name_#6",
	"code": "67110270",
	"severity": 4,
	"message": "The method divide(BigDecimal, int, int) from the type BigDecimal is deprecated since version 9",
	"source": "Java",
	"startLineNumber": 186,
	"startColumn": 26,
	"endLineNumber": 186,
	"endColumn": 32,
	"tags": [
		2
	],
	"origin": "extHost1"
},{
	"resource": "/Users/shashank/Documents/Code/Antigravity/Google Antingravity/munitax---dublin-municipality-tax-calculator/backend/tax-engine-service/src/main/java/com/munitax/taxengine/service/SourcingService.java",
	"owner": "_generated_diagnostic_collection_name_#6",
	"code": "33555840",
	"severity": 4,
	"message": "The field BigDecimal.ROUND_HALF_UP is deprecated since version 9",
	"source": "Java",
	"startLineNumber": 186,
	"startColumn": 60,
	"endLineNumber": 186,
	"endColumn": 73,
	"tags": [
		2
	],
	"origin": "extHost1"
},{
	"resource": "/Users/shashank/Documents/Code/Antigravity/Google Antingravity/munitax---dublin-municipality-tax-calculator/backend/tax-engine-service/src/main/java/com/munitax/taxengine/service/SourcingService.java",
	"owner": "_generated_diagnostic_collection_name_#6",
	"code": "67109822",
	"severity": 4,
	"message": "Null type safety: parameter 1 provided via method descriptor BiFunction<Integer,Integer,Integer>.apply(Integer, Integer) needs unchecked conversion to conform to 'int'",
	"source": "Java",
	"startLineNumber": 418,
	"startColumn": 28,
	"endLineNumber": 418,
	"endColumn": 40,
	"origin": "extHost1"
},{
	"resource": "/Users/shashank/Documents/Code/Antigravity/Google Antingravity/munitax---dublin-municipality-tax-calculator/backend/tax-engine-service/src/main/java/com/munitax/taxengine/service/SourcingService.java",
	"owner": "_generated_diagnostic_collection_name_#6",
	"code": "67109822",
	"severity": 4,
	"message": "Null type safety: parameter 2 provided via method descriptor BiFunction<Integer,Integer,Integer>.apply(Integer, Integer) needs unchecked conversion to conform to 'int'",
	"source": "Java",
	"startLineNumber": 418,
	"startColumn": 28,
	"endLineNumber": 418,
	"endColumn": 40,
	"origin": "extHost1"
},{
	"resource": "/Users/shashank/Documents/Code/Antigravity/Google Antingravity/munitax---dublin-municipality-tax-calculator/backend/tax-engine-service/src/main/java/com/munitax/taxengine/service/W1FilingService.java",
	"owner": "_generated_diagnostic_collection_name_#6",
	"code": "16778128",
	"severity": 4,
	"message": "Null type safety: The expression of type 'W1Filing' needs unchecked conversion to conform to '@NonNull W1Filing'",
	"source": "Java",
	"startLineNumber": 134,
	"startColumn": 56,
	"endLineNumber": 134,
	"endColumn": 62,
	"origin": "extHost1"
},{
	"resource": "/Users/shashank/Documents/Code/Antigravity/Google Antingravity/munitax---dublin-municipality-tax-calculator/backend/tax-engine-service/src/main/java/com/munitax/taxengine/service/W1FilingService.java",
	"owner": "_generated_diagnostic_collection_name_#6",
	"code": "536871362",
	"severity": 2,
	"message": "TODO: Publish W1FiledEvent for cumulative totals update (event-driven)",
	"source": "Java",
	"startLineNumber": 137,
	"startColumn": 12,
	"endLineNumber": 137,
	"endColumn": 82,
	"origin": "extHost1"
},{
	"resource": "/Users/shashank/Documents/Code/Antigravity/Google Antingravity/munitax---dublin-municipality-tax-calculator/backend/tax-engine-service/src/main/java/com/munitax/taxengine/service/W1FilingService.java",
	"owner": "_generated_diagnostic_collection_name_#6",
	"code": "536871362",
	"severity": 2,
	"message": "TODO: Log audit trail to WithholdingAuditLog",
	"source": "Java",
	"startLineNumber": 138,
	"startColumn": 12,
	"endLineNumber": 138,
	"endColumn": 56,
	"origin": "extHost1"
},{
	"resource": "/Users/shashank/Documents/Code/Antigravity/Google Antingravity/munitax---dublin-municipality-tax-calculator/backend/tax-engine-service/src/main/java/com/munitax/taxengine/service/W1FilingService.java",
	"owner": "_generated_diagnostic_collection_name_#6",
	"code": "536871362",
	"severity": 2,
	"message": "TODO: Add federal holiday calendar support.",
	"source": "Java",
	"startLineNumber": 183,
	"startColumn": 8,
	"endLineNumber": 183,
	"endColumn": 51,
	"origin": "extHost1"
},{
	"resource": "/Users/shashank/Documents/Code/Antigravity/Google Antingravity/munitax---dublin-municipality-tax-calculator/backend/tax-engine-service/src/main/java/com/munitax/taxengine/service/WithholdingIntegrationService.java",
	"owner": "_generated_diagnostic_collection_name_#6",
	"code": "16777748",
	"severity": 4,
	"message": "Type safety: The expression of type Map needs unchecked conversion to conform to Map<String,Object>",
	"source": "Java",
	"startLineNumber": 48,
	"startColumn": 44,
	"endLineNumber": 48,
	"endColumn": 85,
	"origin": "extHost1"
},{
	"resource": "/Users/shashank/Documents/Code/Antigravity/Google Antingravity/munitax---dublin-municipality-tax-calculator/backend/tax-engine-service/src/main/java/com/munitax/taxengine/service/WithholdingIntegrationService.java",
	"owner": "_generated_diagnostic_collection_name_#6",
	"code": "16778128",
	"severity": 4,
	"message": "Null type safety: The expression of type 'String' needs unchecked conversion to conform to '@NonNull String'",
	"source": "Java",
	"startLineNumber": 48,
	"startColumn": 70,
	"endLineNumber": 48,
	"endColumn": 73,
	"origin": "extHost1"
},{
	"resource": "/Users/shashank/Documents/Code/Antigravity/Google Antingravity/munitax---dublin-municipality-tax-calculator/backend/tax-engine-service/src/main/java/com/munitax/taxengine/service/WithholdingIntegrationService.java",
	"owner": "_generated_diagnostic_collection_name_#6",
	"code": "16777748",
	"severity": 4,
	"message": "Type safety: The expression of type Map needs unchecked conversion to conform to Map<String,Object>",
	"source": "Java",
	"startLineNumber": 95,
	"startColumn": 44,
	"endLineNumber": 95,
	"endColumn": 85,
	"origin": "extHost1"
},{
	"resource": "/Users/shashank/Documents/Code/Antigravity/Google Antingravity/munitax---dublin-municipality-tax-calculator/backend/tax-engine-service/src/main/java/com/munitax/taxengine/service/WithholdingIntegrationService.java",
	"owner": "_generated_diagnostic_collection_name_#6",
	"code": "16778128",
	"severity": 4,
	"message": "Null type safety: The expression of type 'String' needs unchecked conversion to conform to '@NonNull String'",
	"source": "Java",
	"startLineNumber": 95,
	"startColumn": 70,
	"endLineNumber": 95,
	"endColumn": 73,
	"origin": "extHost1"
},{
	"resource": "/Users/shashank/Documents/Code/Antigravity/Google Antingravity/munitax---dublin-municipality-tax-calculator/backend/tax-engine-service/src/main/java/com/munitax/taxengine/service/WithholdingIntegrationService.java",
	"owner": "_generated_diagnostic_collection_name_#6",
	"code": "16777748",
	"severity": 4,
	"message": "Type safety: The expression of type Map needs unchecked conversion to conform to Map<String,Object>",
	"source": "Java",
	"startLineNumber": 141,
	"startColumn": 44,
	"endLineNumber": 141,
	"endColumn": 85,
	"origin": "extHost1"
},{
	"resource": "/Users/shashank/Documents/Code/Antigravity/Google Antingravity/munitax---dublin-municipality-tax-calculator/backend/tax-engine-service/src/main/java/com/munitax/taxengine/service/WithholdingIntegrationService.java",
	"owner": "_generated_diagnostic_collection_name_#6",
	"code": "16778128",
	"severity": 4,
	"message": "Null type safety: The expression of type 'String' needs unchecked conversion to conform to '@NonNull String'",
	"source": "Java",
	"startLineNumber": 141,
	"startColumn": 70,
	"endLineNumber": 141,
	"endColumn": 73,
	"origin": "extHost1"
},{
	"resource": "/Users/shashank/Documents/Code/Antigravity/Google Antingravity/munitax---dublin-municipality-tax-calculator/backend/tax-engine-service/src/main/java/com/munitax/taxengine/service/WithholdingIntegrationService.java",
	"owner": "_generated_diagnostic_collection_name_#6",
	"code": "16777748",
	"severity": 4,
	"message": "Type safety: The expression of type Map needs unchecked conversion to conform to Map<String,Object>",
	"source": "Java",
	"startLineNumber": 177,
	"startColumn": 44,
	"endLineNumber": 177,
	"endColumn": 85,
	"origin": "extHost1"
},{
	"resource": "/Users/shashank/Documents/Code/Antigravity/Google Antingravity/munitax---dublin-municipality-tax-calculator/backend/tax-engine-service/src/main/java/com/munitax/taxengine/service/WithholdingIntegrationService.java",
	"owner": "_generated_diagnostic_collection_name_#6",
	"code": "16778128",
	"severity": 4,
	"message": "Null type safety: The expression of type 'String' needs unchecked conversion to conform to '@NonNull String'",
	"source": "Java",
	"startLineNumber": 177,
	"startColumn": 70,
	"endLineNumber": 177,
	"endColumn": 73,
	"origin": "extHost1"
},{
	"resource": "/Users/shashank/Documents/Code/Antigravity/Google Antingravity/munitax---dublin-municipality-tax-calculator/backend/tax-engine-service/src/test/java/com/munitax/taxengine/service/FormulaConfigServiceTest.java",
	"owner": "_generated_diagnostic_collection_name_#6",
	"code": "16778128",
	"severity": 4,
	"message": "Null type safety: The expression of type 'String' needs unchecked conversion to conform to '@NonNull String'",
	"source": "Java",
	"startLineNumber": 56,
	"startColumn": 40,
	"endLineNumber": 56,
	"endColumn": 51,
	"origin": "extHost1"
},{
	"resource": "/Users/shashank/Documents/Code/Antigravity/Google Antingravity/munitax---dublin-municipality-tax-calculator/backend/tax-engine-service/src/test/java/com/munitax/taxengine/service/FormulaConfigServiceTest.java",
	"owner": "_generated_diagnostic_collection_name_#6",
	"code": "16778128",
	"severity": 4,
	"message": "Null type safety: The expression of type 'Class<Map>' needs unchecked conversion to conform to '@NonNull Class<Map>'",
	"source": "Java",
	"startLineNumber": 56,
	"startColumn": 53,
	"endLineNumber": 56,
	"endColumn": 66,
	"origin": "extHost1"
},{
	"resource": "/Users/shashank/Documents/Code/Antigravity/Google Antingravity/munitax---dublin-municipality-tax-calculator/backend/tax-engine-service/src/test/java/com/munitax/taxengine/service/FormulaConfigServiceTest.java",
	"owner": "_generated_diagnostic_collection_name_#6",
	"code": "16778128",
	"severity": 4,
	"message": "Null type safety: The expression of type 'String' needs unchecked conversion to conform to '@NonNull String'",
	"source": "Java",
	"startLineNumber": 65,
	"startColumn": 53,
	"endLineNumber": 65,
	"endColumn": 64,
	"origin": "extHost1"
},{
	"resource": "/Users/shashank/Documents/Code/Antigravity/Google Antingravity/munitax---dublin-municipality-tax-calculator/backend/tax-engine-service/src/test/java/com/munitax/taxengine/service/FormulaConfigServiceTest.java",
	"owner": "_generated_diagnostic_collection_name_#6",
	"code": "16778128",
	"severity": 4,
	"message": "Null type safety: The expression of type 'Class<Map>' needs unchecked conversion to conform to '@NonNull Class<Map>'",
	"source": "Java",
	"startLineNumber": 65,
	"startColumn": 66,
	"endLineNumber": 65,
	"endColumn": 79,
	"origin": "extHost1"
},{
	"resource": "/Users/shashank/Documents/Code/Antigravity/Google Antingravity/munitax---dublin-municipality-tax-calculator/backend/tax-engine-service/src/test/java/com/munitax/taxengine/service/FormulaConfigServiceTest.java",
	"owner": "_generated_diagnostic_collection_name_#6",
	"code": "16778128",
	"severity": 4,
	"message": "Null type safety: The expression of type 'String' needs unchecked conversion to conform to '@NonNull String'",
	"source": "Java",
	"startLineNumber": 72,
	"startColumn": 40,
	"endLineNumber": 72,
	"endColumn": 51,
	"origin": "extHost1"
},{
	"resource": "/Users/shashank/Documents/Code/Antigravity/Google Antingravity/munitax---dublin-municipality-tax-calculator/backend/tax-engine-service/src/test/java/com/munitax/taxengine/service/FormulaConfigServiceTest.java",
	"owner": "_generated_diagnostic_collection_name_#6",
	"code": "16778128",
	"severity": 4,
	"message": "Null type safety: The expression of type 'Class<Map>' needs unchecked conversion to conform to '@NonNull Class<Map>'",
	"source": "Java",
	"startLineNumber": 72,
	"startColumn": 53,
	"endLineNumber": 72,
	"endColumn": 66,
	"origin": "extHost1"
},{
	"resource": "/Users/shashank/Documents/Code/Antigravity/Google Antingravity/munitax---dublin-municipality-tax-calculator/backend/tax-engine-service/src/test/java/com/munitax/taxengine/service/FormulaConfigServiceTest.java",
	"owner": "_generated_diagnostic_collection_name_#6",
	"code": "16778128",
	"severity": 4,
	"message": "Null type safety: The expression of type 'String' needs unchecked conversion to conform to '@NonNull String'",
	"source": "Java",
	"startLineNumber": 142,
	"startColumn": 40,
	"endLineNumber": 142,
	"endColumn": 51,
	"origin": "extHost1"
},{
	"resource": "/Users/shashank/Documents/Code/Antigravity/Google Antingravity/munitax---dublin-municipality-tax-calculator/backend/tax-engine-service/src/test/java/com/munitax/taxengine/service/FormulaConfigServiceTest.java",
	"owner": "_generated_diagnostic_collection_name_#6",
	"code": "16778128",
	"severity": 4,
	"message": "Null type safety: The expression of type 'Class<Map>' needs unchecked conversion to conform to '@NonNull Class<Map>'",
	"source": "Java",
	"startLineNumber": 142,
	"startColumn": 53,
	"endLineNumber": 142,
	"endColumn": 66,
	"origin": "extHost1"
},{
	"resource": "/Users/shashank/Documents/Code/Antigravity/Google Antingravity/munitax---dublin-municipality-tax-calculator/backend/tax-engine-service/src/test/java/com/munitax/taxengine/service/FormulaConfigServiceTest.java",
	"owner": "_generated_diagnostic_collection_name_#6",
	"code": "16778128",
	"severity": 4,
	"message": "Null type safety: The expression of type 'String' needs unchecked conversion to conform to '@NonNull String'",
	"source": "Java",
	"startLineNumber": 157,
	"startColumn": 40,
	"endLineNumber": 157,
	"endColumn": 51,
	"origin": "extHost1"
},{
	"resource": "/Users/shashank/Documents/Code/Antigravity/Google Antingravity/munitax---dublin-municipality-tax-calculator/backend/tax-engine-service/src/test/java/com/munitax/taxengine/service/FormulaConfigServiceTest.java",
	"owner": "_generated_diagnostic_collection_name_#6",
	"code": "16778128",
	"severity": 4,
	"message": "Null type safety: The expression of type 'Class<Map>' needs unchecked conversion to conform to '@NonNull Class<Map>'",
	"source": "Java",
	"startLineNumber": 157,
	"startColumn": 53,
	"endLineNumber": 157,
	"endColumn": 66,
	"origin": "extHost1"
},{
	"resource": "/Users/shashank/Documents/Code/Antigravity/Google Antingravity/munitax---dublin-municipality-tax-calculator/backend/tax-engine-service/src/test/java/com/munitax/taxengine/service/FormulaConfigServiceTest.java",
	"owner": "_generated_diagnostic_collection_name_#6",
	"code": "16778128",
	"severity": 4,
	"message": "Null type safety: The expression of type 'String' needs unchecked conversion to conform to '@NonNull String'",
	"source": "Java",
	"startLineNumber": 216,
	"startColumn": 40,
	"endLineNumber": 216,
	"endColumn": 51,
	"origin": "extHost1"
},{
	"resource": "/Users/shashank/Documents/Code/Antigravity/Google Antingravity/munitax---dublin-municipality-tax-calculator/backend/tax-engine-service/src/test/java/com/munitax/taxengine/service/FormulaConfigServiceTest.java",
	"owner": "_generated_diagnostic_collection_name_#6",
	"code": "16778128",
	"severity": 4,
	"message": "Null type safety: The expression of type 'Class<Map>' needs unchecked conversion to conform to '@NonNull Class<Map>'",
	"source": "Java",
	"startLineNumber": 216,
	"startColumn": 53,
	"endLineNumber": 216,
	"endColumn": 66,
	"origin": "extHost1"
},{
	"resource": "/Users/shashank/Documents/Code/Antigravity/Google Antingravity/munitax---dublin-municipality-tax-calculator/backend/tax-engine-service/src/test/java/com/munitax/taxengine/service/FormulaConfigServiceTest.java",
	"owner": "_generated_diagnostic_collection_name_#6",
	"code": "16778128",
	"severity": 4,
	"message": "Null type safety: The expression of type 'URI' needs unchecked conversion to conform to '@NonNull URI'",
	"source": "Java",
	"startLineNumber": 224,
	"startColumn": 17,
	"endLineNumber": 224,
	"endColumn": 202,
	"origin": "extHost1"
},{
	"resource": "/Users/shashank/Documents/Code/Antigravity/Google Antingravity/munitax---dublin-municipality-tax-calculator/backend/tax-engine-service/src/test/java/com/munitax/taxengine/service/FormulaConfigServiceTest.java",
	"owner": "_generated_diagnostic_collection_name_#6",
	"code": "16778128",
	"severity": 4,
	"message": "Null type safety: The expression of type 'Class<Map>' needs unchecked conversion to conform to '@NonNull Class<Map>'",
	"source": "Java",
	"startLineNumber": 227,
	"startColumn": 17,
	"endLineNumber": 227,
	"endColumn": 30,
	"origin": "extHost1"
},{
	"resource": "/Users/shashank/Documents/Code/Antigravity/Google Antingravity/munitax---dublin-municipality-tax-calculator/backend/tax-engine-service/src/test/java/com/munitax/taxengine/service/IndividualTaxCalculatorTest.java",
	"owner": "_generated_diagnostic_collection_name_#6",
	"code": "536870973",
	"severity": 4,
	"message": "The value of the local variable addr is not used",
	"source": "Java",
	"startLineNumber": 275,
	"startColumn": 17,
	"endLineNumber": 275,
	"endColumn": 21,
	"tags": [
		1
	],
	"origin": "extHost1"
},{
	"resource": "/Users/shashank/Documents/Code/Antigravity/Google Antingravity/munitax---dublin-municipality-tax-calculator/backend/tax-engine-service/src/test/java/com/munitax/taxengine/service/NexusServiceTest.java",
	"owner": "_generated_diagnostic_collection_name_#6",
	"code": "268435844",
	"severity": 4,
	"message": "The import org.mockito.ArgumentMatchers.eq is never used",
	"source": "Java",
	"startLineNumber": 19,
	"startColumn": 15,
	"endLineNumber": 19,
	"endColumn": 46,
	"tags": [
		1
	],
	"origin": "extHost1"
},{
	"resource": "/Users/shashank/Documents/Code/Antigravity/Google Antingravity/munitax---dublin-municipality-tax-calculator/backend/tax-engine-service/src/test/java/com/munitax/taxengine/service/NexusServiceTest.java",
	"owner": "_generated_diagnostic_collection_name_#6",
	"code": "16778128",
	"severity": 4,
	"message": "Null type safety: The expression of type 'NexusTracking' needs unchecked conversion to conform to '@NonNull NexusTracking'",
	"source": "Java",
	"startLineNumber": 174,
	"startColumn": 43,
	"endLineNumber": 174,
	"endColumn": 67,
	"origin": "extHost1"
},{
	"resource": "/Users/shashank/Documents/Code/Antigravity/Google Antingravity/munitax---dublin-municipality-tax-calculator/backend/tax-engine-service/src/test/java/com/munitax/taxengine/service/NexusServiceTest.java",
	"owner": "_generated_diagnostic_collection_name_#6",
	"code": "16778128",
	"severity": 4,
	"message": "Null type safety: The expression of type 'NexusTracking' needs unchecked conversion to conform to '@NonNull NexusTracking'",
	"source": "Java",
	"startLineNumber": 185,
	"startColumn": 46,
	"endLineNumber": 185,
	"endColumn": 70,
	"origin": "extHost1"
},{
	"resource": "/Users/shashank/Documents/Code/Antigravity/Google Antingravity/munitax---dublin-municipality-tax-calculator/backend/tax-engine-service/src/test/java/com/munitax/taxengine/service/NexusServiceTest.java",
	"owner": "_generated_diagnostic_collection_name_#6",
	"code": "16778128",
	"severity": 4,
	"message": "Null type safety: The expression of type 'NexusTracking' needs unchecked conversion to conform to '@NonNull NexusTracking'",
	"source": "Java",
	"startLineNumber": 196,
	"startColumn": 43,
	"endLineNumber": 196,
	"endColumn": 67,
	"origin": "extHost1"
},{
	"resource": "/Users/shashank/Documents/Code/Antigravity/Google Antingravity/munitax---dublin-municipality-tax-calculator/backend/tax-engine-service/src/test/java/com/munitax/taxengine/service/NexusServiceTest.java",
	"owner": "_generated_diagnostic_collection_name_#6",
	"code": "16778128",
	"severity": 4,
	"message": "Null type safety: The expression of type 'NexusTracking' needs unchecked conversion to conform to '@NonNull NexusTracking'",
	"source": "Java",
	"startLineNumber": 206,
	"startColumn": 46,
	"endLineNumber": 206,
	"endColumn": 70,
	"origin": "extHost1"
},{
	"resource": "/Users/shashank/Documents/Code/Antigravity/Google Antingravity/munitax---dublin-municipality-tax-calculator/backend/tax-engine-service/src/test/java/com/munitax/taxengine/service/NexusServiceTest.java",
	"owner": "_generated_diagnostic_collection_name_#6",
	"code": "16778128",
	"severity": 4,
	"message": "Null type safety: The expression of type 'NexusTracking' needs unchecked conversion to conform to '@NonNull NexusTracking'",
	"source": "Java",
	"startLineNumber": 293,
	"startColumn": 43,
	"endLineNumber": 293,
	"endColumn": 67,
	"origin": "extHost1"
},{
	"resource": "/Users/shashank/Documents/Code/Antigravity/Google Antingravity/munitax---dublin-municipality-tax-calculator/backend/tax-engine-service/src/test/java/com/munitax/taxengine/service/NexusServiceTest.java",
	"owner": "_generated_diagnostic_collection_name_#6",
	"code": "16778128",
	"severity": 4,
	"message": "Null type safety: The expression of type 'NexusTracking' needs unchecked conversion to conform to '@NonNull NexusTracking'",
	"source": "Java",
	"startLineNumber": 300,
	"startColumn": 56,
	"endLineNumber": 300,
	"endColumn": 80,
	"origin": "extHost1"
},{
	"resource": "/Users/shashank/Documents/Code/Antigravity/Google Antingravity/munitax---dublin-municipality-tax-calculator/backend/tax-engine-service/src/test/java/com/munitax/taxengine/service/NexusServiceTest.java",
	"owner": "_generated_diagnostic_collection_name_#6",
	"code": "16778128",
	"severity": 4,
	"message": "Null type safety: The expression of type 'NexusTracking' needs unchecked conversion to conform to '@NonNull NexusTracking'",
	"source": "Java",
	"startLineNumber": 313,
	"startColumn": 55,
	"endLineNumber": 313,
	"endColumn": 79,
	"origin": "extHost1"
},{
	"resource": "/Users/shashank/Documents/Code/Antigravity/Google Antingravity/munitax---dublin-municipality-tax-calculator/backend/tax-engine-service/src/test/java/com/munitax/taxengine/service/NOLServiceTest.java",
	"owner": "_generated_diagnostic_collection_name_#6",
	"code": "16778128",
	"severity": 4,
	"message": "Null type safety: The expression of type 'NOL' needs unchecked conversion to conform to '@NonNull NOL'",
	"source": "Java",
	"startLineNumber": 70,
	"startColumn": 33,
	"endLineNumber": 70,
	"endColumn": 47,
	"origin": "extHost1"
},{
	"resource": "/Users/shashank/Documents/Code/Antigravity/Google Antingravity/munitax---dublin-municipality-tax-calculator/backend/tax-engine-service/src/test/java/com/munitax/taxengine/service/NOLServiceTest.java",
	"owner": "_generated_diagnostic_collection_name_#6",
	"code": "16778128",
	"severity": 4,
	"message": "Null type safety: The expression of type 'NOL' needs unchecked conversion to conform to '@NonNull NOL'",
	"source": "Java",
	"startLineNumber": 87,
	"startColumn": 36,
	"endLineNumber": 87,
	"endColumn": 50,
	"origin": "extHost1"
},{
	"resource": "/Users/shashank/Documents/Code/Antigravity/Google Antingravity/munitax---dublin-municipality-tax-calculator/backend/tax-engine-service/src/test/java/com/munitax/taxengine/service/NOLServiceTest.java",
	"owner": "_generated_diagnostic_collection_name_#6",
	"code": "16778128",
	"severity": 4,
	"message": "Null type safety: The expression of type 'NOLExpirationAlert' needs unchecked conversion to conform to '@NonNull NOLExpirationAlert'",
	"source": "Java",
	"startLineNumber": 88,
	"startColumn": 51,
	"endLineNumber": 88,
	"endColumn": 80,
	"origin": "extHost1"
},{
	"resource": "/Users/shashank/Documents/Code/Antigravity/Google Antingravity/munitax---dublin-municipality-tax-calculator/backend/tax-engine-service/src/test/java/com/munitax/taxengine/service/NOLServiceTest.java",
	"owner": "_generated_diagnostic_collection_name_#6",
	"code": "16778128",
	"severity": 4,
	"message": "Null type safety: The expression of type 'NOL' needs unchecked conversion to conform to '@NonNull NOL'",
	"source": "Java",
	"startLineNumber": 101,
	"startColumn": 33,
	"endLineNumber": 101,
	"endColumn": 47,
	"origin": "extHost1"
},{
	"resource": "/Users/shashank/Documents/Code/Antigravity/Google Antingravity/munitax---dublin-municipality-tax-calculator/backend/tax-engine-service/src/test/java/com/munitax/taxengine/service/NOLServiceTest.java",
	"owner": "_generated_diagnostic_collection_name_#6",
	"code": "16778128",
	"severity": 4,
	"message": "Null type safety: The expression of type 'NOL' needs unchecked conversion to conform to '@NonNull NOL'",
	"source": "Java",
	"startLineNumber": 116,
	"startColumn": 36,
	"endLineNumber": 116,
	"endColumn": 50,
	"origin": "extHost1"
},{
	"resource": "/Users/shashank/Documents/Code/Antigravity/Google Antingravity/munitax---dublin-municipality-tax-calculator/backend/tax-engine-service/src/test/java/com/munitax/taxengine/service/NOLServiceTest.java",
	"owner": "_generated_diagnostic_collection_name_#6",
	"code": "16778128",
	"severity": 4,
	"message": "Null type safety: The expression of type 'NOLExpirationAlert' needs unchecked conversion to conform to '@NonNull NOLExpirationAlert'",
	"source": "Java",
	"startLineNumber": 117,
	"startColumn": 60,
	"endLineNumber": 117,
	"endColumn": 89,
	"origin": "extHost1"
},{
	"resource": "/Users/shashank/Documents/Code/Antigravity/Google Antingravity/munitax---dublin-municipality-tax-calculator/backend/tax-engine-service/src/test/java/com/munitax/taxengine/service/NOLServiceTest.java",
	"owner": "_generated_diagnostic_collection_name_#6",
	"code": "16778128",
	"severity": 4,
	"message": "Null type safety: The expression of type 'NOL' needs unchecked conversion to conform to '@NonNull NOL'",
	"source": "Java",
	"startLineNumber": 132,
	"startColumn": 33,
	"endLineNumber": 132,
	"endColumn": 47,
	"origin": "extHost1"
},{
	"resource": "/Users/shashank/Documents/Code/Antigravity/Google Antingravity/munitax---dublin-municipality-tax-calculator/backend/tax-engine-service/src/test/java/com/munitax/taxengine/service/NOLServiceTest.java",
	"owner": "_generated_diagnostic_collection_name_#6",
	"code": "16778128",
	"severity": 4,
	"message": "Null type safety: The expression of type 'NOL' needs unchecked conversion to conform to '@NonNull NOL'",
	"source": "Java",
	"startLineNumber": 146,
	"startColumn": 36,
	"endLineNumber": 146,
	"endColumn": 50,
	"origin": "extHost1"
},{
	"resource": "/Users/shashank/Documents/Code/Antigravity/Google Antingravity/munitax---dublin-municipality-tax-calculator/backend/tax-engine-service/src/test/java/com/munitax/taxengine/service/NOLServiceTest.java",
	"owner": "_generated_diagnostic_collection_name_#6",
	"code": "16778128",
	"severity": 4,
	"message": "Null type safety: The expression of type 'NOL' needs unchecked conversion to conform to '@NonNull NOL'",
	"source": "Java",
	"startLineNumber": 165,
	"startColumn": 45,
	"endLineNumber": 165,
	"endColumn": 59,
	"origin": "extHost1"
},{
	"resource": "/Users/shashank/Documents/Code/Antigravity/Google Antingravity/munitax---dublin-municipality-tax-calculator/backend/tax-engine-service/src/test/java/com/munitax/taxengine/service/NOLServiceTest.java",
	"owner": "_generated_diagnostic_collection_name_#6",
	"code": "16778128",
	"severity": 4,
	"message": "Null type safety: The expression of type 'NOLUsage' needs unchecked conversion to conform to '@NonNull NOLUsage'",
	"source": "Java",
	"startLineNumber": 266,
	"startColumn": 38,
	"endLineNumber": 266,
	"endColumn": 57,
	"origin": "extHost1"
},{
	"resource": "/Users/shashank/Documents/Code/Antigravity/Google Antingravity/munitax---dublin-municipality-tax-calculator/backend/tax-engine-service/src/test/java/com/munitax/taxengine/service/NOLServiceTest.java",
	"owner": "_generated_diagnostic_collection_name_#6",
	"code": "16778128",
	"severity": 4,
	"message": "Null type safety: The expression of type 'NOL' needs unchecked conversion to conform to '@NonNull NOL'",
	"source": "Java",
	"startLineNumber": 268,
	"startColumn": 33,
	"endLineNumber": 268,
	"endColumn": 47,
	"origin": "extHost1"
},{
	"resource": "/Users/shashank/Documents/Code/Antigravity/Google Antingravity/munitax---dublin-municipality-tax-calculator/backend/tax-engine-service/src/test/java/com/munitax/taxengine/service/NOLServiceTest.java",
	"owner": "_generated_diagnostic_collection_name_#6",
	"code": "16778128",
	"severity": 4,
	"message": "Null type safety: The expression of type 'NOLUsage' needs unchecked conversion to conform to '@NonNull NOLUsage'",
	"source": "Java",
	"startLineNumber": 283,
	"startColumn": 51,
	"endLineNumber": 283,
	"endColumn": 70,
	"origin": "extHost1"
},{
	"resource": "/Users/shashank/Documents/Code/Antigravity/Google Antingravity/munitax---dublin-municipality-tax-calculator/backend/tax-engine-service/src/test/java/com/munitax/taxengine/service/NOLServiceTest.java",
	"owner": "_generated_diagnostic_collection_name_#6",
	"code": "16778128",
	"severity": 4,
	"message": "Null type safety: The expression of type 'NOL' needs unchecked conversion to conform to '@NonNull NOL'",
	"source": "Java",
	"startLineNumber": 284,
	"startColumn": 46,
	"endLineNumber": 284,
	"endColumn": 60,
	"origin": "extHost1"
},{
	"resource": "/Users/shashank/Documents/Code/Antigravity/Google Antingravity/munitax---dublin-municipality-tax-calculator/backend/tax-engine-service/src/test/java/com/munitax/taxengine/service/penalty/CombinedPenaltyCapServiceTest.java",
	"owner": "_generated_diagnostic_collection_name_#6",
	"code": "16778128",
	"severity": 4,
	"message": "Null type safety: The expression of type 'Penalty' needs unchecked conversion to conform to '@NonNull Penalty'",
	"source": "Java",
	"startLineNumber": 87,
	"startColumn": 50,
	"endLineNumber": 87,
	"endColumn": 68,
	"origin": "extHost1"
},{
	"resource": "/Users/shashank/Documents/Code/Antigravity/Google Antingravity/munitax---dublin-municipality-tax-calculator/backend/tax-engine-service/src/test/java/com/munitax/taxengine/service/penalty/CombinedPenaltyCapServiceTest.java",
	"owner": "_generated_diagnostic_collection_name_#6",
	"code": "16778128",
	"severity": 4,
	"message": "Null type safety: The expression of type 'Penalty' needs unchecked conversion to conform to '@NonNull Penalty'",
	"source": "Java",
	"startLineNumber": 111,
	"startColumn": 50,
	"endLineNumber": 111,
	"endColumn": 68,
	"origin": "extHost1"
},{
	"resource": "/Users/shashank/Documents/Code/Antigravity/Google Antingravity/munitax---dublin-municipality-tax-calculator/backend/tax-engine-service/src/test/java/com/munitax/taxengine/service/penalty/CombinedPenaltyCapServiceTest.java",
	"owner": "_generated_diagnostic_collection_name_#6",
	"code": "16778128",
	"severity": 4,
	"message": "Null type safety: The expression of type 'Penalty' needs unchecked conversion to conform to '@NonNull Penalty'",
	"source": "Java",
	"startLineNumber": 135,
	"startColumn": 50,
	"endLineNumber": 135,
	"endColumn": 68,
	"origin": "extHost1"
},{
	"resource": "/Users/shashank/Documents/Code/Antigravity/Google Antingravity/munitax---dublin-municipality-tax-calculator/backend/tax-engine-service/src/test/java/com/munitax/taxengine/service/penalty/CombinedPenaltyCapServiceTest.java",
	"owner": "_generated_diagnostic_collection_name_#6",
	"code": "16778128",
	"severity": 4,
	"message": "Null type safety: The expression of type 'Penalty' needs unchecked conversion to conform to '@NonNull Penalty'",
	"source": "Java",
	"startLineNumber": 161,
	"startColumn": 50,
	"endLineNumber": 161,
	"endColumn": 68,
	"origin": "extHost1"
},{
	"resource": "/Users/shashank/Documents/Code/Antigravity/Google Antingravity/munitax---dublin-municipality-tax-calculator/backend/tax-engine-service/src/test/java/com/munitax/taxengine/service/penalty/CombinedPenaltyCapServiceTest.java",
	"owner": "_generated_diagnostic_collection_name_#6",
	"code": "16778128",
	"severity": 4,
	"message": "Null type safety: The expression of type 'Penalty' needs unchecked conversion to conform to '@NonNull Penalty'",
	"source": "Java",
	"startLineNumber": 187,
	"startColumn": 50,
	"endLineNumber": 187,
	"endColumn": 68,
	"origin": "extHost1"
},{
	"resource": "/Users/shashank/Documents/Code/Antigravity/Google Antingravity/munitax---dublin-municipality-tax-calculator/backend/tax-engine-service/src/test/java/com/munitax/taxengine/service/penalty/CombinedPenaltyCapServiceTest.java",
	"owner": "_generated_diagnostic_collection_name_#6",
	"code": "16778128",
	"severity": 4,
	"message": "Null type safety: The expression of type 'Penalty' needs unchecked conversion to conform to '@NonNull Penalty'",
	"source": "Java",
	"startLineNumber": 210,
	"startColumn": 50,
	"endLineNumber": 210,
	"endColumn": 68,
	"origin": "extHost1"
},{
	"resource": "/Users/shashank/Documents/Code/Antigravity/Google Antingravity/munitax---dublin-municipality-tax-calculator/backend/tax-engine-service/src/test/java/com/munitax/taxengine/service/penalty/CombinedPenaltyCapServiceTest.java",
	"owner": "_generated_diagnostic_collection_name_#6",
	"code": "16778128",
	"severity": 4,
	"message": "Null type safety: The expression of type 'Penalty' needs unchecked conversion to conform to '@NonNull Penalty'",
	"source": "Java",
	"startLineNumber": 328,
	"startColumn": 37,
	"endLineNumber": 328,
	"endColumn": 55,
	"origin": "extHost1"
},{
	"resource": "/Users/shashank/Documents/Code/Antigravity/Google Antingravity/munitax---dublin-municipality-tax-calculator/backend/tax-engine-service/src/test/java/com/munitax/taxengine/service/penalty/LatePaymentPenaltyServiceTest.java",
	"owner": "_generated_diagnostic_collection_name_#6",
	"code": "16778128",
	"severity": 4,
	"message": "Null type safety: The expression of type 'Penalty' needs unchecked conversion to conform to '@NonNull Penalty'",
	"source": "Java",
	"startLineNumber": 81,
	"startColumn": 37,
	"endLineNumber": 81,
	"endColumn": 55,
	"origin": "extHost1"
},{
	"resource": "/Users/shashank/Documents/Code/Antigravity/Google Antingravity/munitax---dublin-municipality-tax-calculator/backend/tax-engine-service/src/test/java/com/munitax/taxengine/service/penalty/LatePaymentPenaltyServiceTest.java",
	"owner": "_generated_diagnostic_collection_name_#6",
	"code": "16778128",
	"severity": 4,
	"message": "Null type safety: The expression of type 'Penalty' needs unchecked conversion to conform to '@NonNull Penalty'",
	"source": "Java",
	"startLineNumber": 92,
	"startColumn": 40,
	"endLineNumber": 92,
	"endColumn": 58,
	"origin": "extHost1"
},{
	"resource": "/Users/shashank/Documents/Code/Antigravity/Google Antingravity/munitax---dublin-municipality-tax-calculator/backend/tax-engine-service/src/test/java/com/munitax/taxengine/service/penalty/LatePaymentPenaltyServiceTest.java",
	"owner": "_generated_diagnostic_collection_name_#6",
	"code": "16778128",
	"severity": 4,
	"message": "Null type safety: The expression of type 'Penalty' needs unchecked conversion to conform to '@NonNull Penalty'",
	"source": "Java",
	"startLineNumber": 106,
	"startColumn": 37,
	"endLineNumber": 106,
	"endColumn": 55,
	"origin": "extHost1"
},{
	"resource": "/Users/shashank/Documents/Code/Antigravity/Google Antingravity/munitax---dublin-municipality-tax-calculator/backend/tax-engine-service/src/test/java/com/munitax/taxengine/service/penalty/LatePaymentPenaltyServiceTest.java",
	"owner": "_generated_diagnostic_collection_name_#6",
	"code": "16778128",
	"severity": 4,
	"message": "Null type safety: The expression of type 'Penalty' needs unchecked conversion to conform to '@NonNull Penalty'",
	"source": "Java",
	"startLineNumber": 117,
	"startColumn": 40,
	"endLineNumber": 117,
	"endColumn": 58,
	"origin": "extHost1"
},{
	"resource": "/Users/shashank/Documents/Code/Antigravity/Google Antingravity/munitax---dublin-municipality-tax-calculator/backend/tax-engine-service/src/test/java/com/munitax/taxengine/service/penalty/LatePaymentPenaltyServiceTest.java",
	"owner": "_generated_diagnostic_collection_name_#6",
	"code": "16778128",
	"severity": 4,
	"message": "Null type safety: The expression of type 'Penalty' needs unchecked conversion to conform to '@NonNull Penalty'",
	"source": "Java",
	"startLineNumber": 131,
	"startColumn": 37,
	"endLineNumber": 131,
	"endColumn": 55,
	"origin": "extHost1"
},{
	"resource": "/Users/shashank/Documents/Code/Antigravity/Google Antingravity/munitax---dublin-municipality-tax-calculator/backend/tax-engine-service/src/test/java/com/munitax/taxengine/service/penalty/LatePaymentPenaltyServiceTest.java",
	"owner": "_generated_diagnostic_collection_name_#6",
	"code": "16778128",
	"severity": 4,
	"message": "Null type safety: The expression of type 'Penalty' needs unchecked conversion to conform to '@NonNull Penalty'",
	"source": "Java",
	"startLineNumber": 141,
	"startColumn": 40,
	"endLineNumber": 141,
	"endColumn": 58,
	"origin": "extHost1"
},{
	"resource": "/Users/shashank/Documents/Code/Antigravity/Google Antingravity/munitax---dublin-municipality-tax-calculator/backend/tax-engine-service/src/test/java/com/munitax/taxengine/service/penalty/LatePaymentPenaltyServiceTest.java",
	"owner": "_generated_diagnostic_collection_name_#6",
	"code": "16778128",
	"severity": 4,
	"message": "Null type safety: The expression of type 'Penalty' needs unchecked conversion to conform to '@NonNull Penalty'",
	"source": "Java",
	"startLineNumber": 156,
	"startColumn": 37,
	"endLineNumber": 156,
	"endColumn": 55,
	"origin": "extHost1"
},{
	"resource": "/Users/shashank/Documents/Code/Antigravity/Google Antingravity/munitax---dublin-municipality-tax-calculator/backend/tax-engine-service/src/test/java/com/munitax/taxengine/service/penalty/LatePaymentPenaltyServiceTest.java",
	"owner": "_generated_diagnostic_collection_name_#6",
	"code": "16778128",
	"severity": 4,
	"message": "Null type safety: The expression of type 'Penalty' needs unchecked conversion to conform to '@NonNull Penalty'",
	"source": "Java",
	"startLineNumber": 167,
	"startColumn": 40,
	"endLineNumber": 167,
	"endColumn": 58,
	"origin": "extHost1"
},{
	"resource": "/Users/shashank/Documents/Code/Antigravity/Google Antingravity/munitax---dublin-municipality-tax-calculator/backend/tax-engine-service/src/test/java/com/munitax/taxengine/service/penalty/LatePaymentPenaltyServiceTest.java",
	"owner": "_generated_diagnostic_collection_name_#6",
	"code": "16778128",
	"severity": 4,
	"message": "Null type safety: The expression of type 'Penalty' needs unchecked conversion to conform to '@NonNull Penalty'",
	"source": "Java",
	"startLineNumber": 186,
	"startColumn": 37,
	"endLineNumber": 186,
	"endColumn": 55,
	"origin": "extHost1"
},{
	"resource": "/Users/shashank/Documents/Code/Antigravity/Google Antingravity/munitax---dublin-municipality-tax-calculator/backend/tax-engine-service/src/test/java/com/munitax/taxengine/service/penalty/LatePaymentPenaltyServiceTest.java",
	"owner": "_generated_diagnostic_collection_name_#6",
	"code": "16778128",
	"severity": 4,
	"message": "Null type safety: The expression of type 'Penalty' needs unchecked conversion to conform to '@NonNull Penalty'",
	"source": "Java",
	"startLineNumber": 196,
	"startColumn": 40,
	"endLineNumber": 196,
	"endColumn": 58,
	"origin": "extHost1"
},{
	"resource": "/Users/shashank/Documents/Code/Antigravity/Google Antingravity/munitax---dublin-municipality-tax-calculator/backend/tax-engine-service/src/test/java/com/munitax/taxengine/service/penalty/LatePaymentPenaltyServiceTest.java",
	"owner": "_generated_diagnostic_collection_name_#6",
	"code": "16778128",
	"severity": 4,
	"message": "Null type safety: The expression of type 'Penalty' needs unchecked conversion to conform to '@NonNull Penalty'",
	"source": "Java",
	"startLineNumber": 210,
	"startColumn": 37,
	"endLineNumber": 210,
	"endColumn": 55,
	"origin": "extHost1"
},{
	"resource": "/Users/shashank/Documents/Code/Antigravity/Google Antingravity/munitax---dublin-municipality-tax-calculator/backend/tax-engine-service/src/test/java/com/munitax/taxengine/service/penalty/LatePaymentPenaltyServiceTest.java",
	"owner": "_generated_diagnostic_collection_name_#6",
	"code": "16778128",
	"severity": 4,
	"message": "Null type safety: The expression of type 'Penalty' needs unchecked conversion to conform to '@NonNull Penalty'",
	"source": "Java",
	"startLineNumber": 220,
	"startColumn": 40,
	"endLineNumber": 220,
	"endColumn": 58,
	"origin": "extHost1"
},{
	"resource": "/Users/shashank/Documents/Code/Antigravity/Google Antingravity/munitax---dublin-municipality-tax-calculator/backend/tax-engine-service/src/test/java/com/munitax/taxengine/service/penalty/PaymentAllocationServiceTest.java",
	"owner": "_generated_diagnostic_collection_name_#6",
	"code": "16778128",
	"severity": 4,
	"message": "Null type safety: The expression of type 'PaymentAllocation' needs unchecked conversion to conform to '@NonNull PaymentAllocation'",
	"source": "Java",
	"startLineNumber": 84,
	"startColumn": 47,
	"endLineNumber": 84,
	"endColumn": 75,
	"origin": "extHost1"
},{
	"resource": "/Users/shashank/Documents/Code/Antigravity/Google Antingravity/munitax---dublin-municipality-tax-calculator/backend/tax-engine-service/src/test/java/com/munitax/taxengine/service/penalty/PaymentAllocationServiceTest.java",
	"owner": "_generated_diagnostic_collection_name_#6",
	"code": "16778128",
	"severity": 4,
	"message": "Null type safety: The expression of type 'PaymentAllocation' needs unchecked conversion to conform to '@NonNull PaymentAllocation'",
	"source": "Java",
	"startLineNumber": 101,
	"startColumn": 50,
	"endLineNumber": 101,
	"endColumn": 78,
	"origin": "extHost1"
},{
	"resource": "/Users/shashank/Documents/Code/Antigravity/Google Antingravity/munitax---dublin-municipality-tax-calculator/backend/tax-engine-service/src/test/java/com/munitax/taxengine/service/penalty/PaymentAllocationServiceTest.java",
	"owner": "_generated_diagnostic_collection_name_#6",
	"code": "16778128",
	"severity": 4,
	"message": "Null type safety: The expression of type 'PaymentAllocation' needs unchecked conversion to conform to '@NonNull PaymentAllocation'",
	"source": "Java",
	"startLineNumber": 128,
	"startColumn": 47,
	"endLineNumber": 128,
	"endColumn": 75,
	"origin": "extHost1"
},{
	"resource": "/Users/shashank/Documents/Code/Antigravity/Google Antingravity/munitax---dublin-municipality-tax-calculator/backend/tax-engine-service/src/test/java/com/munitax/taxengine/service/penalty/PaymentAllocationServiceTest.java",
	"owner": "_generated_diagnostic_collection_name_#6",
	"code": "16778128",
	"severity": 4,
	"message": "Null type safety: The expression of type 'PaymentAllocation' needs unchecked conversion to conform to '@NonNull PaymentAllocation'",
	"source": "Java",
	"startLineNumber": 141,
	"startColumn": 50,
	"endLineNumber": 141,
	"endColumn": 78,
	"origin": "extHost1"
},{
	"resource": "/Users/shashank/Documents/Code/Antigravity/Google Antingravity/munitax---dublin-municipality-tax-calculator/backend/tax-engine-service/src/test/java/com/munitax/taxengine/service/penalty/PaymentAllocationServiceTest.java",
	"owner": "_generated_diagnostic_collection_name_#6",
	"code": "16778128",
	"severity": 4,
	"message": "Null type safety: The expression of type 'PaymentAllocation' needs unchecked conversion to conform to '@NonNull PaymentAllocation'",
	"source": "Java",
	"startLineNumber": 168,
	"startColumn": 47,
	"endLineNumber": 168,
	"endColumn": 75,
	"origin": "extHost1"
},{
	"resource": "/Users/shashank/Documents/Code/Antigravity/Google Antingravity/munitax---dublin-municipality-tax-calculator/backend/tax-engine-service/src/test/java/com/munitax/taxengine/service/penalty/PaymentAllocationServiceTest.java",
	"owner": "_generated_diagnostic_collection_name_#6",
	"code": "16778128",
	"severity": 4,
	"message": "Null type safety: The expression of type 'PaymentAllocation' needs unchecked conversion to conform to '@NonNull PaymentAllocation'",
	"source": "Java",
	"startLineNumber": 181,
	"startColumn": 50,
	"endLineNumber": 181,
	"endColumn": 78,
	"origin": "extHost1"
},{
	"resource": "/Users/shashank/Documents/Code/Antigravity/Google Antingravity/munitax---dublin-municipality-tax-calculator/backend/tax-engine-service/src/test/java/com/munitax/taxengine/service/penalty/PaymentAllocationServiceTest.java",
	"owner": "_generated_diagnostic_collection_name_#6",
	"code": "16778128",
	"severity": 4,
	"message": "Null type safety: The expression of type 'PaymentAllocation' needs unchecked conversion to conform to '@NonNull PaymentAllocation'",
	"source": "Java",
	"startLineNumber": 208,
	"startColumn": 47,
	"endLineNumber": 208,
	"endColumn": 75,
	"origin": "extHost1"
},{
	"resource": "/Users/shashank/Documents/Code/Antigravity/Google Antingravity/munitax---dublin-municipality-tax-calculator/backend/tax-engine-service/src/test/java/com/munitax/taxengine/service/penalty/PaymentAllocationServiceTest.java",
	"owner": "_generated_diagnostic_collection_name_#6",
	"code": "16778128",
	"severity": 4,
	"message": "Null type safety: The expression of type 'PaymentAllocation' needs unchecked conversion to conform to '@NonNull PaymentAllocation'",
	"source": "Java",
	"startLineNumber": 220,
	"startColumn": 50,
	"endLineNumber": 220,
	"endColumn": 78,
	"origin": "extHost1"
},{
	"resource": "/Users/shashank/Documents/Code/Antigravity/Google Antingravity/munitax---dublin-municipality-tax-calculator/backend/tax-engine-service/src/test/java/com/munitax/taxengine/service/penalty/PaymentAllocationServiceTest.java",
	"owner": "_generated_diagnostic_collection_name_#6",
	"code": "16778128",
	"severity": 4,
	"message": "Null type safety: The expression of type 'PaymentAllocation' needs unchecked conversion to conform to '@NonNull PaymentAllocation'",
	"source": "Java",
	"startLineNumber": 247,
	"startColumn": 47,
	"endLineNumber": 247,
	"endColumn": 75,
	"origin": "extHost1"
},{
	"resource": "/Users/shashank/Documents/Code/Antigravity/Google Antingravity/munitax---dublin-municipality-tax-calculator/backend/tax-engine-service/src/test/java/com/munitax/taxengine/service/penalty/PaymentAllocationServiceTest.java",
	"owner": "_generated_diagnostic_collection_name_#6",
	"code": "16778128",
	"severity": 4,
	"message": "Null type safety: The expression of type 'PaymentAllocation' needs unchecked conversion to conform to '@NonNull PaymentAllocation'",
	"source": "Java",
	"startLineNumber": 258,
	"startColumn": 50,
	"endLineNumber": 258,
	"endColumn": 78,
	"origin": "extHost1"
},{
	"resource": "/Users/shashank/Documents/Code/Antigravity/Google Antingravity/munitax---dublin-municipality-tax-calculator/backend/tax-engine-service/src/test/java/com/munitax/taxengine/service/SourcingServiceTest.java",
	"owner": "_generated_diagnostic_collection_name_#6",
	"code": "268435844",
	"severity": 4,
	"message": "The import org.mockito.ArgumentMatchers.any is never used",
	"source": "Java",
	"startLineNumber": 19,
	"startColumn": 15,
	"endLineNumber": 19,
	"endColumn": 47,
	"tags": [
		1
	],
	"origin": "extHost1"
},{
	"resource": "/Users/shashank/Documents/Code/Antigravity/Google Antingravity/munitax---dublin-municipality-tax-calculator/backend/tax-engine-service/src/test/java/com/munitax/taxengine/service/SourcingServiceTest.java",
	"owner": "_generated_diagnostic_collection_name_#6",
	"code": "268435844",
	"severity": 4,
	"message": "The import org.mockito.Mockito is never used",
	"source": "Java",
	"startLineNumber": 20,
	"startColumn": 15,
	"endLineNumber": 20,
	"endColumn": 34,
	"tags": [
		1
	],
	"origin": "extHost1"
},{
	"resource": "/Users/shashank/Documents/Code/Antigravity/Google Antingravity/munitax---dublin-municipality-tax-calculator/backend/tax-engine-service/src/test/java/com/munitax/taxengine/service/SourcingServiceTest.java",
	"owner": "_generated_diagnostic_collection_name_#6",
	"code": "570425421",
	"severity": 4,
	"message": "The value of the field SourcingServiceTest.businessId is not used",
	"source": "Java",
	"startLineNumber": 36,
	"startColumn": 18,
	"endLineNumber": 36,
	"endColumn": 28,
	"tags": [
		1
	],
	"origin": "extHost1"
},{
	"resource": "/Users/shashank/Documents/Code/Antigravity/Google Antingravity/munitax---dublin-municipality-tax-calculator/backend/tax-engine-service/src/test/java/com/munitax/taxengine/service/SourcingServiceTest.java",
	"owner": "_generated_diagnostic_collection_name_#6",
	"code": "67110270",
	"severity": 4,
	"message": "The method divide(BigDecimal, int, int) from the type BigDecimal is deprecated since version 9",
	"source": "Java",
	"startLineNumber": 109,
	"startColumn": 18,
	"endLineNumber": 109,
	"endColumn": 24,
	"tags": [
		2
	],
	"origin": "extHost1"
},{
	"resource": "/Users/shashank/Documents/Code/Antigravity/Google Antingravity/munitax---dublin-municipality-tax-calculator/backend/tax-engine-service/src/test/java/com/munitax/taxengine/service/SourcingServiceTest.java",
	"owner": "_generated_diagnostic_collection_name_#6",
	"code": "33555840",
	"severity": 4,
	"message": "The field BigDecimal.ROUND_HALF_UP is deprecated since version 9",
	"source": "Java",
	"startLineNumber": 109,
	"startColumn": 60,
	"endLineNumber": 109,
	"endColumn": 73,
	"tags": [
		2
	],
	"origin": "extHost1"
},{
	"resource": "/Users/shashank/Documents/Code/Antigravity/Google Antingravity/munitax---dublin-municipality-tax-calculator/backend/tax-engine-service/src/test/java/com/munitax/taxengine/service/SourcingServiceTest.java",
	"owner": "_generated_diagnostic_collection_name_#6",
	"code": "67110270",
	"severity": 4,
	"message": "The method divide(BigDecimal, int, int) from the type BigDecimal is deprecated since version 9",
	"source": "Java",
	"startLineNumber": 113,
	"startColumn": 18,
	"endLineNumber": 113,
	"endColumn": 24,
	"tags": [
		2
	],
	"origin": "extHost1"
},{
	"resource": "/Users/shashank/Documents/Code/Antigravity/Google Antingravity/munitax---dublin-municipality-tax-calculator/backend/tax-engine-service/src/test/java/com/munitax/taxengine/service/SourcingServiceTest.java",
	"owner": "_generated_diagnostic_collection_name_#6",
	"code": "33555840",
	"severity": 4,
	"message": "The field BigDecimal.ROUND_HALF_UP is deprecated since version 9",
	"source": "Java",
	"startLineNumber": 113,
	"startColumn": 57,
	"endLineNumber": 113,
	"endColumn": 70,
	"tags": [
		2
	],
	"origin": "extHost1"
},{
	"resource": "/Users/shashank/Documents/Code/Antigravity/Google Antingravity/munitax---dublin-municipality-tax-calculator/backend/tax-engine-service/src/test/java/com/munitax/taxengine/service/ThrowbackServiceTest.java",
	"owner": "_generated_diagnostic_collection_name_#6",
	"code": "268435844",
	"severity": 4,
	"message": "The import com.munitax.taxengine.domain.apportionment.SaleTransaction is never used",
	"source": "Java",
	"startLineNumber": 4,
	"startColumn": 8,
	"endLineNumber": 4,
	"endColumn": 66,
	"tags": [
		1
	],
	"origin": "extHost1"
},{
	"resource": "/Users/shashank/Documents/Code/Antigravity/Google Antingravity/munitax---dublin-municipality-tax-calculator/backend/tax-engine-service/src/test/java/com/munitax/taxengine/service/ThrowbackServiceTest.java",
	"owner": "_generated_diagnostic_collection_name_#6",
	"code": "268435844",
	"severity": 4,
	"message": "The import org.mockito.ArgumentMatchers.eq is never used",
	"source": "Java",
	"startLineNumber": 18,
	"startColumn": 15,
	"endLineNumber": 18,
	"endColumn": 46,
	"tags": [
		1
	],
	"origin": "extHost1"
},{
	"resource": "/Users/shashank/Documents/Code/Antigravity/Google Antingravity/munitax---dublin-municipality-tax-calculator/backend/tax-engine-service/src/test/java/com/munitax/taxengine/service/W1FilingServiceTest.java",
	"owner": "_generated_diagnostic_collection_name_#6",
	"code": "16778128",
	"severity": 4,
	"message": "Null type safety: The expression of type 'W1FilingService' needs unchecked conversion to conform to '@NonNull Object'",
	"source": "Java",
	"startLineNumber": 52,
	"startColumn": 38,
	"endLineNumber": 52,
	"endColumn": 53,
	"origin": "extHost1"
},{
	"resource": "/Users/shashank/Documents/Code/Antigravity/Google Antingravity/munitax---dublin-municipality-tax-calculator/backend/tax-engine-service/src/test/java/com/munitax/taxengine/service/W1FilingServiceTest.java",
	"owner": "_generated_diagnostic_collection_name_#6",
	"code": "16778128",
	"severity": 4,
	"message": "Null type safety: The expression of type 'W1Filing' needs unchecked conversion to conform to '@NonNull W1Filing'",
	"source": "Java",
	"startLineNumber": 72,
	"startColumn": 38,
	"endLineNumber": 72,
	"endColumn": 57,
	"origin": "extHost1"
},{
	"resource": "/Users/shashank/Documents/Code/Antigravity/Google Antingravity/munitax---dublin-municipality-tax-calculator/backend/tax-engine-service/src/test/java/com/munitax/taxengine/service/W1FilingServiceTest.java",
	"owner": "_generated_diagnostic_collection_name_#6",
	"code": "16778128",
	"severity": 4,
	"message": "Null type safety: The expression of type 'W1Filing' needs unchecked conversion to conform to '@NonNull W1Filing'",
	"source": "Java",
	"startLineNumber": 84,
	"startColumn": 51,
	"endLineNumber": 84,
	"endColumn": 70,
	"origin": "extHost1"
},{
	"resource": "/Users/shashank/Documents/Code/Antigravity/Google Antingravity/munitax---dublin-municipality-tax-calculator/backend/tax-engine-service/src/test/java/com/munitax/taxengine/service/W1FilingServiceTest.java",
	"owner": "_generated_diagnostic_collection_name_#6",
	"code": "16778128",
	"severity": 4,
	"message": "Null type safety: The expression of type 'W1Filing' needs unchecked conversion to conform to '@NonNull W1Filing'",
	"source": "Java",
	"startLineNumber": 109,
	"startColumn": 50,
	"endLineNumber": 109,
	"endColumn": 69,
	"origin": "extHost1"
},{
	"resource": "/Users/shashank/Documents/Code/Antigravity/Google Antingravity/munitax---dublin-municipality-tax-calculator/backend/tax-engine-service/src/test/java/com/munitax/taxengine/service/W1FilingServiceTest.java",
	"owner": "_generated_diagnostic_collection_name_#6",
	"code": "16778128",
	"severity": 4,
	"message": "Null type safety: The expression of type 'W1Filing' needs unchecked conversion to conform to '@NonNull W1Filing'",
	"source": "Java",
	"startLineNumber": 131,
	"startColumn": 38,
	"endLineNumber": 131,
	"endColumn": 57,
	"origin": "extHost1"
},{
	"resource": "/Users/shashank/Documents/Code/Antigravity/Google Antingravity/munitax---dublin-municipality-tax-calculator/backend/tax-engine-service/src/test/java/com/munitax/taxengine/service/W1FilingServiceTest.java",
	"owner": "_generated_diagnostic_collection_name_#6",
	"code": "16778128",
	"severity": 4,
	"message": "Null type safety: The expression of type 'W1Filing' needs unchecked conversion to conform to '@NonNull W1Filing'",
	"source": "Java",
	"startLineNumber": 138,
	"startColumn": 51,
	"endLineNumber": 138,
	"endColumn": 70,
	"origin": "extHost1"
},{
	"resource": "/Users/shashank/Documents/Code/Antigravity/Google Antingravity/munitax---dublin-municipality-tax-calculator/backend/tax-engine-service/src/test/java/com/munitax/taxengine/service/W1FilingServiceTest.java",
	"owner": "_generated_diagnostic_collection_name_#6",
	"code": "16778128",
	"severity": 4,
	"message": "Null type safety: The expression of type 'W1Filing' needs unchecked conversion to conform to '@NonNull W1Filing'",
	"source": "Java",
	"startLineNumber": 160,
	"startColumn": 38,
	"endLineNumber": 160,
	"endColumn": 57,
	"origin": "extHost1"
},{
	"resource": "/Users/shashank/Documents/Code/Antigravity/Google Antingravity/munitax---dublin-municipality-tax-calculator/backend/tax-engine-service/src/test/java/com/munitax/taxengine/service/W1FilingServiceTest.java",
	"owner": "_generated_diagnostic_collection_name_#6",
	"code": "16778128",
	"severity": 4,
	"message": "Null type safety: The expression of type 'W1Filing' needs unchecked conversion to conform to '@NonNull W1Filing'",
	"source": "Java",
	"startLineNumber": 187,
	"startColumn": 38,
	"endLineNumber": 187,
	"endColumn": 57,
	"origin": "extHost1"
},{
	"resource": "/Users/shashank/Documents/Code/Antigravity/Google Antingravity/munitax---dublin-municipality-tax-calculator/backend/tax-engine-service/src/test/java/com/munitax/taxengine/service/W1FilingServiceTest.java",
	"owner": "_generated_diagnostic_collection_name_#6",
	"code": "16778128",
	"severity": 4,
	"message": "Null type safety: The expression of type 'W1Filing' needs unchecked conversion to conform to '@NonNull W1Filing'",
	"source": "Java",
	"startLineNumber": 194,
	"startColumn": 51,
	"endLineNumber": 194,
	"endColumn": 152,
	"origin": "extHost1"
},{
	"resource": "/Users/shashank/Documents/Code/Antigravity/Google Antingravity/munitax---dublin-municipality-tax-calculator/backend/tenant-service/src/main/java/com/munitax/tenant/config/CurrentTenantIdentifierResolverImpl.java",
	"owner": "_generated_diagnostic_collection_name_#6",
	"code": "16777788",
	"severity": 4,
	"message": "CurrentTenantIdentifierResolver is a raw type. References to generic type CurrentTenantIdentifierResolver<T> should be parameterized",
	"source": "Java",
	"startLineNumber": 7,
	"startColumn": 61,
	"endLineNumber": 7,
	"endColumn": 92,
	"origin": "extHost1"
},{
	"resource": "/Users/shashank/Documents/Code/Antigravity/Google Antingravity/munitax---dublin-municipality-tax-calculator/backend/tenant-service/src/main/java/com/munitax/tenant/config/HibernateConfig.java",
	"owner": "_generated_diagnostic_collection_name_#6",
	"code": "268435844",
	"severity": 4,
	"message": "The import org.hibernate.cfg.Environment is never used",
	"source": "Java",
	"startLineNumber": 3,
	"startColumn": 8,
	"endLineNumber": 3,
	"endColumn": 37,
	"tags": [
		1
	],
	"origin": "extHost1"
},{
	"resource": "/Users/shashank/Documents/Code/Antigravity/Google Antingravity/munitax---dublin-municipality-tax-calculator/backend/tenant-service/src/main/java/com/munitax/tenant/config/HibernateConfig.java",
	"owner": "_generated_diagnostic_collection_name_#6",
	"code": "16777788",
	"severity": 4,
	"message": "MultiTenantConnectionProvider is a raw type. References to generic type MultiTenantConnectionProvider<T> should be parameterized",
	"source": "Java",
	"startLineNumber": 34,
	"startColumn": 13,
	"endLineNumber": 34,
	"endColumn": 42,
	"origin": "extHost1"
},{
	"resource": "/Users/shashank/Documents/Code/Antigravity/Google Antingravity/munitax---dublin-municipality-tax-calculator/backend/tenant-service/src/main/java/com/munitax/tenant/config/HibernateConfig.java",
	"owner": "_generated_diagnostic_collection_name_#6",
	"code": "16777788",
	"severity": 4,
	"message": "CurrentTenantIdentifierResolver is a raw type. References to generic type CurrentTenantIdentifierResolver<T> should be parameterized",
	"source": "Java",
	"startLineNumber": 35,
	"startColumn": 13,
	"endLineNumber": 35,
	"endColumn": 44,
	"origin": "extHost1"
},{
	"resource": "/Users/shashank/Documents/Code/Antigravity/Google Antingravity/munitax---dublin-municipality-tax-calculator/backend/tenant-service/src/main/java/com/munitax/tenant/config/HibernateConfig.java",
	"owner": "_generated_diagnostic_collection_name_#6",
	"code": "16778128",
	"severity": 4,
	"message": "Null type safety: The expression of type 'DataSource' needs unchecked conversion to conform to '@NonNull DataSource'",
	"source": "Java",
	"startLineNumber": 39,
	"startColumn": 26,
	"endLineNumber": 39,
	"endColumn": 36,
	"origin": "extHost1"
},{
	"resource": "/Users/shashank/Documents/Code/Antigravity/Google Antingravity/munitax---dublin-municipality-tax-calculator/backend/tenant-service/src/main/java/com/munitax/tenant/config/MultiTenantConnectionProviderImpl.java",
	"owner": "_generated_diagnostic_collection_name_#6",
	"code": "16777788",
	"severity": 4,
	"message": "MultiTenantConnectionProvider is a raw type. References to generic type MultiTenantConnectionProvider<T> should be parameterized",
	"source": "Java",
	"startLineNumber": 11,
	"startColumn": 59,
	"endLineNumber": 11,
	"endColumn": 88,
	"origin": "extHost1"
},{
	"resource": "/Users/shashank/Documents/Code/Antigravity/Google Antingravity/munitax---dublin-municipality-tax-calculator/backend/tenant-service/src/main/java/com/munitax/tenant/config/MultiTenantConnectionProviderImpl.java",
	"owner": "_generated_diagnostic_collection_name_#6",
	"code": "16777788",
	"severity": 4,
	"message": "Class is a raw type. References to generic type Class<T> should be parameterized",
	"source": "Java",
	"startLineNumber": 48,
	"startColumn": 36,
	"endLineNumber": 48,
	"endColumn": 41,
	"origin": "extHost1"
},{
	"resource": "/Users/shashank/Documents/Code/Antigravity/Google Antingravity/munitax---dublin-municipality-tax-calculator/backend/tenant-service/src/main/java/com/munitax/tenant/service/SessionService.java",
	"owner": "_generated_diagnostic_collection_name_#6",
	"code": "16778128",
	"severity": 4,
	"message": "Null type safety: The expression of type 'String' needs unchecked conversion to conform to '@NonNull String'",
	"source": "Java",
	"startLineNumber": 44,
	"startColumn": 43,
	"endLineNumber": 44,
	"endColumn": 52,
	"origin": "extHost1"
},{
	"resource": "/Users/shashank/Documents/Code/Antigravity/Google Antingravity/munitax---dublin-municipality-tax-calculator/backend/tenant-service/src/main/java/com/munitax/tenant/service/SessionService.java",
	"owner": "_generated_diagnostic_collection_name_#6",
	"code": "16778128",
	"severity": 4,
	"message": "Null type safety: The expression of type 'String' needs unchecked conversion to conform to '@NonNull String'",
	"source": "Java",
	"startLineNumber": 49,
	"startColumn": 43,
	"endLineNumber": 49,
	"endColumn": 52,
	"origin": "extHost1"
},{
	"resource": "/Users/shashank/Documents/Code/Antigravity/Google Antingravity/munitax---dublin-municipality-tax-calculator/backend/tenant-service/src/main/java/com/munitax/tenant/service/SessionService.java",
	"owner": "_generated_diagnostic_collection_name_#6",
	"code": "16778128",
	"severity": 4,
	"message": "Null type safety: The expression of type 'String' needs unchecked conversion to conform to '@NonNull String'",
	"source": "Java",
	"startLineNumber": 73,
	"startColumn": 38,
	"endLineNumber": 73,
	"endColumn": 47,
	"origin": "extHost1"
},{
	"resource": "/Users/shashank/Documents/Code/Antigravity/Google Antingravity/munitax---dublin-municipality-tax-calculator/backend/tenant-service/src/main/java/com/munitax/tenant/service/SessionService.java",
	"owner": "_generated_diagnostic_collection_name_#6",
	"code": "16778128",
	"severity": 4,
	"message": "Null type safety: The expression of type 'List<TaxReturnSession>' needs unchecked conversion to conform to '@NonNull Iterable<? extends TaxReturnSession>'",
	"source": "Java",
	"startLineNumber": 79,
	"startColumn": 37,
	"endLineNumber": 79,
	"endColumn": 45,
	"origin": "extHost1"
},{
	"resource": "/Users/shashank/Documents/Code/Antigravity/Google Antingravity/munitax---dublin-municipality-tax-calculator/backend/auth-service/src/main/java/com/munitax/auth/service/UserManagementService.java",
	"owner": "_generated_diagnostic_collection_name_#6",
	"code": "536871362",
	"severity": 2,
	"message": "TODO: Add EmailService for verification emails",
	"source": "Java",
	"startLineNumber": 22,
	"startColumn": 8,
	"endLineNumber": 22,
	"endColumn": 54,
	"origin": "extHost1"
},{
	"resource": "/Users/shashank/Documents/Code/Antigravity/Google Antingravity/munitax---dublin-municipality-tax-calculator/backend/auth-service/src/main/java/com/munitax/auth/service/UserManagementService.java",
	"owner": "_generated_diagnostic_collection_name_#6",
	"code": "536871362",
	"severity": 2,
	"message": "TODO: Send password reset email",
	"source": "Java",
	"startLineNumber": 117,
	"startColumn": 12,
	"endLineNumber": 117,
	"endColumn": 43,
	"origin": "extHost1"
},{
	"resource": "/Users/shashank/Documents/Code/Antigravity/Google Antingravity/munitax---dublin-municipality-tax-calculator/backend/submission-service/src/main/java/com/munitax/submission/service/EmailNotificationService.java",
	"owner": "_generated_diagnostic_collection_name_#6",
	"code": "536871362",
	"severity": 2,
	"message": "TODO: Integrate with actual email service",
	"source": "Java",
	"startLineNumber": 271,
	"startColumn": 12,
	"endLineNumber": 271,
	"endColumn": 53,
	"origin": "extHost1"
},{
	"resource": "/Users/shashank/Documents/Code/Antigravity/Google Antingravity/munitax---dublin-municipality-tax-calculator/backend/submission-service/src/main/java/com/munitax/submission/service/EmailNotificationService.java",
	"owner": "_generated_diagnostic_collection_name_#6",
	"code": "536871362",
	"severity": 2,
	"message": "TODO: Retrieve actual email from user/taxpayer record",
	"source": "Java",
	"startLineNumber": 291,
	"startColumn": 12,
	"endLineNumber": 291,
	"endColumn": 65,
	"origin": "extHost1"
},{
	"resource": "/Users/shashank/Documents/Code/Antigravity/Google Antingravity/munitax---dublin-municipality-tax-calculator/backend/tax-engine-service/src/main/java/com/munitax/taxengine/controller/ScheduleXController.java",
	"owner": "_generated_diagnostic_collection_name_#6",
	"code": "536871362",
	"severity": 2,
	"message": "TODO: Implement multi-year query",
	"source": "Java",
	"startLineNumber": 75,
	"startColumn": 12,
	"endLineNumber": 75,
	"endColumn": 44,
	"origin": "extHost1"
},{
	"resource": "/Users/shashank/Documents/Code/Antigravity/Google Antingravity/munitax---dublin-municipality-tax-calculator/backend/tax-engine-service/src/main/java/com/munitax/taxengine/controller/ScheduleXController.java",
	"owner": "_generated_diagnostic_collection_name_#6",
	"code": "536871362",
	"severity": 2,
	"message": "TODO: Implement AI extraction via extraction-service",
	"source": "Java",
	"startLineNumber": 97,
	"startColumn": 12,
	"endLineNumber": 97,
	"endColumn": 64,
	"origin": "extHost1"
},{
	"resource": "/Users/shashank/Documents/Code/Antigravity/Google Antingravity/munitax---dublin-municipality-tax-calculator/backend/tax-engine-service/src/main/java/com/munitax/taxengine/service/ApportionmentService.java",
	"owner": "_generated_diagnostic_collection_name_#6",
	"code": "536871362",
	"severity": 2,
	"message": "TODO: Replace with actual authentication service",
	"source": "Java",
	"startLineNumber": 30,
	"startColumn": 8,
	"endLineNumber": 30,
	"endColumn": 56,
	"origin": "extHost1"
}]